Component: ARM Compiler 6.16 Tool: armlink [5dfeaa00]

==============================================================================

Section Cross References

    main.o(.text.main) refers to 454software.o(.text.init_454) for init_454
    main.o(.text.main) refers to main.o(.rodata.str1.1) for .L.str
    main.o(.text.main) refers to printfa.o(i.__0printf) for printf
    main.o(.text.main) refers to queue.o(.text.xQueueCreateMutex) for xQueueCreateMutex
    main.o(.text.main) refers to rtos_level.o(.bss.RtSample_Mutex) for RtSample_Mutex
    main.o(.text.main) refers to queue.o(.text.xQueueGenericCreate) for xQueueGenericCreate
    main.o(.text.main) refers to rtos_level.o(.bss.iicCollect_Ready_Semaphore) for iicCollect_Ready_Semaphore
    main.o(.text.main) refers to rtos_level.o(.bss.iicCollect_Start_Semaphore) for iicCollect_Start_Semaphore
    main.o(.text.main) refers to 454software.o(.bss.USART0_RX_xQueue) for USART0_RX_xQueue
    main.o(.text.main) refers to 454software.o(.text.motor_control) for motor_control
    main.o(.text.main) refers to 454software.o(.text.delay_ms_454) for delay_ms_454
    main.o(.text.main) refers to main.o(.text.led_toggle) for led_toggle
    main.o(.text.main) refers to tasks.o(.text.xTaskCreate) for xTaskCreate
    main.o(.text.main) refers to tasks.o(.text.vTaskStartScheduler) for vTaskStartScheduler
    main.o(.ARM.exidx.text.main) refers to main.o(.text.main) for [Anonymous Symbol]
    main.o(.text.led_toggle) refers to 454software.o(.text.RtcTimeConfig) for RtcTimeConfig
    main.o(.text.led_toggle) refers to gd32f4xx_gpio.o(.text.gpio_bit_toggle) for gpio_bit_toggle
    main.o(.text.led_toggle) refers to tasks.o(.text.vTaskDelay) for vTaskDelay
    main.o(.text.led_toggle) refers to 454software.o(.text.rtc_show_time) for rtc_show_time
    main.o(.ARM.exidx.text.led_toggle) refers to main.o(.text.led_toggle) for [Anonymous Symbol]
    main.o(.text.Test_report) refers to gd32f4xx_gpio.o(.text.gpio_bit_toggle) for gpio_bit_toggle
    main.o(.text.Test_report) refers to tasks.o(.text.vTaskDelay) for vTaskDelay
    main.o(.ARM.exidx.text.Test_report) refers to main.o(.text.Test_report) for [Anonymous Symbol]
    main.o(.text.iicTask) refers to rtos_level.o(.bss.iicCollect_Start_Semaphore) for iicCollect_Start_Semaphore
    main.o(.text.iicTask) refers to queue.o(.text.xQueueSemaphoreTake) for xQueueSemaphoreTake
    main.o(.text.iicTask) refers to 454software.o(.text.P13_get) for P13_get
    main.o(.text.iicTask) refers to 454software.o(.bss.flow_P13) for flow_P13
    main.o(.text.iicTask) refers to 454software.o(.text.P12_get) for P12_get
    main.o(.text.iicTask) refers to 454software.o(.bss.pressure_P12) for pressure_P12
    main.o(.text.iicTask) refers to 454software.o(.text.P14_get) for P14_get
    main.o(.text.iicTask) refers to 454software.o(.bss.flow_P14) for flow_P14
    main.o(.text.iicTask) refers to 454software.o(.text.P10_get) for P10_get
    main.o(.text.iicTask) refers to 454software.o(.bss.pressure_P10) for pressure_P10
    main.o(.text.iicTask) refers to 454software.o(.text.P15_get) for P15_get
    main.o(.text.iicTask) refers to 454software.o(.bss.flow_P15) for flow_P15
    main.o(.text.iicTask) refers to 454software.o(.text.P11_get) for P11_get
    main.o(.text.iicTask) refers to 454software.o(.bss.pressure_P11) for pressure_P11
    main.o(.text.iicTask) refers to rtos_level.o(.bss.iicCollect_Ready_Semaphore) for iicCollect_Ready_Semaphore
    main.o(.text.iicTask) refers to queue.o(.text.xQueueGenericSend) for xQueueGenericSend
    main.o(.ARM.exidx.text.iicTask) refers to main.o(.text.iicTask) for [Anonymous Symbol]
    main.o(.text.gTaskRtSample) refers to tasks.o(.text.xTaskGetTickCount) for xTaskGetTickCount
    main.o(.text.gTaskRtSample) refers to tasks.o(.text.xTaskDelayUntil) for xTaskDelayUntil
    main.o(.text.gTaskRtSample) refers to rtos_level.o(.bss.iicCollect_Start_Semaphore) for iicCollect_Start_Semaphore
    main.o(.text.gTaskRtSample) refers to queue.o(.text.xQueueGenericSend) for xQueueGenericSend
    main.o(.text.gTaskRtSample) refers to rtos_level.o(.bss.iicCollect_Ready_Semaphore) for iicCollect_Ready_Semaphore
    main.o(.text.gTaskRtSample) refers to queue.o(.text.xQueueSemaphoreTake) for xQueueSemaphoreTake
    main.o(.text.gTaskRtSample) refers to rtos_level.o(.bss.RtSample_Mutex) for RtSample_Mutex
    main.o(.text.gTaskRtSample) refers to rtos_level.o(.bss.RtSample) for RtSample
    main.o(.text.gTaskRtSample) refers to 454software.o(.text.P7_get) for P7_get
    main.o(.text.gTaskRtSample) refers to 454software.o(.text.P9_get) for P9_get
    main.o(.text.gTaskRtSample) refers to 454software.o(.bss.motor_status) for motor_status
    main.o(.text.gTaskRtSample) refers to 454software.o(.bss.pressure_P10) for pressure_P10
    main.o(.text.gTaskRtSample) refers to 454software.o(.bss.pressure_P11) for pressure_P11
    main.o(.text.gTaskRtSample) refers to 454software.o(.bss.pressure_P12) for pressure_P12
[...]
    pxReadyTasksLists                        0x2000012c   Data        1120  tasks.o(.bss.pxReadyTasksLists)
    [Anonymous Symbol]                       0x2000012c   Section        0  tasks.o(.bss.pxReadyTasksLists)
    ucHeap                                   0x20000594   Data       20480  heap_4.o(.bss.ucHeap)
    [Anonymous Symbol]                       0x20000594   Section        0  heap_4.o(.bss.ucHeap)
    uxCurrentNumberOfTasks                   0x20005594   Data           4  tasks.o(.bss.uxCurrentNumberOfTasks)
    [Anonymous Symbol]                       0x20005594   Section        0  tasks.o(.bss.uxCurrentNumberOfTasks)
    uxDeletedTasksWaitingCleanUp             0x20005598   Data           4  tasks.o(.bss.uxDeletedTasksWaitingCleanUp)
    [Anonymous Symbol]                       0x20005598   Section        0  tasks.o(.bss.uxDeletedTasksWaitingCleanUp)
    uxSchedulerSuspended                     0x2000559c   Data           4  tasks.o(.bss.uxSchedulerSuspended)
    [Anonymous Symbol]                       0x2000559c   Section        0  tasks.o(.bss.uxSchedulerSuspended)
    uxTaskNumber                             0x200055a0   Data           4  tasks.o(.bss.uxTaskNumber)
    [Anonymous Symbol]                       0x200055a0   Section        0  tasks.o(.bss.uxTaskNumber)
    uxTopReadyPriority                       0x200055a4   Data           4  tasks.o(.bss.uxTopReadyPriority)
    [Anonymous Symbol]                       0x200055a4   Section        0  tasks.o(.bss.uxTopReadyPriority)
    vApplicationGetIdleTaskMemory.Idle_Stack 0x200055a8   Data         512  cmsis_os2.o(.bss.vApplicationGetIdleTaskMemory.Idle_Stack)
    [Anonymous Symbol]                       0x200055a8   Section        0  cmsis_os2.o(.bss.vApplicationGetIdleTaskMemory.Idle_Stack)
    vApplicationGetIdleTaskMemory.Idle_TCB   0x200057a8   Data          92  cmsis_os2.o(.bss.vApplicationGetIdleTaskMemory.Idle_TCB)
    [Anonymous Symbol]                       0x200057a8   Section        0  cmsis_os2.o(.bss.vApplicationGetIdleTaskMemory.Idle_TCB)
    vApplicationGetTimerTaskMemory.Timer_Stack 0x20005804   Data         320  cmsis_os2.o(.bss.vApplicationGetTimerTaskMemory.Timer_Stack)
    [Anonymous Symbol]                       0x20005804   Section        0  cmsis_os2.o(.bss.vApplicationGetTimerTaskMemory.Timer_Stack)
    vApplicationGetTimerTaskMemory.Timer_TCB 0x20005944   Data          92  cmsis_os2.o(.bss.vApplicationGetTimerTaskMemory.Timer_TCB)
    [Anonymous Symbol]                       0x20005944   Section        0  cmsis_os2.o(.bss.vApplicationGetTimerTaskMemory.Timer_TCB)
    xActiveTimerList1                        0x200059a0   Data          20  timers.o(.bss.xActiveTimerList1)
    [Anonymous Symbol]                       0x200059a0   Section        0  timers.o(.bss.xActiveTimerList1)
    xActiveTimerList2                        0x200059b4   Data          20  timers.o(.bss.xActiveTimerList2)
    [Anonymous Symbol]                       0x200059b4   Section        0  timers.o(.bss.xActiveTimerList2)
    xDelayedTaskList1                        0x200059c8   Data          20  tasks.o(.bss.xDelayedTaskList1)
    [Anonymous Symbol]                       0x200059c8   Section        0  tasks.o(.bss.xDelayedTaskList1)
    xDelayedTaskList2                        0x200059dc   Data          20  tasks.o(.bss.xDelayedTaskList2)
    [Anonymous Symbol]                       0x200059dc   Section        0  tasks.o(.bss.xDelayedTaskList2)
    xFreeBytesRemaining                      0x200059f0   Data           4  heap_4.o(.bss.xFreeBytesRemaining)
    [Anonymous Symbol]                       0x200059f0   Section        0  heap_4.o(.bss.xFreeBytesRemaining)
    xIdleTaskHandle                          0x200059f4   Data           4  tasks.o(.bss.xIdleTaskHandle)
    [Anonymous Symbol]                       0x200059f4   Section        0  tasks.o(.bss.xIdleTaskHandle)
    xMinimumEverFreeBytesRemaining           0x200059f8   Data           4  heap_4.o(.bss.xMinimumEverFreeBytesRemaining)
    [Anonymous Symbol]                       0x200059f8   Section        0  heap_4.o(.bss.xMinimumEverFreeBytesRemaining)
    xNextTaskUnblockTime                     0x200059fc   Data           4  tasks.o(.bss.xNextTaskUnblockTime)
    [Anonymous Symbol]                       0x200059fc   Section        0  tasks.o(.bss.xNextTaskUnblockTime)
    xNumOfOverflows                          0x20005a00   Data           4  tasks.o(.bss.xNumOfOverflows)
    [Anonymous Symbol]                       0x20005a00   Section        0  tasks.o(.bss.xNumOfOverflows)
    xNumberOfSuccessfulAllocations           0x20005a04   Data           4  heap_4.o(.bss.xNumberOfSuccessfulAllocations)
    [Anonymous Symbol]                       0x20005a04   Section        0  heap_4.o(.bss.xNumberOfSuccessfulAllocations)
    xNumberOfSuccessfulFrees                 0x20005a08   Data           4  heap_4.o(.bss.xNumberOfSuccessfulFrees)
    [Anonymous Symbol]                       0x20005a08   Section        0  heap_4.o(.bss.xNumberOfSuccessfulFrees)
    xPendedTicks                             0x20005a0c   Data           4  tasks.o(.bss.xPendedTicks)
    [Anonymous Symbol]                       0x20005a0c   Section        0  tasks.o(.bss.xPendedTicks)
    xPendingReadyList                        0x20005a10   Data          20  tasks.o(.bss.xPendingReadyList)
    [Anonymous Symbol]                       0x20005a10   Section        0  tasks.o(.bss.xPendingReadyList)
    xSchedulerRunning                        0x20005a24   Data           4  tasks.o(.bss.xSchedulerRunning)
    [Anonymous Symbol]                       0x20005a24   Section        0  tasks.o(.bss.xSchedulerRunning)
    xStart                                   0x20005a28   Data           8  heap_4.o(.bss.xStart)
    [Anonymous Symbol]                       0x20005a28   Section        0  heap_4.o(.bss.xStart)
    xSuspendedTaskList                       0x20005a30   Data          20  tasks.o(.bss.xSuspendedTaskList)
    [Anonymous Symbol]                       0x20005a30   Section        0  tasks.o(.bss.xSuspendedTaskList)
    xTasksWaitingTermination                 0x20005a44   Data          20  tasks.o(.bss.xTasksWaitingTermination)
    [Anonymous Symbol]                       0x20005a44   Section        0  tasks.o(.bss.xTasksWaitingTermination)
    xTickCount                               0x20005a58   Data           4  tasks.o(.bss.xTickCount)
    [Anonymous Symbol]                       0x20005a58   Section        0  tasks.o(.bss.xTickCount)
    xTimerQueue                              0x20005a5c   Data           4  timers.o(.bss.xTimerQueue)
    [Anonymous Symbol]                       0x20005a5c   Section        0  timers.o(.bss.xTimerQueue)
    xTimerTaskHandle                         0x20005a60   Data           4  timers.o(.bss.xTimerTaskHandle)
    [Anonymous Symbol]                       0x20005a60   Section        0  timers.o(.bss.xTimerTaskHandle)
    xYieldPending                            0x20005a64   Data           4  tasks.o(.bss.xYieldPending)
    [Anonymous Symbol]                       0x20005a64   Section        0  tasks.o(.bss.xYieldPending)
    STACK                                    0x20005a68   Section    51200  startup_gd32f450_470.o(STACK)

    Global Symbols

    Symbol Name                              Value     Ov Type        Size  Object(Section)

    BuildAttributes$$THM_ISAv4$E$P$D$K$B$S$7EM$VFPi3$EXTD16$VFPS$VFMA$PE$A:L22UL41UL21$X:L11$S22US41US21$IEEE1$IW$~IW$USESV6$~STKCKD$USESV7$~SHL$OTIME$ROPI$IEEEX$EBA8$MICROLIB$REQ8$PRES8$EABIv2 0x00000000   Number         0  anon$$obj.o ABSOLUTE
    __cpp_initialize__aeabi_                  - Undefined Weak Reference
    __cxa_finalize                            - Undefined Weak Reference
    __decompress                              - Undefined Weak Reference
    _clock_init                               - Undefined Weak Reference
    _microlib_exit                            - Undefined Weak Reference
    __Vectors_Size                           0x000001ac   Number         0  startup_gd32f450_470.o ABSOLUTE
    __Vectors                                0x08000000   Data           4  startup_gd32f450_470.o(RESET)
    __Vectors_End                            0x080001ac   Data           0  startup_gd32f450_470.o(RESET)
    __main                                   0x080001ad   Thumb Code     0  entry.o(.ARM.Collect$$$$00000000)
    _main_stk                                0x080001ad   Thumb Code     0  entry2.o(.ARM.Collect$$$$00000001)
    _main_scatterload                        0x080001b1   Thumb Code     0  entry5.o(.ARM.Collect$$$$00000004)
    __main_after_scatterload                 0x080001b5   Thumb Code     0  entry5.o(.ARM.Collect$$$$00000004)
    _main_clock                              0x080001b5   Thumb Code     0  entry7b.o(.ARM.Collect$$$$00000008)
    _main_cpp_init                           0x080001b5   Thumb Code     0  entry8b.o(.ARM.Collect$$$$0000000A)
    _main_init                               0x080001b5   Thumb Code     0  entry9a.o(.ARM.Collect$$$$0000000B)
    __rt_final_cpp                           0x080001bd   Thumb Code     0  entry10a.o(.ARM.Collect$$$$0000000D)
    __rt_final_exit                          0x080001bd   Thumb Code     0  entry11a.o(.ARM.Collect$$$$0000000F)
    Reset_Handler                            0x080001c1   Thumb Code     8  startup_gd32f450_470.o(.text)
    NMI_Handler                              0x080001c9   Thumb Code     2  startup_gd32f450_470.o(.text)
    HardFault_Handler                        0x080001cb   Thumb Code     2  startup_gd32f450_470.o(.text)
    MemManage_Handler                        0x080001cd   Thumb Code     2  startup_gd32f450_470.o(.text)
    BusFault_Handler                         0x080001cf   Thumb Code     2  startup_gd32f450_470.o(.text)
    UsageFault_Handler                       0x080001d1   Thumb Code     2  startup_gd32f450_470.o(.text)
    DebugMon_Handler                         0x080001d5   Thumb Code     2  startup_gd32f450_470.o(.text)
    ADC_IRQHandler                           0x080001db   Thumb Code     0  startup_gd32f450_470.o(.text)
    CAN0_EWMC_IRQHandler                     0x080001db   Thumb Code     0  startup_gd32f450_470.o(.text)
    CAN0_RX0_IRQHandler                      0x080001db   Thumb Code     0  startup_gd32f450_470.o(.text)
    CAN0_RX1_IRQHandler                      0x080001db   Thumb Code     0  startup_gd32f450_470.o(.text)
    CAN0_TX_IRQHandler                       0x080001db   Thumb Code     0  startup_gd32f450_470.o(.text)
    CAN1_EWMC_IRQHandler                     0x080001db   Thumb Code     0  startup_gd32f450_470.o(.text)
    CAN1_RX0_IRQHandler                      0x080001db   Thumb Code     0  startup_gd32f450_470.o(.text)
    CAN1_RX1_IRQHandler                      0x080001db   Thumb Code     0  startup_gd32f450_470.o(.text)
    CAN1_TX_IRQHandler                       0x080001db   Thumb Code     0  startup_gd32f450_470.o(.text)
    DCI_IRQHandler                           0x080001db   Thumb Code     0  startup_gd32f450_470.o(.text)
    DMA0_Channel0_IRQHandler                 0x080001db   Thumb Code     0  startup_gd32f450_470.o(.text)
    DMA0_Channel2_IRQHandler                 0x080001db   Thumb Code     0  startup_gd32f450_470.o(.text)
    DMA0_Channel3_IRQHandler                 0x080001db   Thumb Code     0  startup_gd32f450_470.o(.text)
    DMA0_Channel4_IRQHandler                 0x080001db   Thumb Code     0  startup_gd32f450_470.o(.text)
    DMA0_Channel5_IRQHandler                 0x080001db   Thumb Code     0  startup_gd32f450_470.o(.text)
    DMA0_Channel6_IRQHandler                 0x080001db   Thumb Code     0  startup_gd32f450_470.o(.text)
    DMA0_Channel7_IRQHandler                 0x080001db   Thumb Code     0  startup_gd32f450_470.o(.text)
    DMA1_Channel1_IRQHandler                 0x080001db   Thumb Code     0  startup_gd32f450_470.o(.text)
    DMA1_Channel2_IRQHandler                 0x080001db   Thumb Code     0  startup_gd32f450_470.o(.text)
    DMA1_Channel3_IRQHandler                 0x080001db   Thumb Code     0  startup_gd32f450_470.o(.text)
    DMA1_Channel4_IRQHandler                 0x080001db   Thumb Code     0  startup_gd32f450_470.o(.text)
    DMA1_Channel5_IRQHandler                 0x080001db   Thumb Code     0  startup_gd32f450_470.o(.text)
    DMA1_Channel6_IRQHandler                 0x080001db   Thumb Code     0  startup_gd32f450_470.o(.text)
    DMA1_Channel7_IRQHandler                 0x080001db   Thumb Code     0  startup_gd32f450_470.o(.text)
    ENET_IRQHandler                          0x080001db   Thumb Code     0  startup_gd32f450_470.o(.text)
    ENET_WKUP_IRQHandler                     0x080001db   Thumb Code     0  startup_gd32f450_470.o(.text)
    EXMC_IRQHandler                          0x080001db   Thumb Code     0  startup_gd32f450_470.o(.text)
    EXTI0_IRQHandler                         0x080001db   Thumb Code     0  startup_gd32f450_470.o(.text)
    EXTI10_15_IRQHandler                     0x080001db   Thumb Code     0  startup_gd32f450_470.o(.text)
    EXTI1_IRQHandler                         0x080001db   Thumb Code     0  startup_gd32f450_470.o(.text)
    EXTI2_IRQHandler                         0x080001db   Thumb Code     0  startup_gd32f450_470.o(.text)
    EXTI3_IRQHandler                         0x080001db   Thumb Code     0  startup_gd32f450_470.o(.text)
    EXTI4_IRQHandler                         0x080001db   Thumb Code     0  startup_gd32f450_470.o(.text)
    EXTI5_9_IRQHandler                       0x080001db   Thumb Code     0  startup_gd32f450_470.o(.text)
    FMC_IRQHandler                           0x080001db   Thumb Code     0  startup_gd32f450_470.o(.text)
    FPU_IRQHandler                           0x080001db   Thumb Code     0  startup_gd32f450_470.o(.text)
    I2C0_ER_IRQHandler                       0x080001db   Thumb Code     0  startup_gd32f450_470.o(.text)
    I2C0_EV_IRQHandler                       0x080001db   Thumb Code     0  startup_gd32f450_470.o(.text)
    I2C1_ER_IRQHandler                       0x080001db   Thumb Code     0  startup_gd32f450_470.o(.text)
    I2C2_ER_IRQHandler                       0x080001db   Thumb Code     0  startup_gd32f450_470.o(.text)
    I2C2_EV_IRQHandler                       0x080001db   Thumb Code     0  startup_gd32f450_470.o(.text)
    IPA_IRQHandler                           0x080001db   Thumb Code     0  startup_gd32f450_470.o(.text)
    LVD_IRQHandler                           0x080001db   Thumb Code     0  startup_gd32f450_470.o(.text)
    RCU_CTC_IRQHandler                       0x080001db   Thumb Code     0  startup_gd32f450_470.o(.text)
    RTC_Alarm_IRQHandler                     0x080001db   Thumb Code     0  startup_gd32f450_470.o(.text)
    RTC_WKUP_IRQHandler                      0x080001db   Thumb Code     0  startup_gd32f450_470.o(.text)
    SDIO_IRQHandler                          0x080001db   Thumb Code     0  startup_gd32f450_470.o(.text)
    SPI0_IRQHandler                          0x080001db   Thumb Code     0  startup_gd32f450_470.o(.text)
    SPI1_IRQHandler                          0x080001db   Thumb Code     0  startup_gd32f450_470.o(.text)
    SPI2_IRQHandler                          0x080001db   Thumb Code     0  startup_gd32f450_470.o(.text)
    SPI3_IRQHandler                          0x080001db   Thumb Code     0  startup_gd32f450_470.o(.text)
    SPI4_IRQHandler                          0x080001db   Thumb Code     0  startup_gd32f450_470.o(.text)
    SPI5_IRQHandler                          0x080001db   Thumb Code     0  startup_gd32f450_470.o(.text)
    TAMPER_STAMP_IRQHandler                  0x080001db   Thumb Code     0  startup_gd32f450_470.o(.text)
    TIMER0_BRK_TIMER8_IRQHandler             0x080001db   Thumb Code     0  startup_gd32f450_470.o(.text)
    TIMER0_Channel_IRQHandler                0x080001db   Thumb Code     0  startup_gd32f450_470.o(.text)
    TIMER0_TRG_CMT_TIMER10_IRQHandler        0x080001db   Thumb Code     0  startup_gd32f450_470.o(.text)
    TIMER0_UP_TIMER9_IRQHandler              0x080001db   Thumb Code     0  startup_gd32f450_470.o(.text)
    TIMER1_IRQHandler                        0x080001db   Thumb Code     0  startup_gd32f450_470.o(.text)
    TIMER2_IRQHandler                        0x080001db   Thumb Code     0  startup_gd32f450_470.o(.text)
    TIMER3_IRQHandler                        0x080001db   Thumb Code     0  startup_gd32f450_470.o(.text)
    TIMER5_DAC_IRQHandler                    0x080001db   Thumb Code     0  startup_gd32f450_470.o(.text)
    TIMER6_IRQHandler                        0x080001db   Thumb Code     0  startup_gd32f450_470.o(.text)
    TIMER7_BRK_TIMER11_IRQHandler            0x080001db   Thumb Code     0  startup_gd32f450_470.o(.text)
    TIMER7_Channel_IRQHandler                0x080001db   Thumb Code     0  startup_gd32f450_470.o(.text)
    TIMER7_TRG_CMT_TIMER13_IRQHandler        0x080001db   Thumb Code     0  startup_gd32f450_470.o(.text)
    TIMER7_UP_TIMER12_IRQHandler             0x080001db   Thumb Code     0  startup_gd32f450_470.o(.text)
    TLI_ER_IRQHandler                        0x080001db   Thumb Code     0  startup_gd32f450_470.o(.text)
    TLI_IRQHandler                           0x080001db   Thumb Code     0  startup_gd32f450_470.o(.text)
    TRNG_IRQHandler                          0x080001db   Thumb Code     0  startup_gd32f450_470.o(.text)
    UART3_IRQHandler                         0x080001db   Thumb Code     0  startup_gd32f450_470.o(.text)
    UART4_IRQHandler                         0x080001db   Thumb Code     0  startup_gd32f450_470.o(.text)
    UART6_IRQHandler                         0x080001db   Thumb Code     0  startup_gd32f450_470.o(.text)
    UART7_IRQHandler                         0x080001db   Thumb Code     0  startup_gd32f450_470.o(.text)
    USART1_IRQHandler                        0x080001db   Thumb Code     0  startup_gd32f450_470.o(.text)
    USART2_IRQHandler                        0x080001db   Thumb Code     0  startup_gd32f450_470.o(.text)
    USART5_IRQHandler                        0x080001db   Thumb Code     0  startup_gd32f450_470.o(.text)
    USBFS_IRQHandler                         0x080001db   Thumb Code     0  startup_gd32f450_470.o(.text)
    USBFS_WKUP_IRQHandler                    0x080001db   Thumb Code     0  startup_gd32f450_470.o(.text)
    USBHS_EP1_In_IRQHandler                  0x080001db   Thumb Code     0  startup_gd32f450_470.o(.text)
    USBHS_EP1_Out_IRQHandler                 0x080001db   Thumb Code     0  startup_gd32f450_470.o(.text)
    USBHS_IRQHandler                         0x080001db   Thumb Code     0  startup_gd32f450_470.o(.text)
    USBHS_WKUP_IRQHandler                    0x080001db   Thumb Code     0  startup_gd32f450_470.o(.text)
    WWDGT_IRQHandler                         0x080001db   Thumb Code     0  startup_gd32f450_470.o(.text)
    ___aeabi_memcpy4$move                    0x080001e5   Thumb Code     0  memmovea.o(.text)
    ___aeabi_memcpy8$move                    0x080001e5   Thumb Code     0  memmovea.o(.text)
    __aeabi_memcpy                           0x080001e5   Thumb Code    64  memmovea.o(.text)
    __aeabi_memmove                          0x080001e5   Thumb Code     0  memmovea.o(.text)
    __aeabi_memmove4                         0x080001e5   Thumb Code     0  memmovea.o(.text)
    __aeabi_memmove8                         0x080001e5   Thumb Code     0  memmovea.o(.text)
    __aeabi_memset                           0x08000225   Thumb Code    14  memseta.o(.text)
    __aeabi_memset4                          0x08000225   Thumb Code     0  memseta.o(.text)
    __aeabi_memset8                          0x08000225   Thumb Code     0  memseta.o(.text)
    __aeabi_memclr                           0x08000233   Thumb Code     4  memseta.o(.text)
    __aeabi_memclr4                          0x08000233   Thumb Code     0  memseta.o(.text)
    __aeabi_memclr8                          0x08000233   Thumb Code     0  memseta.o(.text)
    _memset$wrapper                          0x08000237   Thumb Code    18  memseta.o(.text)
    __aeabi_dadd                             0x08000249   Thumb Code   322  dadd.o(.text)
    __aeabi_dsub                             0x0800038b   Thumb Code     6  dadd.o(.text)
    __aeabi_drsub                            0x08000391   Thumb Code     6  dadd.o(.text)
    __aeabi_dmul                             0x08000397   Thumb Code   228  dmul.o(.text)
    __aeabi_ddiv                             0x0800047b   Thumb Code   222  ddiv.o(.text)
    __aeabi_dcmplt                           0x08000559   Thumb Code    54  dcmplt.o(.text)
    __aeabi_dcmpge                           0x0800058f   Thumb Code    54  dcmpge.o(.text)
    __aeabi_dcmpgt                           0x080005c5   Thumb Code    54  dcmpgt.o(.text)
    __aeabi_d2iz                             0x080005fb   Thumb Code    62  dfixi.o(.text)
    __aeabi_f2d                              0x08000639   Thumb Code    38  f2d.o(.text)
    __aeabi_d2f                              0x0800065f   Thumb Code    56  d2f.o(.text)
    __aeabi_uidiv                            0x08000697   Thumb Code     0  uidiv.o(.text)
    __aeabi_uidivmod                         0x08000697   Thumb Code    44  uidiv.o(.text)
    __aeabi_uldivmod                         0x080006c3   Thumb Code    98  uldiv.o(.text)
    __aeabi_llsl                             0x08000725   Thumb Code    30  llshl.o(.text)
    _ll_shift_l                              0x08000725   Thumb Code     0  llshl.o(.text)
    __aeabi_llsr                             0x08000743   Thumb Code    32  llushr.o(.text)
    _ll_ushift_r                             0x08000743   Thumb Code     0  llushr.o(.text)
    __aeabi_lasr                             0x08000763   Thumb Code    36  llsshr.o(.text)
    _ll_sshift_r                             0x08000763   Thumb Code     0  llsshr.o(.text)
    __I$use$fp                               0x08000787   Thumb Code     0  iusefp.o(.text)
    _float_round                             0x08000787   Thumb Code    18  fepilogue.o(.text)
    _float_epilogue                          0x08000799   Thumb Code    92  fepilogue.o(.text)
    _double_round                            0x080007f5   Thumb Code    30  depilogue.o(.text)
    _double_epilogue                         0x08000813   Thumb Code   156  depilogue.o(.text)
    __aeabi_d2ulz                            0x080008af   Thumb Code    48  dfixul.o(.text)
    __aeabi_cdrcmple                         0x080008e1   Thumb Code    48  cdrcmple.o(.text)
    __scatterload                            0x08000911   Thumb Code    28  init.o(.text)
    __scatterload_rt2                        0x08000911   Thumb Code     0  init.o(.text)
    ADC2_DMA_init_454                        0x08000935   Thumb Code   126  454software.o(.text.ADC2_DMA_init_454)
    ADC2_init_454                            0x080009b5   Thumb Code   230  454software.o(.text.ADC2_init_454)
    BcdToDecimal                             0x08000a9d   Thumb Code    82  454software.o(.text.BcdToDecimal)
    DMA0_Channel1_IRQHandler                 0x08000af1   Thumb Code   250  454software.o(.text.DMA0_Channel1_IRQHandler)
    DMA1_Channel0_IRQHandler                 0x08000bf1   Thumb Code   540  454software.o(.text.DMA1_Channel0_IRQHandler)
    DecimalToBcd                             0x08000e0d   Thumb Code    88  454software.o(.text.DecimalToBcd)
    I2C1_EV_IRQHandler                       0x08000e65   Thumb Code     2  454software.o(.text.I2C1_EV_IRQHandler)
    I2C_init_454                             0x08000e69   Thumb Code   422  454software.o(.text.I2C_init_454)
    LED_init_454                             0x08001011   Thumb Code   126  454software.o(.text.LED_init_454)
    MAX31865_CsOff                           0x08001091   Thumb Code    24  454software.o(.text.MAX31865_CsOff)
    MAX31865_CsOn                            0x080010a9   Thumb Code    24  454software.o(.text.MAX31865_CsOn)
    MAX31865_HWInit                          0x080010c1   Thumb Code    20  454software.o(.text.MAX31865_HWInit)
    MAX31865_Spi_WriteByte                   0x080010d5   Thumb Code    24  454software.o(.text.MAX31865_Spi_WriteByte)
    MAX31865_bufWrite                        0x080010ed   Thumb Code    54  454software.o(.text.MAX31865_bufWrite)
    NVIC_init_454                            0x08001125   Thumb Code    48  454software.o(.text.NVIC_init_454)
    PWM_IN_init_454                          0x08001155   Thumb Code   220  454software.o(.text.PWM_IN_init_454)
    PWM_init_454                             0x08001231   Thumb Code   630  454software.o(.text.PWM_init_454)
    PendSV_Handler                           0x080014b1   Thumb Code   100  port.o(.text.PendSV_Handler)
    Pulverizer_init_454                      0x08001515   Thumb Code    52  454software.o(.text.Pulverizer_init_454)
    RCU_init_454                             0x08001549   Thumb Code   206  454software.o(.text.RCU_init_454)
    RTC_init_454                             0x08001619   Thumb Code   222  454software.o(.text.RTC_init_454)
    RtcTimeConfig                            0x080016f9   Thumb Code   282  454software.o(.text.RtcTimeConfig)
    SDIO_init_454                            0x08001815   Thumb Code   180  454software.o(.text.SDIO_init_454)
    SPI1_Transfer                            0x080018c9   Thumb Code   124  454software.o(.text.SPI1_Transfer)
    SPI1_init_454                            0x08001945   Thumb Code   302  454software.o(.text.SPI1_init_454)
    SVC_Handler                              0x08001a81   Thumb Code    36  port.o(.text.SVC_Handler)
    SysTick_Handler                          0x08001aa5   Thumb Code    30  cmsis_os2.o(.text.SysTick_Handler)
    SystemInit                               0x08001ac5   Thumb Code   232  system_gd32f4xx.o(.text.SystemInit)
    TIMER4_IRQHandler                        0x08001bb1   Thumb Code   240  454software.o(.text.TIMER4_IRQHandler)
    TIMER_init_454                           0x08001ca1   Thumb Code    64  454software.o(.text.TIMER_init_454)
    USART0_IRQHandler                        0x08001ce1   Thumb Code   158  454software.o(.text.USART0_IRQHandler)
    USART0_init_454                          0x08001d81   Thumb Code   312  454software.o(.text.USART0_init_454)
    USART2_init_454                          0x08001eb9   Thumb Code   334  454software.o(.text.USART2_init_454)
    YDP_init_454                             0x08002009   Thumb Code    54  454software.o(.text.YDP_init_454)
    adc_calibration_enable                   0x08002041   Thumb Code    60  gd32f4xx_adc.o(.text.adc_calibration_enable)
    adc_channel_length_config                0x0800207d   Thumb Code   142  gd32f4xx_adc.o(.text.adc_channel_length_config)
    adc_clock_config                         0x0800210d   Thumb Code    32  gd32f4xx_adc.o(.text.adc_clock_config)
    adc_data_alignment_config                0x0800212d   Thumb Code    40  gd32f4xx_adc.o(.text.adc_data_alignment_config)
    adc_deinit                               0x08002155   Thumb Code    24  gd32f4xx_adc.o(.text.adc_deinit)
    adc_dma_mode_enable                      0x0800216d   Thumb Code    18  gd32f4xx_adc.o(.text.adc_dma_mode_enable)
    adc_dma_request_after_last_enable        0x08002181   Thumb Code    18  gd32f4xx_adc.o(.text.adc_dma_request_after_last_enable)
    adc_enable                               0x08002195   Thumb Code    30  gd32f4xx_adc.o(.text.adc_enable)
    adc_external_trigger_config              0x080021b5   Thumb Code    86  gd32f4xx_adc.o(.text.adc_external_trigger_config)
    adc_regular_channel_config               0x0800220d   Thumb Code   372  gd32f4xx_adc.o(.text.adc_regular_channel_config)
    adc_resolution_config                    0x08002381   Thumb Code    30  gd32f4xx_adc.o(.text.adc_resolution_config)
    adc_software_trigger_enable              0x080023a1   Thumb Code    60  gd32f4xx_adc.o(.text.adc_software_trigger_enable)
    adc_special_function_config              0x080023dd   Thumb Code   166  gd32f4xx_adc.o(.text.adc_special_function_config)
    adc_sync_mode_config                     0x08002485   Thumb Code    32  gd32f4xx_adc.o(.text.adc_sync_mode_config)
    adc_to_voltage                           0x080024a5   Thumb Code    48  454software.o(.text.adc_to_voltage)
    delay_ms_454                             0x080024d5   Thumb Code   208  454software.o(.text.delay_ms_454)
    dma_channel_disable                      0x080025a5   Thumb Code    34  gd32f4xx_dma.o(.text.dma_channel_disable)
    dma_channel_enable                       0x080025c9   Thumb Code    34  gd32f4xx_dma.o(.text.dma_channel_enable)
    dma_channel_subperipheral_select         0x080025ed   Thumb Code    72  gd32f4xx_dma.o(.text.dma_channel_subperipheral_select)
    dma_deinit                               0x08002635   Thumb Code   220  gd32f4xx_dma.o(.text.dma_deinit)
    dma_interrupt_enable                     0x08002711   Thumb Code    70  gd32f4xx_dma.o(.text.dma_interrupt_enable)
    dma_interrupt_flag_clear                 0x08002759   Thumb Code   102  gd32f4xx_dma.o(.text.dma_interrupt_flag_clear)
    dma_interrupt_flag_get                   0x080027c1   Thumb Code   734  gd32f4xx_dma.o(.text.dma_interrupt_flag_get)
    dma_multi_data_mode_init                 0x08002aa1   Thumb Code   394  gd32f4xx_dma.o(.text.dma_multi_data_mode_init)
    dma_multi_data_para_struct_init          0x08002c2d   Thumb Code    60  gd32f4xx_dma.o(.text.dma_multi_data_para_struct_init)
    dma_single_data_mode_init                0x08002c69   Thumb Code   372  gd32f4xx_dma.o(.text.dma_single_data_mode_init)
    dma_single_data_para_struct_init         0x08002ddd   Thumb Code    48  gd32f4xx_dma.o(.text.dma_single_data_para_struct_init)
    fputc                                    0x08002e0d   Thumb Code    52  454software.o(.text.fputc)
    gpio_af_set                              0x08002e41   Thumb Code   212  gd32f4xx_gpio.o(.text.gpio_af_set)
    gpio_bit_reset                           0x08002f15   Thumb Code    16  gd32f4xx_gpio.o(.text.gpio_bit_reset)
    gpio_bit_set                             0x08002f25   Thumb Code    16  gd32f4xx_gpio.o(.text.gpio_bit_set)
    gpio_bit_toggle                          0x08002f35   Thumb Code    16  gd32f4xx_gpio.o(.text.gpio_bit_toggle)
    gpio_mode_set                            0x08002f45   Thumb Code   156  gd32f4xx_gpio.o(.text.gpio_mode_set)
    gpio_output_options_set                  0x08002fe1   Thumb Code   146  gd32f4xx_gpio.o(.text.gpio_output_options_set)
    i2c_ack_config                           0x08003075   Thumb Code    42  gd32f4xx_i2c.o(.text.i2c_ack_config)
    i2c_clock_config                         0x080030a1   Thumb Code   354  gd32f4xx_i2c.o(.text.i2c_clock_config)
    i2c_deinit                               0x08003205   Thumb Code   116  gd32f4xx_i2c.o(.text.i2c_deinit)
    i2c_enable                               0x08003279   Thumb Code    18  gd32f4xx_i2c.o(.text.i2c_enable)
    i2c_mode_addr_config                     0x0800328d   Thumb Code    64  gd32f4xx_i2c.o(.text.i2c_mode_addr_config)
    init_454                                 0x080032cd   Thumb Code    90  454software.o(.text.init_454)
    led_toggle                               0x08003329   Thumb Code    62  main.o(.text.led_toggle)
    main                                     0x08003369   Thumb Code   172  main.o(.text.main)
    motor_control                            0x08003415   Thumb Code   122  454software.o(.text.motor_control)
    nvic_irq_enable                          0x08003491   Thumb Code   298  gd32f4xx_misc.o(.text.nvic_irq_enable)
    nvic_priority_group_set                  0x080035bd   Thumb Code    28  gd32f4xx_misc.o(.text.nvic_priority_group_set)
    pmu_backup_write_enable                  0x080035d9   Thumb Code    18  gd32f4xx_pmu.o(.text.pmu_backup_write_enable)
    pvPortMalloc                             0x08004389   Thumb Code   390  heap_4.o(.text.pvPortMalloc)
    pxPortInitialiseStack                    0x08004511   Thumb Code    94  port.o(.text.pxPortInitialiseStack)
    rcu_ahb_clock_config                     0x08004571   Thumb Code    36  gd32f4xx_rcu.o(.text.rcu_ahb_clock_config)
    rcu_all_reset_flag_clear                 0x08004595   Thumb Code    18  gd32f4xx_rcu.o(.text.rcu_all_reset_flag_clear)
    rcu_apb1_clock_config                    0x080045a9   Thumb Code    36  gd32f4xx_rcu.o(.text.rcu_apb1_clock_config)
    rcu_clock_freq_get                       0x080045cd   Thumb Code   354  gd32f4xx_rcu.o(.text.rcu_clock_freq_get)
    rcu_flag_get                             0x08004731   Thumb Code    62  gd32f4xx_rcu.o(.text.rcu_flag_get)
    rcu_osci_on                              0x08004771   Thumb Code    40  gd32f4xx_rcu.o(.text.rcu_osci_on)
    rcu_osci_stab_wait                       0x08004799   Thumb Code   754  gd32f4xx_rcu.o(.text.rcu_osci_stab_wait)
    rcu_periph_clock_enable                  0x08004a8d   Thumb Code    40  gd32f4xx_rcu.o(.text.rcu_periph_clock_enable)
    rcu_periph_reset_disable                 0x08004ab5   Thumb Code    40  gd32f4xx_rcu.o(.text.rcu_periph_reset_disable)
    rcu_periph_reset_enable                  0x08004add   Thumb Code    40  gd32f4xx_rcu.o(.text.rcu_periph_reset_enable)
    rcu_rtc_clock_config                     0x08004b05   Thumb Code    36  gd32f4xx_rcu.o(.text.rcu_rtc_clock_config)
    rtc_current_time_get                     0x08004b29   Thumb Code   174  gd32f4xx_rtc.o(.text.rtc_current_time_get)
    rtc_init                                 0x08004bd9   Thumb Code   228  gd32f4xx_rtc.o(.text.rtc_init)
    rtc_init_mode_enter                      0x08004cbd   Thumb Code   138  gd32f4xx_rtc.o(.text.rtc_init_mode_enter)
    rtc_init_mode_exit                       0x08004d49   Thumb Code    18  gd32f4xx_rtc.o(.text.rtc_init_mode_exit)
    rtc_register_sync_wait                   0x08004d5d   Thumb Code   166  gd32f4xx_rtc.o(.text.rtc_register_sync_wait)
    rtc_show_time                            0x08004e05   Thumb Code   112  454software.o(.text.rtc_show_time)
    rtc_timestamp_enable                     0x08004e75   Thumb Code    66  gd32f4xx_rtc.o(.text.rtc_timestamp_enable)
    spi_enable                               0x08004eb9   Thumb Code    18  gd32f4xx_spi.o(.text.spi_enable)
    spi_i2s_data_receive                     0x08004ecd   Thumb Code    14  gd32f4xx_spi.o(.text.spi_i2s_data_receive)
    spi_i2s_data_transmit                    0x08004edd   Thumb Code    20  gd32f4xx_spi.o(.text.spi_i2s_data_transmit)
    spi_i2s_deinit                           0x08004ef1   Thumb Code   218  gd32f4xx_spi.o(.text.spi_i2s_deinit)
    spi_i2s_flag_get                         0x08004fcd   Thumb Code    42  gd32f4xx_spi.o(.text.spi_i2s_flag_get)
    spi_init                                 0x08004ff9   Thumb Code   114  gd32f4xx_spi.o(.text.spi_init)
    timer_auto_reload_shadow_enable          0x080051d5   Thumb Code    18  gd32f4xx_timer.o(.text.timer_auto_reload_shadow_enable)
    timer_autoreload_value_config            0x080051e9   Thumb Code    16  gd32f4xx_timer.o(.text.timer_autoreload_value_config)
    timer_channel_capture_value_register_read 0x080051f9   Thumb Code    74  gd32f4xx_timer.o(.text.timer_channel_capture_value_register_read)
    timer_channel_input_capture_prescaler_config 0x08005245   Thumb Code   140  gd32f4xx_timer.o(.text.timer_channel_input_capture_prescaler_config)
    timer_channel_output_config              0x080052d1   Thumb Code   712  gd32f4xx_timer.o(.text.timer_channel_output_config)
    timer_channel_output_mode_config         0x08005599   Thumb Code   140  gd32f4xx_timer.o(.text.timer_channel_output_mode_config)
    timer_channel_output_pulse_value_config  0x08005625   Thumb Code    70  gd32f4xx_timer.o(.text.timer_channel_output_pulse_value_config)
    timer_channel_output_shadow_config       0x0800566d   Thumb Code   140  gd32f4xx_timer.o(.text.timer_channel_output_shadow_config)
    timer_counter_value_config               0x080056f9   Thumb Code    16  gd32f4xx_timer.o(.text.timer_counter_value_config)
    timer_deinit                             0x08005709   Thumb Code   488  gd32f4xx_timer.o(.text.timer_deinit)
    timer_enable                             0x080058f1   Thumb Code    18  gd32f4xx_timer.o(.text.timer_enable)
    timer_flag_clear                         0x08005905   Thumb Code    18  gd32f4xx_timer.o(.text.timer_flag_clear)
    timer_flag_get                           0x08005919   Thumb Code    42  gd32f4xx_timer.o(.text.timer_flag_get)
    timer_init                               0x08005945   Thumb Code   256  gd32f4xx_timer.o(.text.timer_init)
    timer_input_capture_config               0x08005a45   Thumb Code   426  gd32f4xx_timer.o(.text.timer_input_capture_config)
    timer_interrupt_enable                   0x08005bf1   Thumb Code    20  gd32f4xx_timer.o(.text.timer_interrupt_enable)
    timer_interrupt_flag_clear               0x08005c05   Thumb Code    18  gd32f4xx_timer.o(.text.timer_interrupt_flag_clear)
    timer_interrupt_flag_get                 0x08005c19   Thumb Code    58  gd32f4xx_timer.o(.text.timer_interrupt_flag_get)
    usart_baudrate_set                       0x08005c55   Thumb Code   344  gd32f4xx_usart.o(.text.usart_baudrate_set)
    usart_data_receive                       0x08005dad   Thumb Code    16  gd32f4xx_usart.o(.text.usart_data_receive)
    usart_data_transmit                      0x08005dbd   Thumb Code    20  gd32f4xx_usart.o(.text.usart_data_transmit)
    usart_deinit                             0x08005dd1   Thumb Code   286  gd32f4xx_usart.o(.text.usart_deinit)
    usart_disable                            0x08005ef1   Thumb Code    18  gd32f4xx_usart.o(.text.usart_disable)
    usart_dma_receive_config                 0x08005f05   Thumb Code    42  gd32f4xx_usart.o(.text.usart_dma_receive_config)
    usart_dma_transmit_config                0x08005f31   Thumb Code    42  gd32f4xx_usart.o(.text.usart_dma_transmit_config)
    usart_enable                             0x08005f5d   Thumb Code    18  gd32f4xx_usart.o(.text.usart_enable)
    usart_flag_get                           0x08005f71   Thumb Code    58  gd32f4xx_usart.o(.text.usart_flag_get)
    usart_hardware_flow_cts_config           0x08005fad   Thumb Code    42  gd32f4xx_usart.o(.text.usart_hardware_flow_cts_config)
    usart_hardware_flow_rts_config           0x08005fd9   Thumb Code    42  gd32f4xx_usart.o(.text.usart_hardware_flow_rts_config)
    usart_interrupt_enable                   0x08006005   Thumb Code    36  gd32f4xx_usart.o(.text.usart_interrupt_enable)
    usart_interrupt_flag_get                 0x08006029   Thumb Code    94  gd32f4xx_usart.o(.text.usart_interrupt_flag_get)
    usart_parity_config                      0x08006089   Thumb Code    30  gd32f4xx_usart.o(.text.usart_parity_config)
    usart_prescaler_config                   0x080060a9   Thumb Code    34  gd32f4xx_usart.o(.text.usart_prescaler_config)
    usart_receive_config                     0x080060cd   Thumb Code    42  gd32f4xx_usart.o(.text.usart_receive_config)
    usart_stop_bit_set                       0x080060f9   Thumb Code    30  gd32f4xx_usart.o(.text.usart_stop_bit_set)
    usart_transmit_config                    0x08006119   Thumb Code    42  gd32f4xx_usart.o(.text.usart_transmit_config)
    usart_word_length_set                    0x08006145   Thumb Code    30  gd32f4xx_usart.o(.text.usart_word_length_set)
    uxListRemove                             0x08006165   Thumb Code    72  list.o(.text.uxListRemove)
    uxTaskGetNumberOfTasks                   0x080061ad   Thumb Code    12  tasks.o(.text.uxTaskGetNumberOfTasks)
    vApplicationGetIdleTaskMemory            0x080061b9   Thumb Code    42  cmsis_os2.o(.text.vApplicationGetIdleTaskMemory)
    vApplicationGetTimerTaskMemory           0x080061e5   Thumb Code    42  cmsis_os2.o(.text.vApplicationGetTimerTaskMemory)
    vApplicationStackOverflowHook            0x08006211   Thumb Code    30  main.o(.text.vApplicationStackOverflowHook)
    vListInitialise                          0x08006231   Thumb Code    46  list.o(.text.vListInitialise)
    vListInitialiseItem                      0x08006261   Thumb Code    14  list.o(.text.vListInitialiseItem)
    vListInsert                              0x08006271   Thumb Code   106  list.o(.text.vListInsert)
    vPortEnterCritical                       0x080062f1   Thumb Code    48  port.o(.text.vPortEnterCritical)
    vPortExitCritical                        0x08006321   Thumb Code    38  port.o(.text.vPortExitCritical)
    vPortFree                                0x08006349   Thumb Code   118  heap_4.o(.text.vPortFree)
    vPortSetupTimerInterrupt                 0x080063c1   Thumb Code    68  port.o(.text.vPortSetupTimerInterrupt)
    vQueueWaitForMessageRestricted           0x08006405   Thumb Code   100  queue.o(.text.vQueueWaitForMessageRestricted)
    vTaskDelay                               0x08006469   Thumb Code    74  tasks.o(.text.vTaskDelay)
    vTaskInternalSetTimeOutState             0x080064b5   Thumb Code    36  tasks.o(.text.vTaskInternalSetTimeOutState)
    vTaskMissedYield                         0x080064d9   Thumb Code    14  tasks.o(.text.vTaskMissedYield)
    vTaskPlaceOnEventList                    0x080064e9   Thumb Code    38  tasks.o(.text.vTaskPlaceOnEventList)
    vTaskPlaceOnEventListRestricted          0x08006511   Thumb Code    96  tasks.o(.text.vTaskPlaceOnEventListRestricted)
    vTaskStartScheduler                      0x08006571   Thumb Code   196  tasks.o(.text.vTaskStartScheduler)
    vTaskSuspendAll                          0x08006635   Thumb Code    16  tasks.o(.text.vTaskSuspendAll)
    vTaskSwitchContext                       0x08006645   Thumb Code   260  tasks.o(.text.vTaskSwitchContext)
    xPortStartScheduler                      0x08006749   Thumb Code    84  port.o(.text.xPortStartScheduler)
    xPortSysTickHandler                      0x0800679d   Thumb Code    60  port.o(.text.xPortSysTickHandler)
    xQueueCreateMutex                        0x080067d9   Thumb Code    38  queue.o(.text.xQueueCreateMutex)
    xQueueGenericCreate                      0x08006801   Thumb Code   134  queue.o(.text.xQueueGenericCreate)
    xQueueGenericCreateStatic                0x08006889   Thumb Code   108  queue.o(.text.xQueueGenericCreateStatic)
    xQueueGenericReset                       0x080068f5   Thumb Code   208  queue.o(.text.xQueueGenericReset)
    xQueueGenericSend                        0x080069c5   Thumb Code   362  queue.o(.text.xQueueGenericSend)
    xQueueGenericSendFromISR                 0x08006b31   Thumb Code   210  queue.o(.text.xQueueGenericSendFromISR)
    xQueueReceive                            0x08006c05   Thumb Code   338  queue.o(.text.xQueueReceive)
    xTaskCheckForTimeOut                     0x08006d59   Thumb Code   154  tasks.o(.text.xTaskCheckForTimeOut)
    xTaskCreate                              0x08006df5   Thumb Code   166  tasks.o(.text.xTaskCreate)
    xTaskCreateStatic                        0x08006e9d   Thumb Code   122  tasks.o(.text.xTaskCreateStatic)
    xTaskGetSchedulerState                   0x08006f19   Thumb Code    56  tasks.o(.text.xTaskGetSchedulerState)
    xTaskGetTickCount                        0x08006f51   Thumb Code    20  tasks.o(.text.xTaskGetTickCount)
    xTaskIncrementTick                       0x08006f65   Thumb Code   582  tasks.o(.text.xTaskIncrementTick)
    xTaskPriorityDisinherit                  0x080071ad   Thumb Code   230  tasks.o(.text.xTaskPriorityDisinherit)
    xTaskRemoveFromEventList                 0x08007295   Thumb Code   380  tasks.o(.text.xTaskRemoveFromEventList)
    xTaskResumeAll                           0x08007411   Thumb Code   522  tasks.o(.text.xTaskResumeAll)
    xTimerCreateTimerTask                    0x0800761d   Thumb Code   120  timers.o(.text.xTimerCreateTimerTask)
    __0printf                                0x08007695   Thumb Code    22  printfa.o(i.__0printf)
    __1printf                                0x08007695   Thumb Code     0  printfa.o(i.__0printf)
    __2printf                                0x08007695   Thumb Code     0  printfa.o(i.__0printf)
    __c89printf                              0x08007695   Thumb Code     0  printfa.o(i.__0printf)
    printf                                   0x08007695   Thumb Code     0  printfa.o(i.__0printf)
    __scatterload_copy                       0x080076b5   Thumb Code    14  handlers.o(i.__scatterload_copy)
    __scatterload_null                       0x080076c3   Thumb Code     2  handlers.o(i.__scatterload_null)
    __scatterload_zeroinit                   0x080076c5   Thumb Code    14  handlers.o(i.__scatterload_zeroinit)
    uxTopUsedPriority                        0x08008050   Data           4  tasks.o(.rodata.uxTopUsedPriority)
    Region$$Table$$Base                      0x08008054   Number         0  anon$$obj.o(Region$$Table)
    Region$$Table$$Limit                     0x08008074   Number         0  anon$$obj.o(Region$$Table)
    __stdout                                 0x20000000   Data           4  stdout.o(.data)
    SystemCoreClock                          0x20000004   Data           4  system_gd32f4xx.o(.data.SystemCoreClock)
    oxygen_voltage_air                       0x20000008   Data           4  454software.o(.data.oxygen_voltage_air)
    MOTOR_received_frame                     0x20000010   Data           6  454software.o(.bss.MOTOR_received_frame)
    RTCSRC_FLAG                              0x20000018   Data           4  454software.o(.bss.RTCSRC_FLAG)
    RtSample_Mutex                           0x2000001c   Data           4  rtos_level.o(.bss.RtSample_Mutex)
    USART0_RX_xQueue                         0x20000024   Data           4  454software.o(.bss.USART0_RX_xQueue)
    adc_values_454                           0x20000028   Data          12  454software.o(.bss.adc_values_454)
    iicCollect_Ready_Semaphore               0x20000034   Data           4  rtos_level.o(.bss.iicCollect_Ready_Semaphore)
    iicCollect_Start_Semaphore               0x20000038   Data           4  rtos_level.o(.bss.iicCollect_Start_Semaphore)
    motor_status                             0x2000003c   Data           8  454software.o(.bss.motor_status)
    prescaler_a                              0x20000044   Data           4  454software.o(.bss.prescaler_a)
    prescaler_s                              0x20000048   Data           4  454software.o(.bss.prescaler_s)
    pwm_values                               0x200000f0   Data          36  454software.o(.bss.pwm_values)
    pxCurrentTCB                             0x20000114   Data           4  tasks.o(.bss.pxCurrentTCB)
    sensor_data                              0x2000058c   Data           8  454software.o(.bss.sensor_data)
    __initial_sp                             0x20012268   Data           0  startup_gd32f450_470.o(STACK)



==============================================================================

Memory Map of the image

  Image Entry point : 0x080001ad

  Load Region LR_IROM1 (Base: 0x08000000, Size: 0x00008088, Max: 0x00300000, ABSOLUTE)

    Execution Region ER_IROM1 (Exec base: 0x08000000, Load base: 0x08000000, Size: 0x00008074, Max: 0x00300000, ABSOLUTE)

    Exec Addr    Load Addr    Size         Type   Attr      Idx    E Section Name        Object

    0x08000000   0x08000000   0x000001ac   Data   RO         2517    RESET               startup_gd32f450_470.o
    0x080001ac   0x080001ac   0x00000000   Code   RO         3034  * .ARM.Collect$$$$00000000  mc_w.l(entry.o)
    0x080001ac   0x080001ac   0x00000004   Code   RO         3124    .ARM.Collect$$$$00000001  mc_w.l(entry2.o)
    0x080001b0   0x080001b0   0x00000004   Code   RO         3127    .ARM.Collect$$$$00000004  mc_w.l(entry5.o)
    0x080001b4   0x080001b4   0x00000000   Code   RO         3129    .ARM.Collect$$$$00000008  mc_w.l(entry7b.o)
    0x080001b4   0x080001b4   0x00000000   Code   RO         3131    .ARM.Collect$$$$0000000A  mc_w.l(entry8b.o)
    0x080001b4   0x080001b4   0x00000008   Code   RO         3132    .ARM.Collect$$$$0000000B  mc_w.l(entry9a.o)
    0x080001bc   0x080001bc   0x00000000   Code   RO         3134    .ARM.Collect$$$$0000000D  mc_w.l(entry10a.o)
    0x080001bc   0x080001bc   0x00000000   Code   RO         3136    .ARM.Collect$$$$0000000F  mc_w.l(entry11a.o)
    0x080001bc   0x080001bc   0x00000004   Code   RO         3125    .ARM.Collect$$$$00002712  mc_w.l(entry2.o)
    0x080001c0   0x080001c0   0x00000024   Code   RO         2518    .text               startup_gd32f450_470.o
    0x080001e4   0x080001e4   0x00000040   Code   RO         3039    .text               mc_w.l(memmovea.o)
    0x08000224   0x08000224   0x00000024   Code   RO         3041    .text               mc_w.l(memseta.o)
    0x08000248   0x08000248   0x0000014e   Code   RO         3075    .text               mf_w.l(dadd.o)
    0x08000396   0x08000396   0x000000e4   Code   RO         3077    .text               mf_w.l(dmul.o)
    0x0800047a   0x0800047a   0x000000de   Code   RO         3079    .text               mf_w.l(ddiv.o)
    0x08000558   0x08000558   0x00000036   Code   RO         3081    .text               mf_w.l(dcmplt.o)
    0x0800058e   0x0800058e   0x00000036   Code   RO         3083    .text               mf_w.l(dcmpge.o)
    0x080005c4   0x080005c4   0x00000036   Code   RO         3085    .text               mf_w.l(dcmpgt.o)
    0x080005fa   0x080005fa   0x0000003e   Code   RO         3087    .text               mf_w.l(dfixi.o)
    0x08000638   0x08000638   0x00000026   Code   RO         3089    .text               mf_w.l(f2d.o)
    0x0800065e   0x0800065e   0x00000038   Code   RO         3091    .text               mf_w.l(d2f.o)
    0x08000696   0x08000696   0x0000002c   Code   RO         3148    .text               mc_w.l(uidiv.o)
    0x080006c2   0x080006c2   0x00000062   Code   RO         3150    .text               mc_w.l(uldiv.o)
    0x08000724   0x08000724   0x0000001e   Code   RO         3152    .text               mc_w.l(llshl.o)
    0x08000742   0x08000742   0x00000020   Code   RO         3154    .text               mc_w.l(llushr.o)
    0x08000762   0x08000762   0x00000024   Code   RO         3156    .text               mc_w.l(llsshr.o)
    0x08000786   0x08000786   0x00000000   Code   RO         3165    .text               mc_w.l(iusefp.o)
    0x08000786   0x08000786   0x0000006e   Code   RO         3166    .text               mf_w.l(fepilogue.o)
    0x080007f4   0x080007f4   0x000000ba   Code   RO         3168    .text               mf_w.l(depilogue.o)
    0x080008ae   0x080008ae   0x00000030   Code   RO         3176    .text               mf_w.l(dfixul.o)
    0x080008de   0x080008de   0x00000002   PAD
    0x080008e0   0x080008e0   0x00000030   Code   RO         3178    .text               mf_w.l(cdrcmple.o)
    0x08000910   0x08000910   0x00000024   Code   RO         3180    .text               mc_w.l(init.o)
    0x08000934   0x08000934   0x0000007e   Code   RO           59    .text.ADC2_DMA_init_454  454software.o
    0x080009b2   0x080009b2   0x00000002   PAD
    0x080009b4   0x080009b4   0x000000e6   Code   RO           61    .text.ADC2_init_454  454software.o
    0x08000a9a   0x08000a9a   0x00000002   PAD
    0x08000a9c   0x08000a9c   0x00000052   Code   RO          191    .text.BcdToDecimal  454software.o
    0x08000aee   0x08000aee   0x00000002   PAD
    0x08000af0   0x08000af0   0x000000fa   Code   RO          203    .text.DMA0_Channel1_IRQHandler  454software.o
    0x08000bea   0x08000bea   0x00000006   PAD
    0x08000bf0   0x08000bf0   0x0000021c   Code   RO          201    .text.DMA1_Channel0_IRQHandler  454software.o
    0x08000e0c   0x08000e0c   0x00000058   Code   RO          189    .text.DecimalToBcd  454software.o
    0x08000e64   0x08000e64   0x00000002   Code   RO          199    .text.I2C1_EV_IRQHandler  454software.o
    0x08000e66   0x08000e66   0x00000002   PAD
    0x08000e68   0x08000e68   0x000001a6   Code   RO           37    .text.I2C_init_454  454software.o
    0x0800100e   0x0800100e   0x00000002   PAD
    0x08001010   0x08001010   0x0000007e   Code   RO           39    .text.LED_init_454  454software.o
    0x0800108e   0x0800108e   0x00000002   PAD
    0x08001090   0x08001090   0x00000018   Code   RO          153    .text.MAX31865_CsOff  454software.o
    0x080010a8   0x080010a8   0x00000018   Code   RO          151    .text.MAX31865_CsOn  454software.o
    0x080010c0   0x080010c0   0x00000014   Code   RO           53    .text.MAX31865_HWInit  454software.o
    0x080010d4   0x080010d4   0x00000018   Code   RO          157    .text.MAX31865_Spi_WriteByte  454software.o
    0x080010ec   0x080010ec   0x00000036   Code   RO          161    .text.MAX31865_bufWrite  454software.o
    0x08001122   0x08001122   0x00000002   PAD
    0x08001124   0x08001124   0x00000030   Code   RO           35    .text.NVIC_init_454  454software.o
    0x08001154   0x08001154   0x000000dc   Code   RO           57    .text.PWM_IN_init_454  454software.o
    0x08001230   0x08001230   0x00000276   Code   RO           55    .text.PWM_init_454  454software.o
    0x080014a6   0x080014a6   0x0000000a   PAD
    0x080014b0   0x080014b0   0x00000064   Code   RO         2617    .text.PendSV_Handler  port.o
    0x08001514   0x08001514   0x00000034   Code   RO           43    .text.Pulverizer_init_454  454software.o
    0x08001548   0x08001548   0x000000ce   Code   RO           33    .text.RCU_init_454  454software.o
    0x08001616   0x08001616   0x00000002   PAD
    0x08001618   0x08001618   0x000000de   Code   RO           65    .text.RTC_init_454  454software.o
    0x080016f6   0x080016f6   0x00000002   PAD
    0x080016f8   0x080016f8   0x0000011a   Code   RO           71    .text.RtcTimeConfig  454software.o
    0x08001812   0x08001812   0x00000002   PAD
    0x08001814   0x08001814   0x000000b4   Code   RO           63    .text.SDIO_init_454  454software.o
    0x080018c8   0x080018c8   0x0000007c   Code   RO          155    .text.SPI1_Transfer  454software.o
    0x08001944   0x08001944   0x0000012e   Code   RO           51    .text.SPI1_init_454  454software.o
    0x08001a72   0x08001a72   0x0000000e   PAD
    0x08001a80   0x08001a80   0x00000024   Code   RO         2601    .text.SVC_Handler   port.o
    0x08001aa4   0x08001aa4   0x0000001e   Code   RO          404    .text.SysTick_Handler  cmsis_os2.o
    0x08001ac2   0x08001ac2   0x00000002   PAD
    0x08001ac4   0x08001ac4   0x000000e8   Code   RO         2525    .text.SystemInit    system_gd32f4xx.o
    0x08001bac   0x08001bac   0x00000004   PAD
    0x08001bb0   0x08001bb0   0x000000f0   Code   RO          197    .text.TIMER4_IRQHandler  454software.o
    0x08001ca0   0x08001ca0   0x00000040   Code   RO           45    .text.TIMER_init_454  454software.o
    0x08001ce0   0x08001ce0   0x0000009e   Code   RO          205    .text.USART0_IRQHandler  454software.o
    0x08001d7e   0x08001d7e   0x00000002   PAD
    0x08001d80   0x08001d80   0x00000138   Code   RO           47    .text.USART0_init_454  454software.o
    0x08001eb8   0x08001eb8   0x0000014e   Code   RO           49    .text.USART2_init_454  454software.o
    0x08002006   0x08002006   0x00000002   PAD
    0x08002008   0x08002008   0x00000036   Code   RO           41    .text.YDP_init_454  454software.o
    0x0800203e   0x0800203e   0x00000002   PAD
    0x08002040   0x08002040   0x0000003c   Code   RO          621    .text.adc_calibration_enable  gd32f4xx_adc.o
    0x0800207c   0x0800207c   0x0000008e   Code   RO          643    .text.adc_channel_length_config  gd32f4xx_adc.o
    0x0800210a   0x0800210a   0x00000002   PAD
    0x0800210c   0x0800210c   0x00000020   Code   RO          611    .text.adc_clock_config  gd32f4xx_adc.o
    0x0800212c   0x0800212c   0x00000028   Code   RO          615    .text.adc_data_alignment_config  gd32f4xx_adc.o
    0x08002154   0x08002154   0x00000018   Code   RO          609    .text.adc_deinit    gd32f4xx_adc.o
    0x0800216c   0x0800216c   0x00000012   Code   RO          633    .text.adc_dma_mode_enable  gd32f4xx_adc.o
    0x0800217e   0x0800217e   0x00000002   PAD
    0x08002180   0x08002180   0x00000012   Code   RO          637    .text.adc_dma_request_after_last_enable  gd32f4xx_adc.o
    0x08002192   0x08002192   0x00000002   PAD
    0x08002194   0x08002194   0x0000001e   Code   RO          617    .text.adc_enable    gd32f4xx_adc.o
    0x080021b2   0x080021b2   0x00000002   PAD
    0x080021b4   0x080021b4   0x00000056   Code   RO          653    .text.adc_external_trigger_config  gd32f4xx_adc.o
    0x0800220a   0x0800220a   0x00000002   PAD
    0x0800220c   0x0800220c   0x00000174   Code   RO          645    .text.adc_regular_channel_config  gd32f4xx_adc.o
    0x08002380   0x08002380   0x0000001e   Code   RO          625    .text.adc_resolution_config  gd32f4xx_adc.o
    0x0800239e   0x0800239e   0x00000002   PAD
    0x080023a0   0x080023a0   0x0000003c   Code   RO          655    .text.adc_software_trigger_enable  gd32f4xx_adc.o
    0x080023dc   0x080023dc   0x000000a6   Code   RO          613    .text.adc_special_function_config  gd32f4xx_adc.o
    0x08002482   0x08002482   0x00000002   PAD
    0x08002484   0x08002484   0x00000020   Code   RO          689    .text.adc_sync_mode_config  gd32f4xx_adc.o
    0x080024a4   0x080024a4   0x00000030   Code   RO           85    .text.adc_to_voltage  454software.o
    0x080024d4   0x080024d4   0x000000d0   Code   RO           67    .text.delay_ms_454  454software.o
    0x080025a4   0x080025a4   0x00000022   Code   RO         1022    .text.dma_channel_disable  gd32f4xx_dma.o
    0x080025c6   0x080025c6   0x00000002   PAD
    0x080025c8   0x080025c8   0x00000022   Code   RO         1020    .text.dma_channel_enable  gd32f4xx_dma.o
    0x080025ea   0x080025ea   0x00000002   PAD
    0x080025ec   0x080025ec   0x00000048   Code   RO         1030    .text.dma_channel_subperipheral_select  gd32f4xx_dma.o
    0x08002634   0x08002634   0x000000dc   Code   RO          984    .text.dma_deinit    gd32f4xx_dma.o
    0x08002710   0x08002710   0x00000046   Code   RO         1042    .text.dma_interrupt_enable  gd32f4xx_dma.o
    0x08002756   0x08002756   0x00000002   PAD
    0x08002758   0x08002758   0x00000066   Code   RO         1048    .text.dma_interrupt_flag_clear  gd32f4xx_dma.o
    0x080027be   0x080027be   0x00000002   PAD
    0x080027c0   0x080027c0   0x000002de   Code   RO         1046    .text.dma_interrupt_flag_get  gd32f4xx_dma.o
    0x08002a9e   0x08002a9e   0x00000002   PAD
    0x08002aa0   0x08002aa0   0x0000018a   Code   RO          992    .text.dma_multi_data_mode_init  gd32f4xx_dma.o
    0x08002c2a   0x08002c2a   0x00000002   PAD
    0x08002c2c   0x08002c2c   0x0000003c   Code   RO          988    .text.dma_multi_data_para_struct_init  gd32f4xx_dma.o
    0x08002c68   0x08002c68   0x00000174   Code   RO          990    .text.dma_single_data_mode_init  gd32f4xx_dma.o
    0x08002ddc   0x08002ddc   0x00000030   Code   RO          986    .text.dma_single_data_para_struct_init  gd32f4xx_dma.o
    0x08002e0c   0x08002e0c   0x00000034   Code   RO           75    .text.fputc         454software.o
    0x08002e40   0x08002e40   0x000000d4   Code   RO         1493    .text.gpio_af_set   gd32f4xx_gpio.o
    0x08002f14   0x08002f14   0x00000010   Code   RO         1479    .text.gpio_bit_reset  gd32f4xx_gpio.o
    0x08002f24   0x08002f24   0x00000010   Code   RO         1477    .text.gpio_bit_set  gd32f4xx_gpio.o
    0x08002f34   0x08002f34   0x00000010   Code   RO         1497    .text.gpio_bit_toggle  gd32f4xx_gpio.o
    0x08002f44   0x08002f44   0x0000009c   Code   RO         1473    .text.gpio_mode_set  gd32f4xx_gpio.o
    0x08002fe0   0x08002fe0   0x00000092   Code   RO         1475    .text.gpio_output_options_set  gd32f4xx_gpio.o
    0x08003072   0x08003072   0x00000002   PAD
    0x08003074   0x08003074   0x0000002a   Code   RO         1516    .text.i2c_ack_config  gd32f4xx_i2c.o
    0x0800309e   0x0800309e   0x00000002   PAD
    0x080030a0   0x080030a0   0x00000162   Code   RO         1510    .text.i2c_clock_config  gd32f4xx_i2c.o
    0x08003202   0x08003202   0x00000002   PAD
    0x08003204   0x08003204   0x00000074   Code   RO         1508    .text.i2c_deinit    gd32f4xx_i2c.o
    0x08003278   0x08003278   0x00000012   Code   RO         1526    .text.i2c_enable    gd32f4xx_i2c.o
    0x0800328a   0x0800328a   0x00000002   PAD
    0x0800328c   0x0800328c   0x00000040   Code   RO         1512    .text.i2c_mode_addr_config  gd32f4xx_i2c.o
    0x080032cc   0x080032cc   0x0000005a   Code   RO           31    .text.init_454      454software.o
    0x08003326   0x08003326   0x00000002   PAD
    0x08003328   0x08003328   0x0000003e   Code   RO            4    .text.led_toggle    main.o
    0x08003366   0x08003366   0x00000002   PAD
    0x08003368   0x08003368   0x000000ac   Code   RO            2    .text.main          main.o
    0x08003414   0x08003414   0x0000007a   Code   RO          179    .text.motor_control  454software.o
    0x0800348e   0x0800348e   0x00000002   PAD
    0x08003490   0x08003490   0x0000012a   Code   RO         1673    .text.nvic_irq_enable  gd32f4xx_misc.o
    0x080035ba   0x080035ba   0x00000002   PAD
    0x080035bc   0x080035bc   0x0000001c   Code   RO         1671    .text.nvic_priority_group_set  gd32f4xx_misc.o
    0x080035d8   0x080035d8   0x00000012   Code   RO         1728    .text.pmu_backup_write_enable  gd32f4xx_pmu.o
    0x080035ea   0x080035ea   0x00000002   PAD
    0x080035ec   0x080035ec   0x000000fa   Code   RO         2817    .text.prvAddCurrentTaskToDelayedList  tasks.o
    0x080036e6   0x080036e6   0x00000002   PAD
    0x080036e8   0x080036e8   0x00000160   Code   RO         2803    .text.prvAddNewTaskToReadyList  tasks.o
    0x08003848   0x08003848   0x0000007e   Code   RO         2955    .text.prvCheckForValidListAndQueue  timers.o
    0x080038c6   0x080038c6   0x00000002   PAD
    0x080038c8   0x080038c8   0x0000005a   Code   RO         2921    .text.prvCheckTasksWaitingTermination  tasks.o
    0x08003922   0x08003922   0x00000002   PAD
    0x08003924   0x08003924   0x00000042   Code   RO         2703    .text.prvCopyDataFromQueue  queue.o
    0x08003966   0x08003966   0x00000002   PAD
    0x08003968   0x08003968   0x000000cc   Code   RO         2691    .text.prvCopyDataToQueue  queue.o
    0x08003a34   0x08003a34   0x0000003c   Code   RO         2811    .text.prvDeleteTCB  tasks.o
    0x08003a70   0x08003a70   0x00000040   Code   RO         2995    .text.prvGetNextExpireTime  timers.o
    0x08003ab0   0x08003ab0   0x000000ae   Code   RO         2631    .text.prvHeapInit   heap_4.o
    0x08003b5e   0x08003b5e   0x00000002   PAD
    0x08003b60   0x08003b60   0x00000038   Code   RO         2843    .text.prvIdleTask   tasks.o
    0x08003b98   0x08003b98   0x0000002c   Code   RO         2671    .text.prvInitialiseMutex  queue.o
    0x08003bc4   0x08003bc4   0x00000048   Code   RO         2665    .text.prvInitialiseNewQueue  queue.o
    0x08003c0c   0x08003c0c   0x000000e6   Code   RO         2801    .text.prvInitialiseNewTask  tasks.o
    0x08003cf2   0x08003cf2   0x00000002   PAD
    0x08003cf4   0x08003cf4   0x0000008e   Code   RO         2919    .text.prvInitialiseTaskLists  tasks.o
    0x08003d82   0x08003d82   0x00000002   PAD
    0x08003d84   0x08003d84   0x000000c6   Code   RO         2633    .text.prvInsertBlockIntoFreeList  heap_4.o
    0x08003e4a   0x08003e4a   0x00000002   PAD
    0x08003e4c   0x08003e4c   0x00000086   Code   RO         3009    .text.prvInsertTimerInActiveList  timers.o
    0x08003ed2   0x08003ed2   0x00000002   PAD
    0x08003ed4   0x08003ed4   0x00000028   Code   RO         2705    .text.prvIsQueueEmpty  queue.o
    0x08003efc   0x08003efc   0x0000002e   Code   RO         2693    .text.prvIsQueueFull  queue.o
    0x08003f2a   0x08003f2a   0x00000002   PAD
    0x08003f2c   0x08003f2c   0x00000028   Code   RO         2609    .text.prvPortStartFirstTask  port.o
    0x08003f54   0x08003f54   0x00000054   Code   RO         3003    .text.prvProcessExpiredTimer  timers.o
    0x08003fa8   0x08003fa8   0x00000144   Code   RO         2999    .text.prvProcessReceivedCommands  timers.o
    0x080040ec   0x080040ec   0x0000009a   Code   RO         2997    .text.prvProcessTimerOrBlockTask  timers.o
    0x08004186   0x08004186   0x00000002   PAD
    0x08004188   0x08004188   0x00000034   Code   RO         3007    .text.prvReloadTimer  timers.o
    0x080041bc   0x080041bc   0x0000003c   Code   RO         2809    .text.prvResetNextTaskUnblockTime  tasks.o
    0x080041f8   0x080041f8   0x00000044   Code   RO         3001    .text.prvSampleTimeNow  timers.o
    0x0800423c   0x0800423c   0x00000052   Code   RO         3005    .text.prvSwitchTimerLists  timers.o
    0x0800428e   0x0800428e   0x00000002   PAD
    0x08004290   0x08004290   0x00000026   Code   RO         2599    .text.prvTaskExitError  port.o
    0x080042b6   0x080042b6   0x00000002   PAD
    0x080042b8   0x080042b8   0x0000001e   Code   RO         2957    .text.prvTimerTask  timers.o
    0x080042d6   0x080042d6   0x00000002   PAD
    0x080042d8   0x080042d8   0x000000ae   Code   RO         2695    .text.prvUnlockQueue  queue.o
    0x08004386   0x08004386   0x00000002   PAD
    0x08004388   0x08004388   0x00000186   Code   RO         2629    .text.pvPortMalloc  heap_4.o
    0x0800450e   0x0800450e   0x00000002   PAD
    0x08004510   0x08004510   0x0000005e   Code   RO         2597    .text.pxPortInitialiseStack  port.o
    0x0800456e   0x0800456e   0x00000002   PAD
    0x08004570   0x08004570   0x00000024   Code   RO         1766    .text.rcu_ahb_clock_config  gd32f4xx_rcu.o
    0x08004594   0x08004594   0x00000012   Code   RO         1798    .text.rcu_all_reset_flag_clear  gd32f4xx_rcu.o
    0x080045a6   0x080045a6   0x00000002   PAD
    0x080045a8   0x080045a8   0x00000024   Code   RO         1768    .text.rcu_apb1_clock_config  gd32f4xx_rcu.o
    0x080045cc   0x080045cc   0x00000162   Code   RO         1834    .text.rcu_clock_freq_get  gd32f4xx_rcu.o
    0x0800472e   0x0800472e   0x00000002   PAD
    0x08004730   0x08004730   0x0000003e   Code   RO         1796    .text.rcu_flag_get  gd32f4xx_rcu.o
    0x0800476e   0x0800476e   0x00000002   PAD
    0x08004770   0x08004770   0x00000028   Code   RO         1810    .text.rcu_osci_on   gd32f4xx_rcu.o
    0x08004798   0x08004798   0x000002f2   Code   RO         1744    .text.rcu_osci_stab_wait  gd32f4xx_rcu.o
    0x08004a8a   0x08004a8a   0x00000002   PAD
    0x08004a8c   0x08004a8c   0x00000028   Code   RO         1746    .text.rcu_periph_clock_enable  gd32f4xx_rcu.o
    0x08004ab4   0x08004ab4   0x00000028   Code   RO         1756    .text.rcu_periph_reset_disable  gd32f4xx_rcu.o
    0x08004adc   0x08004adc   0x00000028   Code   RO         1754    .text.rcu_periph_reset_enable  gd32f4xx_rcu.o
    0x08004b04   0x08004b04   0x00000024   Code   RO         1782    .text.rcu_rtc_clock_config  gd32f4xx_rcu.o
    0x08004b28   0x08004b28   0x000000ae   Code   RO         1855    .text.rtc_current_time_get  gd32f4xx_rtc.o
    0x08004bd6   0x08004bd6   0x00000002   PAD
    0x08004bd8   0x08004bd8   0x000000e4   Code   RO         1851    .text.rtc_init      gd32f4xx_rtc.o
    0x08004cbc   0x08004cbc   0x0000008a   Code   RO         1847    .text.rtc_init_mode_enter  gd32f4xx_rtc.o
    0x08004d46   0x08004d46   0x00000002   PAD
    0x08004d48   0x08004d48   0x00000012   Code   RO         1853    .text.rtc_init_mode_exit  gd32f4xx_rtc.o
    0x08004d5a   0x08004d5a   0x00000002   PAD
    0x08004d5c   0x08004d5c   0x000000a6   Code   RO         1849    .text.rtc_register_sync_wait  gd32f4xx_rtc.o
    0x08004e02   0x08004e02   0x00000002   PAD
    0x08004e04   0x08004e04   0x00000070   Code   RO          193    .text.rtc_show_time  454software.o
    0x08004e74   0x08004e74   0x00000042   Code   RO         1871    .text.rtc_timestamp_enable  gd32f4xx_rtc.o
    0x08004eb6   0x08004eb6   0x00000002   PAD
    0x08004eb8   0x08004eb8   0x00000012   Code   RO         2041    .text.spi_enable    gd32f4xx_spi.o
    0x08004eca   0x08004eca   0x00000002   PAD
    0x08004ecc   0x08004ecc   0x0000000e   Code   RO         2069    .text.spi_i2s_data_receive  gd32f4xx_spi.o
    0x08004eda   0x08004eda   0x00000002   PAD
    0x08004edc   0x08004edc   0x00000014   Code   RO         2067    .text.spi_i2s_data_transmit  gd32f4xx_spi.o
    0x08004ef0   0x08004ef0   0x000000da   Code   RO         2035    .text.spi_i2s_deinit  gd32f4xx_spi.o
    0x08004fca   0x08004fca   0x00000002   PAD
    0x08004fcc   0x08004fcc   0x0000002a   Code   RO         2109    .text.spi_i2s_flag_get  gd32f4xx_spi.o
    0x08004ff6   0x08004ff6   0x00000002   PAD
    0x08004ff8   0x08004ff8   0x00000072   Code   RO         2039    .text.spi_init      gd32f4xx_spi.o
    0x0800506a   0x0800506a   0x00000002   PAD
    0x0800506c   0x0800506c   0x0000015e   Code   RO         2531    .text.system_clock_200m_25m_hxtal  system_gd32f4xx.o
    0x080051ca   0x080051ca   0x00000002   PAD
    0x080051cc   0x080051cc   0x00000008   Code   RO         2527    .text.system_clock_config  system_gd32f4xx.o
    0x080051d4   0x080051d4   0x00000012   Code   RO         2153    .text.timer_auto_reload_shadow_enable  gd32f4xx_timer.o
    0x080051e6   0x080051e6   0x00000002   PAD
    0x080051e8   0x080051e8   0x00000010   Code   RO         2171    .text.timer_autoreload_value_config  gd32f4xx_timer.o
    0x080051f8   0x080051f8   0x0000004a   Code   RO         2239    .text.timer_channel_capture_value_register_read  gd32f4xx_timer.o
    0x08005242   0x08005242   0x00000002   PAD
    0x08005244   0x08005244   0x0000008c   Code   RO         2237    .text.timer_channel_input_capture_prescaler_config  gd32f4xx_timer.o
    0x080052d0   0x080052d0   0x000002c8   Code   RO         2213    .text.timer_channel_output_config  gd32f4xx_timer.o
    0x08005598   0x08005598   0x0000008c   Code   RO         2215    .text.timer_channel_output_mode_config  gd32f4xx_timer.o
    0x08005624   0x08005624   0x00000046   Code   RO         2217    .text.timer_channel_output_pulse_value_config  gd32f4xx_timer.o
    0x0800566a   0x0800566a   0x00000002   PAD
    0x0800566c   0x0800566c   0x0000008c   Code   RO         2219    .text.timer_channel_output_shadow_config  gd32f4xx_timer.o
    0x080056f8   0x080056f8   0x00000010   Code   RO         2173    .text.timer_counter_value_config  gd32f4xx_timer.o
    0x08005708   0x08005708   0x000001e8   Code   RO         2143    .text.timer_deinit  gd32f4xx_timer.o
    0x080058f0   0x080058f0   0x00000012   Code   RO         2149    .text.timer_enable  gd32f4xx_timer.o
    0x08005902   0x08005902   0x00000002   PAD
    0x08005904   0x08005904   0x00000012   Code   RO         2277    .text.timer_flag_clear  gd32f4xx_timer.o
    0x08005916   0x08005916   0x00000002   PAD
    0x08005918   0x08005918   0x0000002a   Code   RO         2275    .text.timer_flag_get  gd32f4xx_timer.o
    0x08005942   0x08005942   0x00000002   PAD
    0x08005944   0x08005944   0x00000100   Code   RO         2147    .text.timer_init    gd32f4xx_timer.o
    0x08005a44   0x08005a44   0x000001aa   Code   RO         2235    .text.timer_input_capture_config  gd32f4xx_timer.o
    0x08005bee   0x08005bee   0x00000002   PAD
    0x08005bf0   0x08005bf0   0x00000014   Code   RO         2279    .text.timer_interrupt_enable  gd32f4xx_timer.o
    0x08005c04   0x08005c04   0x00000012   Code   RO         2285    .text.timer_interrupt_flag_clear  gd32f4xx_timer.o
    0x08005c16   0x08005c16   0x00000002   PAD
    0x08005c18   0x08005c18   0x0000003a   Code   RO         2283    .text.timer_interrupt_flag_get  gd32f4xx_timer.o
    0x08005c52   0x08005c52   0x00000002   PAD
    0x08005c54   0x08005c54   0x00000158   Code   RO         2380    .text.usart_baudrate_set  gd32f4xx_usart.o
    0x08005dac   0x08005dac   0x00000010   Code   RO         2412    .text.usart_data_receive  gd32f4xx_usart.o
    0x08005dbc   0x08005dbc   0x00000014   Code   RO         2410    .text.usart_data_transmit  gd32f4xx_usart.o
    0x08005dd0   0x08005dd0   0x0000011e   Code   RO         2378    .text.usart_deinit  gd32f4xx_usart.o
    0x08005eee   0x08005eee   0x00000002   PAD
    0x08005ef0   0x08005ef0   0x00000012   Code   RO         2390    .text.usart_disable  gd32f4xx_usart.o
    0x08005f02   0x08005f02   0x00000002   PAD
    0x08005f04   0x08005f04   0x0000002a   Code   RO         2472    .text.usart_dma_receive_config  gd32f4xx_usart.o
    0x08005f2e   0x08005f2e   0x00000002   PAD
    0x08005f30   0x08005f30   0x0000002a   Code   RO         2474    .text.usart_dma_transmit_config  gd32f4xx_usart.o
    0x08005f5a   0x08005f5a   0x00000002   PAD
    0x08005f5c   0x08005f5c   0x00000012   Code   RO         2388    .text.usart_enable  gd32f4xx_usart.o
    0x08005f6e   0x08005f6e   0x00000002   PAD
    0x08005f70   0x08005f70   0x0000003a   Code   RO         2476    .text.usart_flag_get  gd32f4xx_usart.o
    0x08005faa   0x08005faa   0x00000002   PAD
    0x08005fac   0x08005fac   0x0000002a   Code   RO         2464    .text.usart_hardware_flow_cts_config  gd32f4xx_usart.o
    0x08005fd6   0x08005fd6   0x00000002   PAD
    0x08005fd8   0x08005fd8   0x0000002a   Code   RO         2462    .text.usart_hardware_flow_rts_config  gd32f4xx_usart.o
    0x08006002   0x08006002   0x00000002   PAD
    0x08006004   0x08006004   0x00000024   Code   RO         2480    .text.usart_interrupt_enable  gd32f4xx_usart.o
    0x08006028   0x08006028   0x0000005e   Code   RO         2484    .text.usart_interrupt_flag_get  gd32f4xx_usart.o
    0x08006086   0x08006086   0x00000002   PAD
    0x08006088   0x08006088   0x0000001e   Code   RO         2382    .text.usart_parity_config  gd32f4xx_usart.o
    0x080060a6   0x080060a6   0x00000002   PAD
    0x080060a8   0x080060a8   0x00000022   Code   RO         2458    .text.usart_prescaler_config  gd32f4xx_usart.o
    0x080060ca   0x080060ca   0x00000002   PAD
    0x080060cc   0x080060cc   0x0000002a   Code   RO         2394    .text.usart_receive_config  gd32f4xx_usart.o
    0x080060f6   0x080060f6   0x00000002   PAD
    0x080060f8   0x080060f8   0x0000001e   Code   RO         2386    .text.usart_stop_bit_set  gd32f4xx_usart.o
    0x08006116   0x08006116   0x00000002   PAD
    0x08006118   0x08006118   0x0000002a   Code   RO         2392    .text.usart_transmit_config  gd32f4xx_usart.o
    0x08006142   0x08006142   0x00000002   PAD
    0x08006144   0x08006144   0x0000001e   Code   RO         2384    .text.usart_word_length_set  gd32f4xx_usart.o
    0x08006162   0x08006162   0x00000002   PAD
    0x08006164   0x08006164   0x00000048   Code   RO         2588    .text.uxListRemove  list.o
    0x080061ac   0x080061ac   0x0000000c   Code   RO         2853    .text.uxTaskGetNumberOfTasks  tasks.o
    0x080061b8   0x080061b8   0x0000002a   Code   RO          562    .text.vApplicationGetIdleTaskMemory  cmsis_os2.o
    0x080061e2   0x080061e2   0x00000002   PAD
    0x080061e4   0x080061e4   0x0000002a   Code   RO          564    .text.vApplicationGetTimerTaskMemory  cmsis_os2.o
    0x0800620e   0x0800620e   0x00000002   PAD
    0x08006210   0x08006210   0x0000001e   Code   RO           18    .text.vApplicationStackOverflowHook  main.o
    0x0800622e   0x0800622e   0x00000002   PAD
    0x08006230   0x08006230   0x0000002e   Code   RO         2580    .text.vListInitialise  list.o
    0x0800625e   0x0800625e   0x00000002   PAD
    0x08006260   0x08006260   0x0000000e   Code   RO         2582    .text.vListInitialiseItem  list.o
    0x0800626e   0x0800626e   0x00000002   PAD
    0x08006270   0x08006270   0x0000006a   Code   RO         2586    .text.vListInsert   list.o
    0x080062da   0x080062da   0x00000002   PAD
    0x080062dc   0x080062dc   0x00000014   Code   RO         2607    .text.vPortEnableVFP  port.o
    0x080062f0   0x080062f0   0x00000030   Code   RO         2613    .text.vPortEnterCritical  port.o
    0x08006320   0x08006320   0x00000026   Code   RO         2615    .text.vPortExitCritical  port.o
    0x08006346   0x08006346   0x00000002   PAD
    0x08006348   0x08006348   0x00000076   Code   RO         2635    .text.vPortFree     heap_4.o
    0x080063be   0x080063be   0x00000002   PAD
    0x080063c0   0x080063c0   0x00000044   Code   RO         2605    .text.vPortSetupTimerInterrupt  port.o
    0x08006404   0x08006404   0x00000064   Code   RO         2733    .text.vQueueWaitForMessageRestricted  queue.o
    0x08006468   0x08006468   0x0000004a   Code   RO         2821    .text.vTaskDelay    tasks.o
    0x080064b2   0x080064b2   0x00000002   PAD
    0x080064b4   0x080064b4   0x00000024   Code   RO         2875    .text.vTaskInternalSetTimeOutState  tasks.o
    0x080064d8   0x080064d8   0x0000000e   Code   RO         2879    .text.vTaskMissedYield  tasks.o
    0x080064e6   0x080064e6   0x00000002   PAD
    0x080064e8   0x080064e8   0x00000026   Code   RO         2863    .text.vTaskPlaceOnEventList  tasks.o
    0x0800650e   0x0800650e   0x00000002   PAD
    0x08006510   0x08006510   0x00000060   Code   RO         2867    .text.vTaskPlaceOnEventListRestricted  tasks.o
    0x08006570   0x08006570   0x000000c4   Code   RO         2841    .text.vTaskStartScheduler  tasks.o
    0x08006634   0x08006634   0x00000010   Code   RO         2815    .text.vTaskSuspendAll  tasks.o
    0x08006644   0x08006644   0x00000104   Code   RO         2833    .text.vTaskSwitchContext  tasks.o
    0x08006748   0x08006748   0x00000054   Code   RO         2603    .text.xPortStartScheduler  port.o
    0x0800679c   0x0800679c   0x0000003c   Code   RO         2619    .text.xPortSysTickHandler  port.o
    0x080067d8   0x080067d8   0x00000026   Code   RO         2669    .text.xQueueCreateMutex  queue.o
    0x080067fe   0x080067fe   0x00000002   PAD
    0x08006800   0x08006800   0x00000086   Code   RO         2667    .text.xQueueGenericCreate  queue.o
    0x08006886   0x08006886   0x00000002   PAD
    0x08006888   0x08006888   0x0000006c   Code   RO         2663    .text.xQueueGenericCreateStatic  queue.o
    0x080068f4   0x080068f4   0x000000d0   Code   RO         2661    .text.xQueueGenericReset  queue.o
    0x080069c4   0x080069c4   0x0000016a   Code   RO         2681    .text.xQueueGenericSend  queue.o
    0x08006b2e   0x08006b2e   0x00000002   PAD
    0x08006b30   0x08006b30   0x000000d2   Code   RO         2697    .text.xQueueGenericSendFromISR  queue.o
    0x08006c02   0x08006c02   0x00000002   PAD
    0x08006c04   0x08006c04   0x00000152   Code   RO         2701    .text.xQueueReceive  queue.o
    0x08006d56   0x08006d56   0x00000002   PAD
    0x08006d58   0x08006d58   0x0000009a   Code   RO         2877    .text.xTaskCheckForTimeOut  tasks.o
    0x08006df2   0x08006df2   0x00000002   PAD
    0x08006df4   0x08006df4   0x000000a6   Code   RO         2805    .text.xTaskCreate   tasks.o
    0x08006e9a   0x08006e9a   0x00000002   PAD
    0x08006e9c   0x08006e9c   0x0000007a   Code   RO         2799    .text.xTaskCreateStatic  tasks.o
    0x08006f16   0x08006f16   0x00000002   PAD
    0x08006f18   0x08006f18   0x00000038   Code   RO         2893    .text.xTaskGetSchedulerState  tasks.o
    0x08006f50   0x08006f50   0x00000014   Code   RO         2849    .text.xTaskGetTickCount  tasks.o
    0x08006f64   0x08006f64   0x00000246   Code   RO         2847    .text.xTaskIncrementTick  tasks.o
    0x080071aa   0x080071aa   0x00000002   PAD
    0x080071ac   0x080071ac   0x000000e6   Code   RO         2897    .text.xTaskPriorityDisinherit  tasks.o
    0x08007292   0x08007292   0x00000002   PAD
    0x08007294   0x08007294   0x0000017c   Code   RO         2869    .text.xTaskRemoveFromEventList  tasks.o
    0x08007410   0x08007410   0x0000020a   Code   RO         2819    .text.xTaskResumeAll  tasks.o
    0x0800761a   0x0800761a   0x00000002   PAD
    0x0800761c   0x0800761c   0x00000078   Code   RO         2953    .text.xTimerCreateTimerTask  timers.o
    0x08007694   0x08007694   0x00000020   Code   RO         3048    i.__0printf         mc_w.l(printfa.o)
    0x080076b4   0x080076b4   0x0000000e   Code   RO         3186    i.__scatterload_copy  mc_w.l(handlers.o)
    0x080076c2   0x080076c2   0x00000002   Code   RO         3187    i.__scatterload_null  mc_w.l(handlers.o)
    0x080076c4   0x080076c4   0x0000000e   Code   RO         3188    i.__scatterload_zeroinit  mc_w.l(handlers.o)
    0x080076d2   0x080076d2   0x00000002   PAD
    0x080076d4   0x080076d4   0x00000184   Code   RO         3055    i._fp_digits        mc_w.l(printfa.o)
    0x08007858   0x08007858   0x000006dc   Code   RO         3056    i._printf_core      mc_w.l(printfa.o)
    0x08007f34   0x08007f34   0x00000024   Code   RO         3057    i._printf_post_padding  mc_w.l(printfa.o)
    0x08007f58   0x08007f58   0x0000002e   Code   RO         3058    i._printf_pre_padding  mc_w.l(printfa.o)
    0x08007f86   0x08007f86   0x0000003f   Data   RO           20    .rodata.str1.1      main.o
    0x08007fc5   0x08007fc5   0x0000007e   Data   RO          215    .rodata.str1.1      454software.o
    0x08008043   0x08008043   0x00000005   Data   RO         2939    .rodata.str1.1      tasks.o
    0x08008048   0x08008048   0x00000008   Data   RO         3012    .rodata.str1.1      timers.o
    0x08008050   0x08008050   0x00000004   Data   RO         2924    .rodata.uxTopUsedPriority  tasks.o
    0x08008054   0x08008054   0x00000020   Data   RO         3185    Region$$Table       anon$$obj.o


    Execution Region RW_IRAM1 (Exec base: 0x20000000, Load base: 0x08008078, Size: 0x00012268, Max: 0x00030000, ABSOLUTE)

    Exec Addr    Load Addr    Size         Type   Attr      Idx    E Section Name        Object

    0x20000000   0x08008078   0x00000004   Data   RW         3138    .data               mc_w.l(stdout.o)
    0x20000004   0x0800807c   0x00000004   Data   RW         2533    .data.SystemCoreClock  system_gd32f4xx.o
    0x20000008   0x08008080   0x00000004   Data   RW          211    .data.oxygen_voltage_air  454software.o
    0x2000000c   0x08008084   0x00000004   Data   RW         2621    .data.uxCriticalNesting  port.o
    0x20000010        -       0x00000006   Zero   RW          213    .bss.MOTOR_received_frame  454software.o
    0x20000016   0x08008088   0x00000002   PAD
    0x20000018        -       0x00000004   Zero   RW          210    .bss.RTCSRC_FLAG    454software.o
    0x2000001c        -       0x00000004   Zero   RW          366    .bss.RtSample_Mutex  rtos_level.o
    0x20000020        -       0x00000004   Zero   RW          221    .bss.USART0_IRQHandler.xHigherPriorityTaskWoken  454software.o
    0x20000024        -       0x00000004   Zero   RW          222    .bss.USART0_RX_xQueue  454software.o
    0x20000028        -       0x0000000c   Zero   RW          214    .bss.adc_values_454  454software.o
    0x20000034        -       0x00000004   Zero   RW          365    .bss.iicCollect_Ready_Semaphore  rtos_level.o
    0x20000038        -       0x00000004   Zero   RW          364    .bss.iicCollect_Start_Semaphore  rtos_level.o
    0x2000003c        -       0x00000008   Zero   RW          220    .bss.motor_status   454software.o
    0x20000044        -       0x00000004   Zero   RW          208    .bss.prescaler_a    454software.o
    0x20000048        -       0x00000004   Zero   RW          209    .bss.prescaler_s    454software.o
    0x2000004c        -       0x00000050   Zero   RW         3020    .bss.prvCheckForValidListAndQueue.ucStaticTimerQueueStorage  timers.o
    0x2000009c        -       0x00000050   Zero   RW         3019    .bss.prvCheckForValidListAndQueue.xStaticTimerQueue  timers.o
    0x200000ec        -       0x00000004   Zero   RW         3016    .bss.prvSampleTimeNow.xLastTime  timers.o
    0x200000f0        -       0x00000024   Zero   RW          212    .bss.pwm_values     454software.o
    0x20000114        -       0x00000004   Zero   RW         2923    .bss.pxCurrentTCB   tasks.o
    0x20000118        -       0x00000004   Zero   RW         3014    .bss.pxCurrentTimerList  timers.o
    0x2000011c        -       0x00000004   Zero   RW         2931    .bss.pxDelayedTaskList  tasks.o
    0x20000120        -       0x00000004   Zero   RW         2647    .bss.pxEnd          heap_4.o
    0x20000124        -       0x00000004   Zero   RW         2932    .bss.pxOverflowDelayedTaskList  tasks.o
    0x20000128        -       0x00000004   Zero   RW         3015    .bss.pxOverflowTimerList  timers.o
    0x2000012c        -       0x00000460   Zero   RW         2934    .bss.pxReadyTasksLists  tasks.o
    0x2000058c        -       0x00000008   Zero   RW          219    .bss.sensor_data    454software.o
    0x20000594        -       0x00005000   Zero   RW         2653    .bss.ucHeap         heap_4.o
    0x20005594        -       0x00000004   Zero   RW         2928    .bss.uxCurrentNumberOfTasks  tasks.o
    0x20005598        -       0x00000004   Zero   RW         2927    .bss.uxDeletedTasksWaitingCleanUp  tasks.o
    0x2000559c        -       0x00000004   Zero   RW         2936    .bss.uxSchedulerSuspended  tasks.o
    0x200055a0        -       0x00000004   Zero   RW         2925    .bss.uxTaskNumber   tasks.o
    0x200055a4        -       0x00000004   Zero   RW         2935    .bss.uxTopReadyPriority  tasks.o
    0x200055a8        -       0x00000200   Zero   RW          571    .bss.vApplicationGetIdleTaskMemory.Idle_Stack  cmsis_os2.o
    0x200057a8        -       0x0000005c   Zero   RW          570    .bss.vApplicationGetIdleTaskMemory.Idle_TCB  cmsis_os2.o
    0x20005804        -       0x00000140   Zero   RW          573    .bss.vApplicationGetTimerTaskMemory.Timer_Stack  cmsis_os2.o
    0x20005944        -       0x0000005c   Zero   RW          572    .bss.vApplicationGetTimerTaskMemory.Timer_TCB  cmsis_os2.o
    0x200059a0        -       0x00000014   Zero   RW         3017    .bss.xActiveTimerList1  timers.o
    0x200059b4        -       0x00000014   Zero   RW         3018    .bss.xActiveTimerList2  timers.o
    0x200059c8        -       0x00000014   Zero   RW         2944    .bss.xDelayedTaskList1  tasks.o
    0x200059dc        -       0x00000014   Zero   RW         2945    .bss.xDelayedTaskList2  tasks.o
    0x200059f0        -       0x00000004   Zero   RW         2648    .bss.xFreeBytesRemaining  heap_4.o
    0x200059f4        -       0x00000004   Zero   RW         2940    .bss.xIdleTaskHandle  tasks.o
    0x200059f8        -       0x00000004   Zero   RW         2650    .bss.xMinimumEverFreeBytesRemaining  heap_4.o
    0x200059fc        -       0x00000004   Zero   RW         2941    .bss.xNextTaskUnblockTime  tasks.o
    0x20005a00        -       0x00000004   Zero   RW         2943    .bss.xNumOfOverflows  tasks.o
    0x20005a04        -       0x00000004   Zero   RW         2651    .bss.xNumberOfSuccessfulAllocations  heap_4.o
    0x20005a08        -       0x00000004   Zero   RW         2652    .bss.xNumberOfSuccessfulFrees  heap_4.o
    0x20005a0c        -       0x00000004   Zero   RW         2942    .bss.xPendedTicks   tasks.o
    0x20005a10        -       0x00000014   Zero   RW         2938    .bss.xPendingReadyList  tasks.o
    0x20005a24        -       0x00000004   Zero   RW         2929    .bss.xSchedulerRunning  tasks.o
    0x20005a28        -       0x00000008   Zero   RW         2649    .bss.xStart         heap_4.o
    0x20005a30        -       0x00000014   Zero   RW         2933    .bss.xSuspendedTaskList  tasks.o
    0x20005a44        -       0x00000014   Zero   RW         2926    .bss.xTasksWaitingTermination  tasks.o
    0x20005a58        -       0x00000004   Zero   RW         2930    .bss.xTickCount     tasks.o
    0x20005a5c        -       0x00000004   Zero   RW         3011    .bss.xTimerQueue    timers.o
    0x20005a60        -       0x00000004   Zero   RW         3013    .bss.xTimerTaskHandle  timers.o
    0x20005a64        -       0x00000004   Zero   RW         2937    .bss.xYieldPending  tasks.o
    0x20005a68        -       0x0000c800   Zero   RW         2515    STACK               startup_gd32f450_470.o


==============================================================================

Image component sizes


      Code (inc. data)   RO Data    RW Data    ZI Data      Debug   Object Name

      6072         68        126          4         90      29692   454software.o
       114          0          0          0       1016      33282   cmsis_os2.o
      1110          0          0          0          0      10382   gd32f4xx_adc.o
      2140         64          0          0          0       8578   gd32f4xx_dma.o
       562          0          0          0          0       4947   gd32f4xx_gpio.o
       594          0          0          0          0      10083   gd32f4xx_i2c.o
       326          0          0          0          0       3015   gd32f4xx_misc.o
        18          0          0          0          0       5395   gd32f4xx_pmu.o
      1456          4          0          0          0      15012   gd32f4xx_rcu.o
       790          0          0          0          0      10443   gd32f4xx_rtc.o
       426          0          0          0          0       8776   gd32f4xx_spi.o
      2670         32          0          0          0      17226   gd32f4xx_timer.o
      1266          0          0          0          0      11996   gd32f4xx_usart.o
       880          0          0          0      20508       4324   heap_4.o
       238          0          0          0          0       2240   list.o
       264          0         63          0          0       2828   main.o
       626         16          0          4          0       2761   port.o
      2144          0          0          0          0      14289   queue.o
         0          0          0          0         12       7065   rtos_level.o
        36          8        428          0      51200        880   startup_gd32f450_470.o
       590          0          0          4          0       2474   system_gd32f4xx.o
      4214          0          9          0       1280      23160   tasks.o
      1238         10          8          0        220      10466   timers.o

    ----------------------------------------------------------------------
     28036        202        666         12      74328     239314   Object Totals
         0          0         32          0          0          0   (incl. Generated)
       262          0          0          0          2          0   (incl. Padding)

    ----------------------------------------------------------------------

      Code (inc. data)   RO Data    RW Data    ZI Data      Debug   Library Member Name

         0          0          0          0          0          0   entry.o
         0          0          0          0          0          0   entry10a.o
         0          0          0          0          0          0   entry11a.o
         8          4          0          0          0          0   entry2.o
         4          0          0          0          0          0   entry5.o
         0          0          0          0          0          0   entry7b.o
         0          0          0          0          0          0   entry8b.o
         8          4          0          0          0          0   entry9a.o
        30          0          0          0          0          0   handlers.o
        36          8          0          0          0         68   init.o
         0          0          0          0          0          0   iusefp.o
        30          0          0          0          0         68   llshl.o
        36          0          0          0          0         68   llsshr.o
        32          0          0          0          0         68   llushr.o
        64          0          0          0          0         76   memmovea.o
        36          0          0          0          0        108   memseta.o
      2258         90          0          0          0        452   printfa.o
         0          0          0          4          0          0   stdout.o
        44          0          0          0          0         80   uidiv.o
        98          0          0          0          0         92   uldiv.o
        48          0          0          0          0         68   cdrcmple.o
        56          0          0          0          0         88   d2f.o
       334          0          0          0          0        148   dadd.o
        54          0          0          0          0         80   dcmpge.o
        54          0          0          0          0         80   dcmpgt.o
        54          0          0          0          0         80   dcmplt.o
       222          0          0          0          0        100   ddiv.o
       186          0          0          0          0        176   depilogue.o
        62          0          0          0          0         80   dfixi.o
        48          0          0          0          0         68   dfixul.o
       228          0          0          0          0         96   dmul.o
        38          0          0          0          0         68   f2d.o
       110          0          0          0          0        168   fepilogue.o

    ----------------------------------------------------------------------
      4182        106          0          4          0       2380   Library Totals
         4          0          0          0          0          0   (incl. Padding)

    ----------------------------------------------------------------------

      Code (inc. data)   RO Data    RW Data    ZI Data      Debug   Library Name

      2684        106          0          4          0       1080   mc_w.l
      1494          0          0          0          0       1300   mf_w.l

    ----------------------------------------------------------------------
      4182        106          0          4          0       2380   Library Totals

    ----------------------------------------------------------------------

==============================================================================


      Code (inc. data)   RO Data    RW Data    ZI Data      Debug   

     32218        308        666         16      74328     240302   Grand Totals
     32218        308        666         16      74328     240302   ELF Image Totals
     32218        308        666         16          0          0   ROM Totals

==============================================================================

    Total RO  Size (Code + RO Data)                32884 (  32.11kB)
    Total RW  Size (RW Data + ZI Data)             74344 (  72.60kB)
    Total ROM Size (Code + RO Data + RW Data)      32900 (  32.13kB)

==============================================================================

