Component: ARM Compiler 6.16 Tool: armlink [5dfeaa00]

==============================================================================

Section Cross References

    main.o(.text.main) refers to 454software.o(.text.init_454) for init_454
    main.o(.text.main) refers to 454software.o(.text.P4_PWM_set) for P4_PWM_set
    main.o(.text.main) refers to 454software.o(.text.P5_PWM_set) for P5_PWM_set
    main.o(.text.main) refers to 454software.o(.text.P6_PWM_set) for P6_PWM_set
    main.o(.text.main) refers to 454software.o(.text.motor_control) for motor_control
    main.o(.text.main) refers to 454software.o(.text.delay_ms_454) for delay_ms_454
    main.o(.text.main) refers to main.o(.text.sensor_get) for sensor_get
    main.o(.text.main) refers to main.o(.rodata.str1.1) for .L.str
    main.o(.text.main) refers to tasks.o(.text.xTaskCreate) for xTaskCreate
    main.o(.text.main) refers to main.o(.text.motor_speed_set) for motor_speed_set
    main.o(.text.main) refers to tasks.o(.text.vTaskStartScheduler) for vTaskStartScheduler
    main.o(.ARM.exidx.text.main) refers to main.o(.text.main) for [Anonymous Symbol]
    main.o(.text.sensor_get) refers to 454software.o(.text.output_all) for output_all
    main.o(.ARM.exidx.text.sensor_get) refers to main.o(.text.sensor_get) for [Anonymous Symbol]
    main.o(.ARM.exidx.text.motor_speed_set) refers to main.o(.text.motor_speed_set) for [Anonymous Symbol]
    main.o(.text.vApplicationStackOverflowHook) refers to main.o(.rodata.str1.1) for .L.str.2
    main.o(.text.vApplicationStackOverflowHook) refers to printfa.o(i.__0printf) for printf
    main.o(.ARM.exidx.text.vApplicationStackOverflowHook) refers to main.o(.text.vApplicationStackOverflowHook) for [Anonymous Symbol]
    454software.o(.text.init_454) refers to 454software.o(.text.RCU_init_454) for RCU_init_454
    454software.o(.text.init_454) refers to 454software.o(.text.NVIC_init_454) for NVIC_init_454
    454software.o(.text.init_454) refers to 454software.o(.text.I2C_init_454) for I2C_init_454
    454software.o(.text.init_454) refers to 454software.o(.text.LED_init_454) for LED_init_454
    454software.o(.text.init_454) refers to 454software.o(.text.YDP_init_454) for YDP_init_454
    454software.o(.text.init_454) refers to 454software.o(.text.TIMER_init_454) for TIMER_init_454
    454software.o(.text.init_454) refers to 454software.o(.text.USART0_init_454) for USART0_init_454
    454software.o(.text.init_454) refers to 454software.o(.text.USART2_init_454) for USART2_init_454
    454software.o(.text.init_454) refers to 454software.o(.text.SPI1_init_454) for SPI1_init_454
    454software.o(.text.init_454) refers to 454software.o(.text.MAX31865_HWInit) for MAX31865_HWInit
    454software.o(.text.init_454) refers to 454software.o(.text.PWM_init_454) for PWM_init_454
    454software.o(.text.init_454) refers to 454software.o(.text.PWM_IN_init_454) for PWM_IN_init_454
    454software.o(.text.init_454) refers to 454software.o(.text.ADC2_DMA_init_454) for ADC2_DMA_init_454
    454software.o(.text.init_454) refers to 454software.o(.text.ADC2_init_454) for ADC2_init_454
    454software.o(.text.init_454) refers to 454software.o(.text.delay_ms_454) for delay_ms_454
    454software.o(.ARM.exidx.text.init_454) refers to 454software.o(.text.init_454) for [Anonymous Symbol]
    454software.o(.text.RCU_init_454) refers to gd32f4xx_rcu.o(.text.rcu_ahb_clock_config) for rcu_ahb_clock_config
    454software.o(.text.RCU_init_454) refers to gd32f4xx_rcu.o(.text.rcu_apb1_clock_config) for rcu_apb1_clock_config
    454software.o(.text.RCU_init_454) refers to gd32f4xx_rcu.o(.text.rcu_periph_clock_enable) for rcu_periph_clock_enable
    454software.o(.ARM.exidx.text.RCU_init_454) refers to 454software.o(.text.RCU_init_454) for [Anonymous Symbol]
    454software.o(.text.NVIC_init_454) refers to gd32f4xx_misc.o(.text.nvic_priority_group_set) for nvic_priority_group_set
    454software.o(.text.NVIC_init_454) refers to gd32f4xx_misc.o(.text.nvic_irq_enable) for nvic_irq_enable
    454software.o(.ARM.exidx.text.NVIC_init_454) refers to 454software.o(.text.NVIC_init_454) for [Anonymous Symbol]
    454software.o(.text.I2C_init_454) refers to gd32f4xx_gpio.o(.text.gpio_af_set) for gpio_af_set
    454software.o(.text.I2C_init_454) refers to gd32f4xx_gpio.o(.text.gpio_mode_set) for gpio_mode_set
    454software.o(.text.I2C_init_454) refers to gd32f4xx_gpio.o(.text.gpio_output_options_set) for gpio_output_options_set
    454software.o(.text.I2C_init_454) refers to gd32f4xx_i2c.o(.text.i2c_deinit) for i2c_deinit
    454software.o(.text.I2C_init_454) refers to gd32f4xx_i2c.o(.text.i2c_clock_config) for i2c_clock_config
    454software.o(.text.I2C_init_454) refers to gd32f4xx_i2c.o(.text.i2c_mode_addr_config) for i2c_mode_addr_config
    454software.o(.text.I2C_init_454) refers to gd32f4xx_i2c.o(.text.i2c_enable) for i2c_enable
    454software.o(.text.I2C_init_454) refers to gd32f4xx_i2c.o(.text.i2c_ack_config) for i2c_ack_config
[...]
    [Anonymous Symbol]                       0x20002a18   Section        0  tasks.o(.bss.xPendingReadyList)
    xSchedulerRunning                        0x20002a2c   Data           4  tasks.o(.bss.xSchedulerRunning)
    [Anonymous Symbol]                       0x20002a2c   Section        0  tasks.o(.bss.xSchedulerRunning)
    xStart                                   0x20002a30   Data           8  heap_4.o(.bss.xStart)
    [Anonymous Symbol]                       0x20002a30   Section        0  heap_4.o(.bss.xStart)
    xSuspendedTaskList                       0x20002a38   Data          20  tasks.o(.bss.xSuspendedTaskList)
    [Anonymous Symbol]                       0x20002a38   Section        0  tasks.o(.bss.xSuspendedTaskList)
    xTasksWaitingTermination                 0x20002a4c   Data          20  tasks.o(.bss.xTasksWaitingTermination)
    [Anonymous Symbol]                       0x20002a4c   Section        0  tasks.o(.bss.xTasksWaitingTermination)
    xTickCount                               0x20002a60   Data           4  tasks.o(.bss.xTickCount)
    [Anonymous Symbol]                       0x20002a60   Section        0  tasks.o(.bss.xTickCount)
    xTimerQueue                              0x20002a64   Data           4  timers.o(.bss.xTimerQueue)
    [Anonymous Symbol]                       0x20002a64   Section        0  timers.o(.bss.xTimerQueue)
    xTimerTaskHandle                         0x20002a68   Data           4  timers.o(.bss.xTimerTaskHandle)
    [Anonymous Symbol]                       0x20002a68   Section        0  timers.o(.bss.xTimerTaskHandle)
    xYieldPending                            0x20002a6c   Data           4  tasks.o(.bss.xYieldPending)
    [Anonymous Symbol]                       0x20002a6c   Section        0  tasks.o(.bss.xYieldPending)
    STACK                                    0x20002a70   Section    102400  startup_gd32f450_470.o(STACK)

    Global Symbols

    Symbol Name                              Value     Ov Type        Size  Object(Section)

    BuildAttributes$$THM_ISAv4$E$P$D$K$B$S$7EM$VFPi3$EXTD16$VFPS$VFMA$PE$A:L22UL41UL21$X:L11$S22US41US21$IEEE1$IW$~IW$USESV6$~STKCKD$USESV7$~SHL$OTIME$ROPI$IEEEX$EBA8$MICROLIB$REQ8$PRES8$EABIv2 0x00000000   Number         0  anon$$obj.o ABSOLUTE
    __cpp_initialize__aeabi_                  - Undefined Weak Reference
    __cxa_finalize                            - Undefined Weak Reference
    __decompress                              - Undefined Weak Reference
    _clock_init                               - Undefined Weak Reference
    _microlib_exit                            - Undefined Weak Reference
    __Vectors_Size                           0x000001ac   Number         0  startup_gd32f450_470.o ABSOLUTE
    __Vectors                                0x08000000   Data           4  startup_gd32f450_470.o(RESET)
    __Vectors_End                            0x080001ac   Data           0  startup_gd32f450_470.o(RESET)
    __main                                   0x080001ad   Thumb Code     0  entry.o(.ARM.Collect$$$$00000000)
    _main_stk                                0x080001ad   Thumb Code     0  entry2.o(.ARM.Collect$$$$00000001)
    _main_scatterload                        0x080001b1   Thumb Code     0  entry5.o(.ARM.Collect$$$$00000004)
    __main_after_scatterload                 0x080001b5   Thumb Code     0  entry5.o(.ARM.Collect$$$$00000004)
    _main_clock                              0x080001b5   Thumb Code     0  entry7b.o(.ARM.Collect$$$$00000008)
    _main_cpp_init                           0x080001b5   Thumb Code     0  entry8b.o(.ARM.Collect$$$$0000000A)
    _main_init                               0x080001b5   Thumb Code     0  entry9a.o(.ARM.Collect$$$$0000000B)
    __rt_final_cpp                           0x080001bd   Thumb Code     0  entry10a.o(.ARM.Collect$$$$0000000D)
    __rt_final_exit                          0x080001bd   Thumb Code     0  entry11a.o(.ARM.Collect$$$$0000000F)
    Reset_Handler                            0x080001c1   Thumb Code     8  startup_gd32f450_470.o(.text)
    NMI_Handler                              0x080001c9   Thumb Code     2  startup_gd32f450_470.o(.text)
    HardFault_Handler                        0x080001cb   Thumb Code     2  startup_gd32f450_470.o(.text)
    MemManage_Handler                        0x080001cd   Thumb Code     2  startup_gd32f450_470.o(.text)
    BusFault_Handler                         0x080001cf   Thumb Code     2  startup_gd32f450_470.o(.text)
    UsageFault_Handler                       0x080001d1   Thumb Code     2  startup_gd32f450_470.o(.text)
    DebugMon_Handler                         0x080001d5   Thumb Code     2  startup_gd32f450_470.o(.text)
    ADC_IRQHandler                           0x080001db   Thumb Code     0  startup_gd32f450_470.o(.text)
    CAN0_EWMC_IRQHandler                     0x080001db   Thumb Code     0  startup_gd32f450_470.o(.text)
    CAN0_RX0_IRQHandler                      0x080001db   Thumb Code     0  startup_gd32f450_470.o(.text)
    CAN0_RX1_IRQHandler                      0x080001db   Thumb Code     0  startup_gd32f450_470.o(.text)
    CAN0_TX_IRQHandler                       0x080001db   Thumb Code     0  startup_gd32f450_470.o(.text)
    CAN1_EWMC_IRQHandler                     0x080001db   Thumb Code     0  startup_gd32f450_470.o(.text)
    CAN1_RX0_IRQHandler                      0x080001db   Thumb Code     0  startup_gd32f450_470.o(.text)
    CAN1_RX1_IRQHandler                      0x080001db   Thumb Code     0  startup_gd32f450_470.o(.text)
    CAN1_TX_IRQHandler                       0x080001db   Thumb Code     0  startup_gd32f450_470.o(.text)
    DCI_IRQHandler                           0x080001db   Thumb Code     0  startup_gd32f450_470.o(.text)
    DMA0_Channel0_IRQHandler                 0x080001db   Thumb Code     0  startup_gd32f450_470.o(.text)
    DMA0_Channel2_IRQHandler                 0x080001db   Thumb Code     0  startup_gd32f450_470.o(.text)
    DMA0_Channel3_IRQHandler                 0x080001db   Thumb Code     0  startup_gd32f450_470.o(.text)
    DMA0_Channel4_IRQHandler                 0x080001db   Thumb Code     0  startup_gd32f450_470.o(.text)
    DMA0_Channel5_IRQHandler                 0x080001db   Thumb Code     0  startup_gd32f450_470.o(.text)
    DMA0_Channel6_IRQHandler                 0x080001db   Thumb Code     0  startup_gd32f450_470.o(.text)
    DMA0_Channel7_IRQHandler                 0x080001db   Thumb Code     0  startup_gd32f450_470.o(.text)
    DMA1_Channel1_IRQHandler                 0x080001db   Thumb Code     0  startup_gd32f450_470.o(.text)
    DMA1_Channel2_IRQHandler                 0x080001db   Thumb Code     0  startup_gd32f450_470.o(.text)
    DMA1_Channel3_IRQHandler                 0x080001db   Thumb Code     0  startup_gd32f450_470.o(.text)
    DMA1_Channel4_IRQHandler                 0x080001db   Thumb Code     0  startup_gd32f450_470.o(.text)
    DMA1_Channel5_IRQHandler                 0x080001db   Thumb Code     0  startup_gd32f450_470.o(.text)
    DMA1_Channel6_IRQHandler                 0x080001db   Thumb Code     0  startup_gd32f450_470.o(.text)
    DMA1_Channel7_IRQHandler                 0x080001db   Thumb Code     0  startup_gd32f450_470.o(.text)
    ENET_IRQHandler                          0x080001db   Thumb Code     0  startup_gd32f450_470.o(.text)
    ENET_WKUP_IRQHandler                     0x080001db   Thumb Code     0  startup_gd32f450_470.o(.text)
    EXMC_IRQHandler                          0x080001db   Thumb Code     0  startup_gd32f450_470.o(.text)
    EXTI0_IRQHandler                         0x080001db   Thumb Code     0  startup_gd32f450_470.o(.text)
    EXTI10_15_IRQHandler                     0x080001db   Thumb Code     0  startup_gd32f450_470.o(.text)
    EXTI1_IRQHandler                         0x080001db   Thumb Code     0  startup_gd32f450_470.o(.text)
    EXTI2_IRQHandler                         0x080001db   Thumb Code     0  startup_gd32f450_470.o(.text)
    EXTI3_IRQHandler                         0x080001db   Thumb Code     0  startup_gd32f450_470.o(.text)
    EXTI4_IRQHandler                         0x080001db   Thumb Code     0  startup_gd32f450_470.o(.text)
    EXTI5_9_IRQHandler                       0x080001db   Thumb Code     0  startup_gd32f450_470.o(.text)
    FMC_IRQHandler                           0x080001db   Thumb Code     0  startup_gd32f450_470.o(.text)
    FPU_IRQHandler                           0x080001db   Thumb Code     0  startup_gd32f450_470.o(.text)
    I2C0_ER_IRQHandler                       0x080001db   Thumb Code     0  startup_gd32f450_470.o(.text)
    I2C0_EV_IRQHandler                       0x080001db   Thumb Code     0  startup_gd32f450_470.o(.text)
    I2C1_ER_IRQHandler                       0x080001db   Thumb Code     0  startup_gd32f450_470.o(.text)
    I2C2_ER_IRQHandler                       0x080001db   Thumb Code     0  startup_gd32f450_470.o(.text)
    I2C2_EV_IRQHandler                       0x080001db   Thumb Code     0  startup_gd32f450_470.o(.text)
    IPA_IRQHandler                           0x080001db   Thumb Code     0  startup_gd32f450_470.o(.text)
    LVD_IRQHandler                           0x080001db   Thumb Code     0  startup_gd32f450_470.o(.text)
    RCU_CTC_IRQHandler                       0x080001db   Thumb Code     0  startup_gd32f450_470.o(.text)
    RTC_Alarm_IRQHandler                     0x080001db   Thumb Code     0  startup_gd32f450_470.o(.text)
    RTC_WKUP_IRQHandler                      0x080001db   Thumb Code     0  startup_gd32f450_470.o(.text)
    SDIO_IRQHandler                          0x080001db   Thumb Code     0  startup_gd32f450_470.o(.text)
    SPI0_IRQHandler                          0x080001db   Thumb Code     0  startup_gd32f450_470.o(.text)
    SPI1_IRQHandler                          0x080001db   Thumb Code     0  startup_gd32f450_470.o(.text)
    SPI2_IRQHandler                          0x080001db   Thumb Code     0  startup_gd32f450_470.o(.text)
    SPI3_IRQHandler                          0x080001db   Thumb Code     0  startup_gd32f450_470.o(.text)
    SPI4_IRQHandler                          0x080001db   Thumb Code     0  startup_gd32f450_470.o(.text)
    SPI5_IRQHandler                          0x080001db   Thumb Code     0  startup_gd32f450_470.o(.text)
    TAMPER_STAMP_IRQHandler                  0x080001db   Thumb Code     0  startup_gd32f450_470.o(.text)
    TIMER0_BRK_TIMER8_IRQHandler             0x080001db   Thumb Code     0  startup_gd32f450_470.o(.text)
    TIMER0_Channel_IRQHandler                0x080001db   Thumb Code     0  startup_gd32f450_470.o(.text)
    TIMER0_TRG_CMT_TIMER10_IRQHandler        0x080001db   Thumb Code     0  startup_gd32f450_470.o(.text)
    TIMER0_UP_TIMER9_IRQHandler              0x080001db   Thumb Code     0  startup_gd32f450_470.o(.text)
    TIMER1_IRQHandler                        0x080001db   Thumb Code     0  startup_gd32f450_470.o(.text)
    TIMER2_IRQHandler                        0x080001db   Thumb Code     0  startup_gd32f450_470.o(.text)
    TIMER3_IRQHandler                        0x080001db   Thumb Code     0  startup_gd32f450_470.o(.text)
    TIMER5_DAC_IRQHandler                    0x080001db   Thumb Code     0  startup_gd32f450_470.o(.text)
    TIMER6_IRQHandler                        0x080001db   Thumb Code     0  startup_gd32f450_470.o(.text)
    TIMER7_BRK_TIMER11_IRQHandler            0x080001db   Thumb Code     0  startup_gd32f450_470.o(.text)
    TIMER7_Channel_IRQHandler                0x080001db   Thumb Code     0  startup_gd32f450_470.o(.text)
    TIMER7_TRG_CMT_TIMER13_IRQHandler        0x080001db   Thumb Code     0  startup_gd32f450_470.o(.text)
    TIMER7_UP_TIMER12_IRQHandler             0x080001db   Thumb Code     0  startup_gd32f450_470.o(.text)
    TLI_ER_IRQHandler                        0x080001db   Thumb Code     0  startup_gd32f450_470.o(.text)
    TLI_IRQHandler                           0x080001db   Thumb Code     0  startup_gd32f450_470.o(.text)
    TRNG_IRQHandler                          0x080001db   Thumb Code     0  startup_gd32f450_470.o(.text)
    UART3_IRQHandler                         0x080001db   Thumb Code     0  startup_gd32f450_470.o(.text)
    UART4_IRQHandler                         0x080001db   Thumb Code     0  startup_gd32f450_470.o(.text)
    UART6_IRQHandler                         0x080001db   Thumb Code     0  startup_gd32f450_470.o(.text)
    UART7_IRQHandler                         0x080001db   Thumb Code     0  startup_gd32f450_470.o(.text)
    USART1_IRQHandler                        0x080001db   Thumb Code     0  startup_gd32f450_470.o(.text)
    USART2_IRQHandler                        0x080001db   Thumb Code     0  startup_gd32f450_470.o(.text)
    USART5_IRQHandler                        0x080001db   Thumb Code     0  startup_gd32f450_470.o(.text)
    USBFS_IRQHandler                         0x080001db   Thumb Code     0  startup_gd32f450_470.o(.text)
    USBFS_WKUP_IRQHandler                    0x080001db   Thumb Code     0  startup_gd32f450_470.o(.text)
    USBHS_EP1_In_IRQHandler                  0x080001db   Thumb Code     0  startup_gd32f450_470.o(.text)
    USBHS_EP1_Out_IRQHandler                 0x080001db   Thumb Code     0  startup_gd32f450_470.o(.text)
    USBHS_IRQHandler                         0x080001db   Thumb Code     0  startup_gd32f450_470.o(.text)
    USBHS_WKUP_IRQHandler                    0x080001db   Thumb Code     0  startup_gd32f450_470.o(.text)
    WWDGT_IRQHandler                         0x080001db   Thumb Code     0  startup_gd32f450_470.o(.text)
    __aeabi_memcpy                           0x080001e5   Thumb Code    36  memcpya.o(.text)
    __aeabi_memcpy4                          0x080001e5   Thumb Code     0  memcpya.o(.text)
    __aeabi_memcpy8                          0x080001e5   Thumb Code     0  memcpya.o(.text)
    __aeabi_memset                           0x08000209   Thumb Code    14  memseta.o(.text)
    __aeabi_memset4                          0x08000209   Thumb Code     0  memseta.o(.text)
    __aeabi_memset8                          0x08000209   Thumb Code     0  memseta.o(.text)
    __aeabi_memclr                           0x08000217   Thumb Code     4  memseta.o(.text)
    __aeabi_memclr4                          0x08000217   Thumb Code     0  memseta.o(.text)
    __aeabi_memclr8                          0x08000217   Thumb Code     0  memseta.o(.text)
    _memset$wrapper                          0x0800021b   Thumb Code    18  memseta.o(.text)
    atoi                                     0x0800022d   Thumb Code    26  atoi.o(.text)
    __aeabi_dadd                             0x08000247   Thumb Code   322  dadd.o(.text)
    __aeabi_dsub                             0x08000389   Thumb Code     6  dadd.o(.text)
    __aeabi_drsub                            0x0800038f   Thumb Code     6  dadd.o(.text)
    __aeabi_ddiv                             0x08000395   Thumb Code   222  ddiv.o(.text)
    __aeabi_dcmplt                           0x08000473   Thumb Code    54  dcmplt.o(.text)
    __aeabi_f2d                              0x080004a9   Thumb Code    38  f2d.o(.text)
    __aeabi_d2f                              0x080004cf   Thumb Code    56  d2f.o(.text)
    __aeabi_uidiv                            0x08000507   Thumb Code     0  uidiv.o(.text)
    __aeabi_uidivmod                         0x08000507   Thumb Code    44  uidiv.o(.text)
    __aeabi_uldivmod                         0x08000533   Thumb Code    98  uldiv.o(.text)
    __aeabi_llsl                             0x08000595   Thumb Code    30  llshl.o(.text)
    _ll_shift_l                              0x08000595   Thumb Code     0  llshl.o(.text)
    __aeabi_lasr                             0x080005b3   Thumb Code    36  llsshr.o(.text)
    _ll_sshift_r                             0x080005b3   Thumb Code     0  llsshr.o(.text)
    strtol                                   0x080005d7   Thumb Code   112  strtol.o(.text)
    __I$use$fp                               0x08000647   Thumb Code     0  iusefp.o(.text)
    _float_round                             0x08000647   Thumb Code    18  fepilogue.o(.text)
    _float_epilogue                          0x08000659   Thumb Code    92  fepilogue.o(.text)
    _double_round                            0x080006b5   Thumb Code    30  depilogue.o(.text)
    _double_epilogue                         0x080006d3   Thumb Code   156  depilogue.o(.text)
    __aeabi_dmul                             0x0800076f   Thumb Code   228  dmul.o(.text)
    __ARM_scalbn                             0x08000853   Thumb Code    46  dscalb.o(.text)
    scalbn                                   0x08000853   Thumb Code     0  dscalb.o(.text)
    __aeabi_i2d                              0x08000881   Thumb Code    34  dflti.o(.text)
    __aeabi_d2ulz                            0x080008a3   Thumb Code    48  dfixul.o(.text)
    __aeabi_cdrcmple                         0x080008d5   Thumb Code    48  cdrcmple.o(.text)
    __scatterload                            0x08000905   Thumb Code    28  init.o(.text)
    __scatterload_rt2                        0x08000905   Thumb Code     0  init.o(.text)
    __aeabi_llsr                             0x08000929   Thumb Code    32  llushr.o(.text)
    _ll_ushift_r                             0x08000929   Thumb Code     0  llushr.o(.text)
    __rt_ctype_table                         0x08000949   Thumb Code     4  ctype_o.o(.text)
    _strtoul                                 0x08000951   Thumb Code   158  _strtoul.o(.text)
    _dsqrt                                   0x080009ef   Thumb Code   162  dsqrt.o(.text)
    _chval                                   0x08000a91   Thumb Code    28  _chval.o(.text)
    ADC2_DMA_init_454                        0x08000aad   Thumb Code   126  454software.o(.text.ADC2_DMA_init_454)
    ADC2_init_454                            0x08000b2d   Thumb Code   230  454software.o(.text.ADC2_init_454)
    DMA0_Channel1_IRQHandler                 0x08000c15   Thumb Code   274  454software.o(.text.DMA0_Channel1_IRQHandler)
    DMA1_Channel0_IRQHandler                 0x08000d29   Thumb Code   184  454software.o(.text.DMA1_Channel0_IRQHandler)
    FS4301_get_data_454                      0x08000de1   Thumb Code   128  454software.o(.text.FS4301_get_data_454)
    I2C1_EV_IRQHandler                       0x08000e61   Thumb Code     2  454software.o(.text.I2C1_EV_IRQHandler)
    I2C_init_454                             0x08000e65   Thumb Code   422  454software.o(.text.I2C_init_454)
    LED_init_454                             0x0800100d   Thumb Code   126  454software.o(.text.LED_init_454)
    MAX31865_CsOff                           0x0800108d   Thumb Code    24  454software.o(.text.MAX31865_CsOff)
    MAX31865_CsOn                            0x080010a5   Thumb Code    24  454software.o(.text.MAX31865_CsOn)
    MAX31865_HWInit                          0x080010bd   Thumb Code    20  454software.o(.text.MAX31865_HWInit)
    MAX31865_Spi_ReadByte                    0x080010d1   Thumb Code    18  454software.o(.text.MAX31865_Spi_ReadByte)
    MAX31865_Spi_WriteByte                   0x080010e5   Thumb Code    24  454software.o(.text.MAX31865_Spi_WriteByte)
    MAX31865_TempGet_454                     0x08001101   Thumb Code   256  454software.o(.text.MAX31865_TempGet_454)
    MAX31865_bufRead                         0x08001201   Thumb Code    50  454software.o(.text.MAX31865_bufRead)
    MAX31865_bufWrite                        0x08001235   Thumb Code    54  454software.o(.text.MAX31865_bufWrite)
    NVIC_init_454                            0x0800126d   Thumb Code    48  454software.o(.text.NVIC_init_454)
    P10_get                                  0x0800129d   Thumb Code    34  454software.o(.text.P10_get)
    P11_get                                  0x080012c1   Thumb Code    34  454software.o(.text.P11_get)
    P12_get                                  0x080012e5   Thumb Code    34  454software.o(.text.P12_get)
    P13_get                                  0x08001309   Thumb Code    30  454software.o(.text.P13_get)
    P14_get                                  0x08001329   Thumb Code    30  454software.o(.text.P14_get)
    P15_get                                  0x08001349   Thumb Code    30  454software.o(.text.P15_get)
    P4_PWM_set                               0x08001369   Thumb Code    26  454software.o(.text.P4_PWM_set)
    P5_PWM_set                               0x08001385   Thumb Code    26  454software.o(.text.P5_PWM_set)
    P6_PWM_set                               0x080013a1   Thumb Code    26  454software.o(.text.P6_PWM_set)
    P7_get                                   0x080013bd   Thumb Code    12  454software.o(.text.P7_get)
    P9_get                                   0x080013c9   Thumb Code    12  454software.o(.text.P9_get)
    PWM_IN_init_454                          0x080013d5   Thumb Code   226  454software.o(.text.PWM_IN_init_454)
    PWM_init_454                             0x080014b9   Thumb Code   636  454software.o(.text.PWM_init_454)
    PendSV_Handler                           0x08001741   Thumb Code   100  port.o(.text.PendSV_Handler)
    RCU_init_454                             0x080017a5   Thumb Code   198  454software.o(.text.RCU_init_454)
    SPI1_Transfer                            0x0800186d   Thumb Code   124  454software.o(.text.SPI1_Transfer)
    SPI1_init_454                            0x080018e9   Thumb Code   302  454software.o(.text.SPI1_init_454)
    SVC_Handler                              0x08001a21   Thumb Code    36  port.o(.text.SVC_Handler)
    SysTick_Handler                          0x08001a45   Thumb Code    30  cmsis_os2.o(.text.SysTick_Handler)
    SystemInit                               0x08001a65   Thumb Code   232  system_gd32f4xx.o(.text.SystemInit)
    TIMER4_IRQHandler                        0x08001b51   Thumb Code   240  454software.o(.text.TIMER4_IRQHandler)
    TIMER_init_454                           0x08001c41   Thumb Code    64  454software.o(.text.TIMER_init_454)
    USART0_IRQHandler                        0x08001c81   Thumb Code   210  454software.o(.text.USART0_IRQHandler)
    USART0_init_454                          0x08001d55   Thumb Code   206  454software.o(.text.USART0_init_454)
    USART2_init_454                          0x08001e25   Thumb Code   334  454software.o(.text.USART2_init_454)
    YDP_init_454                             0x08001f75   Thumb Code    54  454software.o(.text.YDP_init_454)
    ZXP2_Caculate                            0x08001fb1   Thumb Code   456  454software.o(.text.ZXP2_Caculate)
    ZXP2_get_data_454                        0x08002179   Thumb Code   120  454software.o(.text.ZXP2_get_data_454)
    ZXP8_Caculate                            0x080021f1   Thumb Code   456  454software.o(.text.ZXP8_Caculate)
    ZXP8_get_data_454                        0x080023b9   Thumb Code   120  454software.o(.text.ZXP8_get_data_454)
    ZXP_ConStatus                            0x08002431   Thumb Code    66  454software.o(.text.ZXP_ConStatus)
    ZXP_Initial                              0x08002475   Thumb Code    26  454software.o(.text.ZXP_Initial)
    ZXP_ResultP                              0x08002491   Thumb Code    80  454software.o(.text.ZXP_ResultP)
    ZXP_ResultT                              0x080024e1   Thumb Code    80  454software.o(.text.ZXP_ResultT)
    ZXP_StartP                               0x08002531   Thumb Code    68  454software.o(.text.ZXP_StartP)
    ZXP_StartT                               0x08002575   Thumb Code    64  454software.o(.text.ZXP_StartT)
    adc_calibration_enable                   0x080025b5   Thumb Code    60  gd32f4xx_adc.o(.text.adc_calibration_enable)
    adc_channel_length_config                0x080025f1   Thumb Code   142  gd32f4xx_adc.o(.text.adc_channel_length_config)
    adc_clock_config                         0x08002681   Thumb Code    32  gd32f4xx_adc.o(.text.adc_clock_config)
    adc_data_alignment_config                0x080026a1   Thumb Code    40  gd32f4xx_adc.o(.text.adc_data_alignment_config)
    adc_deinit                               0x080026c9   Thumb Code    24  gd32f4xx_adc.o(.text.adc_deinit)
    adc_dma_mode_enable                      0x080026e1   Thumb Code    18  gd32f4xx_adc.o(.text.adc_dma_mode_enable)
    adc_dma_request_after_last_enable        0x080026f5   Thumb Code    18  gd32f4xx_adc.o(.text.adc_dma_request_after_last_enable)
    adc_enable                               0x08002709   Thumb Code    30  gd32f4xx_adc.o(.text.adc_enable)
    adc_external_trigger_config              0x08002729   Thumb Code    86  gd32f4xx_adc.o(.text.adc_external_trigger_config)
    adc_regular_channel_config               0x08002781   Thumb Code   372  gd32f4xx_adc.o(.text.adc_regular_channel_config)
    adc_resolution_config                    0x080028f5   Thumb Code    30  gd32f4xx_adc.o(.text.adc_resolution_config)
    adc_software_trigger_enable              0x08002915   Thumb Code    60  gd32f4xx_adc.o(.text.adc_software_trigger_enable)
    adc_special_function_config              0x08002951   Thumb Code   166  gd32f4xx_adc.o(.text.adc_special_function_config)
    adc_sync_mode_config                     0x080029f9   Thumb Code    32  gd32f4xx_adc.o(.text.adc_sync_mode_config)
    adc_to_voltage                           0x08002a19   Thumb Code    48  454software.o(.text.adc_to_voltage)
    delay_ms_454                             0x08002a49   Thumb Code   208  454software.o(.text.delay_ms_454)
    dma_channel_disable                      0x08002b19   Thumb Code    34  gd32f4xx_dma.o(.text.dma_channel_disable)
    dma_channel_enable                       0x08002b3d   Thumb Code    34  gd32f4xx_dma.o(.text.dma_channel_enable)
    dma_channel_subperipheral_select         0x08002b61   Thumb Code    72  gd32f4xx_dma.o(.text.dma_channel_subperipheral_select)
    dma_deinit                               0x08002ba9   Thumb Code   220  gd32f4xx_dma.o(.text.dma_deinit)
    dma_interrupt_enable                     0x08002c85   Thumb Code    70  gd32f4xx_dma.o(.text.dma_interrupt_enable)
    dma_interrupt_flag_clear                 0x08002ccd   Thumb Code   102  gd32f4xx_dma.o(.text.dma_interrupt_flag_clear)
    dma_interrupt_flag_get                   0x08002d35   Thumb Code   734  gd32f4xx_dma.o(.text.dma_interrupt_flag_get)
    dma_single_data_mode_init                0x08003015   Thumb Code   372  gd32f4xx_dma.o(.text.dma_single_data_mode_init)
    dma_single_data_para_struct_init         0x08003189   Thumb Code    48  gd32f4xx_dma.o(.text.dma_single_data_para_struct_init)
    fputc                                    0x080031b9   Thumb Code    52  454software.o(.text.fputc)
    gpio_af_set                              0x080031ed   Thumb Code   212  gd32f4xx_gpio.o(.text.gpio_af_set)
    gpio_bit_reset                           0x080032c1   Thumb Code    16  gd32f4xx_gpio.o(.text.gpio_bit_reset)
    gpio_bit_set                             0x080032d1   Thumb Code    16  gd32f4xx_gpio.o(.text.gpio_bit_set)
    gpio_mode_set                            0x080032e1   Thumb Code   156  gd32f4xx_gpio.o(.text.gpio_mode_set)
    gpio_output_options_set                  0x0800337d   Thumb Code   146  gd32f4xx_gpio.o(.text.gpio_output_options_set)
    i2c_ack_config                           0x08003411   Thumb Code    42  gd32f4xx_i2c.o(.text.i2c_ack_config)
    i2c_ackpos_config                        0x0800343d   Thumb Code    42  gd32f4xx_i2c.o(.text.i2c_ackpos_config)
    i2c_clock_config                         0x08003469   Thumb Code   354  gd32f4xx_i2c.o(.text.i2c_clock_config)
    i2c_data_receive                         0x080035cd   Thumb Code    14  gd32f4xx_i2c.o(.text.i2c_data_receive)
    i2c_data_transmit                        0x080035dd   Thumb Code    20  gd32f4xx_i2c.o(.text.i2c_data_transmit)
    i2c_deinit                               0x080035f1   Thumb Code   116  gd32f4xx_i2c.o(.text.i2c_deinit)
    i2c_enable                               0x08003665   Thumb Code    18  gd32f4xx_i2c.o(.text.i2c_enable)
    i2c_flag_check_timeout                   0x08003679   Thumb Code    74  454software.o(.text.i2c_flag_check_timeout)
    i2c_flag_clear                           0x080036c5   Thumb Code    62  gd32f4xx_i2c.o(.text.i2c_flag_clear)
    i2c_flag_get                             0x08003705   Thumb Code    58  gd32f4xx_i2c.o(.text.i2c_flag_get)
    i2c_master_addressing                    0x08003741   Thumb Code    46  gd32f4xx_i2c.o(.text.i2c_master_addressing)
    i2c_master_receive                       0x08003771   Thumb Code   604  454software.o(.text.i2c_master_receive)
    i2c_master_send                          0x080039cd   Thumb Code   210  454software.o(.text.i2c_master_send)
    i2c_mode_addr_config                     0x08003aa1   Thumb Code    64  gd32f4xx_i2c.o(.text.i2c_mode_addr_config)
    i2c_start_on_bus                         0x08003ae1   Thumb Code    18  gd32f4xx_i2c.o(.text.i2c_start_on_bus)
    i2c_stop_on_bus                          0x08003af5   Thumb Code    18  gd32f4xx_i2c.o(.text.i2c_stop_on_bus)
    init_454                                 0x08003b09   Thumb Code    78  454software.o(.text.init_454)
    main                                     0x08003b59   Thumb Code   132  main.o(.text.main)
    motor_control                            0x08003bdd   Thumb Code   122  454software.o(.text.motor_control)
    motor_speed_percent                      0x08003c59   Thumb Code   148  454software.o(.text.motor_speed_percent)
    motor_speed_set                          0x08003ced   Thumb Code     8  main.o(.text.motor_speed_set)
    nvic_irq_enable                          0x08003cf5   Thumb Code   298  gd32f4xx_misc.o(.text.nvic_irq_enable)
    nvic_priority_group_set                  0x08003e21   Thumb Code    28  gd32f4xx_misc.o(.text.nvic_priority_group_set)
    output_all                               0x08003e3d   Thumb Code   526  454software.o(.text.output_all)
    pvPortMalloc                             0x08004cc1   Thumb Code   390  heap_4.o(.text.pvPortMalloc)
    pxPortInitialiseStack                    0x08004e49   Thumb Code    94  port.o(.text.pxPortInitialiseStack)
    rcu_ahb_clock_config                     0x08004ea9   Thumb Code    36  gd32f4xx_rcu.o(.text.rcu_ahb_clock_config)
    rcu_apb1_clock_config                    0x08004ecd   Thumb Code    36  gd32f4xx_rcu.o(.text.rcu_apb1_clock_config)
    rcu_clock_freq_get                       0x08004ef1   Thumb Code   354  gd32f4xx_rcu.o(.text.rcu_clock_freq_get)
    rcu_periph_clock_enable                  0x08005055   Thumb Code    40  gd32f4xx_rcu.o(.text.rcu_periph_clock_enable)
    rcu_periph_reset_disable                 0x0800507d   Thumb Code    40  gd32f4xx_rcu.o(.text.rcu_periph_reset_disable)
    rcu_periph_reset_enable                  0x080050a5   Thumb Code    40  gd32f4xx_rcu.o(.text.rcu_periph_reset_enable)
    sensor_get                               0x080050cd   Thumb Code    18  main.o(.text.sensor_get)
    spi_enable                               0x080050e1   Thumb Code    18  gd32f4xx_spi.o(.text.spi_enable)
    spi_i2s_data_receive                     0x080050f5   Thumb Code    14  gd32f4xx_spi.o(.text.spi_i2s_data_receive)
    spi_i2s_data_transmit                    0x08005105   Thumb Code    20  gd32f4xx_spi.o(.text.spi_i2s_data_transmit)
    spi_i2s_deinit                           0x08005119   Thumb Code   218  gd32f4xx_spi.o(.text.spi_i2s_deinit)
    spi_i2s_flag_get                         0x080051f5   Thumb Code    42  gd32f4xx_spi.o(.text.spi_i2s_flag_get)
    spi_init                                 0x08005221   Thumb Code   114  gd32f4xx_spi.o(.text.spi_init)
    timer_auto_reload_shadow_enable          0x080053fd   Thumb Code    18  gd32f4xx_timer.o(.text.timer_auto_reload_shadow_enable)
    timer_autoreload_value_config            0x08005411   Thumb Code    16  gd32f4xx_timer.o(.text.timer_autoreload_value_config)
    timer_channel_capture_value_register_read 0x08005421   Thumb Code    74  gd32f4xx_timer.o(.text.timer_channel_capture_value_register_read)
    timer_channel_input_capture_prescaler_config 0x0800546d   Thumb Code   140  gd32f4xx_timer.o(.text.timer_channel_input_capture_prescaler_config)
    timer_channel_output_config              0x080054f9   Thumb Code   712  gd32f4xx_timer.o(.text.timer_channel_output_config)
    timer_channel_output_mode_config         0x080057c1   Thumb Code   140  gd32f4xx_timer.o(.text.timer_channel_output_mode_config)
    timer_channel_output_pulse_value_config  0x0800584d   Thumb Code    70  gd32f4xx_timer.o(.text.timer_channel_output_pulse_value_config)
    timer_channel_output_shadow_config       0x08005895   Thumb Code   140  gd32f4xx_timer.o(.text.timer_channel_output_shadow_config)
    timer_counter_value_config               0x08005921   Thumb Code    16  gd32f4xx_timer.o(.text.timer_counter_value_config)
    timer_deinit                             0x08005931   Thumb Code   488  gd32f4xx_timer.o(.text.timer_deinit)
    timer_enable                             0x08005b19   Thumb Code    18  gd32f4xx_timer.o(.text.timer_enable)
    timer_flag_clear                         0x08005b2d   Thumb Code    18  gd32f4xx_timer.o(.text.timer_flag_clear)
    timer_flag_get                           0x08005b41   Thumb Code    42  gd32f4xx_timer.o(.text.timer_flag_get)
    timer_init                               0x08005b6d   Thumb Code   256  gd32f4xx_timer.o(.text.timer_init)
    timer_input_capture_config               0x08005c6d   Thumb Code   426  gd32f4xx_timer.o(.text.timer_input_capture_config)
    timer_interrupt_enable                   0x08005e19   Thumb Code    20  gd32f4xx_timer.o(.text.timer_interrupt_enable)
    timer_interrupt_flag_clear               0x08005e2d   Thumb Code    18  gd32f4xx_timer.o(.text.timer_interrupt_flag_clear)
    timer_interrupt_flag_get                 0x08005e41   Thumb Code    58  gd32f4xx_timer.o(.text.timer_interrupt_flag_get)
    usart_baudrate_set                       0x08005e7d   Thumb Code   344  gd32f4xx_usart.o(.text.usart_baudrate_set)
    usart_data_receive                       0x08005fd5   Thumb Code    16  gd32f4xx_usart.o(.text.usart_data_receive)
    usart_data_transmit                      0x08005fe5   Thumb Code    20  gd32f4xx_usart.o(.text.usart_data_transmit)
    usart_deinit                             0x08005ff9   Thumb Code   286  gd32f4xx_usart.o(.text.usart_deinit)
    usart_disable                            0x08006119   Thumb Code    18  gd32f4xx_usart.o(.text.usart_disable)
    usart_dma_receive_config                 0x0800612d   Thumb Code    42  gd32f4xx_usart.o(.text.usart_dma_receive_config)
    usart_enable                             0x08006159   Thumb Code    18  gd32f4xx_usart.o(.text.usart_enable)
    usart_flag_get                           0x0800616d   Thumb Code    58  gd32f4xx_usart.o(.text.usart_flag_get)
    usart_hardware_flow_cts_config           0x080061a9   Thumb Code    42  gd32f4xx_usart.o(.text.usart_hardware_flow_cts_config)
    usart_hardware_flow_rts_config           0x080061d5   Thumb Code    42  gd32f4xx_usart.o(.text.usart_hardware_flow_rts_config)
    usart_interrupt_enable                   0x08006201   Thumb Code    36  gd32f4xx_usart.o(.text.usart_interrupt_enable)
    usart_interrupt_flag_get                 0x08006225   Thumb Code    94  gd32f4xx_usart.o(.text.usart_interrupt_flag_get)
    usart_parity_config                      0x08006285   Thumb Code    30  gd32f4xx_usart.o(.text.usart_parity_config)
    usart_prescaler_config                   0x080062a5   Thumb Code    34  gd32f4xx_usart.o(.text.usart_prescaler_config)
    usart_receive_config                     0x080062c9   Thumb Code    42  gd32f4xx_usart.o(.text.usart_receive_config)
    usart_stop_bit_set                       0x080062f5   Thumb Code    30  gd32f4xx_usart.o(.text.usart_stop_bit_set)
    usart_transmit_config                    0x08006315   Thumb Code    42  gd32f4xx_usart.o(.text.usart_transmit_config)
    usart_word_length_set                    0x08006341   Thumb Code    30  gd32f4xx_usart.o(.text.usart_word_length_set)
    uxListRemove                             0x08006361   Thumb Code    72  list.o(.text.uxListRemove)
    vApplicationGetIdleTaskMemory            0x080063a9   Thumb Code    42  cmsis_os2.o(.text.vApplicationGetIdleTaskMemory)
    vApplicationGetTimerTaskMemory           0x080063d5   Thumb Code    42  cmsis_os2.o(.text.vApplicationGetTimerTaskMemory)
    vApplicationStackOverflowHook            0x08006401   Thumb Code    30  main.o(.text.vApplicationStackOverflowHook)
    vListInitialise                          0x08006421   Thumb Code    46  list.o(.text.vListInitialise)
    vListInitialiseItem                      0x08006451   Thumb Code    14  list.o(.text.vListInitialiseItem)
    vListInsert                              0x08006461   Thumb Code   106  list.o(.text.vListInsert)
    vPortEnterCritical                       0x080064e1   Thumb Code    48  port.o(.text.vPortEnterCritical)
    vPortExitCritical                        0x08006511   Thumb Code    38  port.o(.text.vPortExitCritical)
    vPortFree                                0x08006539   Thumb Code   118  heap_4.o(.text.vPortFree)
    vPortSetupTimerInterrupt                 0x080065b1   Thumb Code    68  port.o(.text.vPortSetupTimerInterrupt)
    vQueueWaitForMessageRestricted           0x080065f5   Thumb Code   100  queue.o(.text.vQueueWaitForMessageRestricted)
    vTaskInternalSetTimeOutState             0x08006659   Thumb Code    36  tasks.o(.text.vTaskInternalSetTimeOutState)
    vTaskMissedYield                         0x0800667d   Thumb Code    14  tasks.o(.text.vTaskMissedYield)
    vTaskPlaceOnEventList                    0x0800668d   Thumb Code    38  tasks.o(.text.vTaskPlaceOnEventList)
    vTaskPlaceOnEventListRestricted          0x080066b5   Thumb Code    96  tasks.o(.text.vTaskPlaceOnEventListRestricted)
    vTaskStartScheduler                      0x08006715   Thumb Code   196  tasks.o(.text.vTaskStartScheduler)
    vTaskSuspendAll                          0x080067d9   Thumb Code    16  tasks.o(.text.vTaskSuspendAll)
    vTaskSwitchContext                       0x080067e9   Thumb Code   260  tasks.o(.text.vTaskSwitchContext)
    xPortStartScheduler                      0x080068ed   Thumb Code    84  port.o(.text.xPortStartScheduler)
    xPortSysTickHandler                      0x08006941   Thumb Code    60  port.o(.text.xPortSysTickHandler)
    xQueueGenericCreateStatic                0x0800697d   Thumb Code   108  queue.o(.text.xQueueGenericCreateStatic)
    xQueueGenericReset                       0x080069e9   Thumb Code   208  queue.o(.text.xQueueGenericReset)
    xQueueReceive                            0x08006ab9   Thumb Code   338  queue.o(.text.xQueueReceive)
    xTaskCheckForTimeOut                     0x08006c0d   Thumb Code   154  tasks.o(.text.xTaskCheckForTimeOut)
    xTaskCreate                              0x08006ca9   Thumb Code   166  tasks.o(.text.xTaskCreate)
    xTaskCreateStatic                        0x08006d51   Thumb Code   122  tasks.o(.text.xTaskCreateStatic)
    xTaskGetSchedulerState                   0x08006dcd   Thumb Code    56  tasks.o(.text.xTaskGetSchedulerState)
    xTaskGetTickCount                        0x08006e05   Thumb Code    20  tasks.o(.text.xTaskGetTickCount)
    xTaskIncrementTick                       0x08006e19   Thumb Code   582  tasks.o(.text.xTaskIncrementTick)
    xTaskRemoveFromEventList                 0x08007061   Thumb Code   380  tasks.o(.text.xTaskRemoveFromEventList)
    xTaskResumeAll                           0x080071dd   Thumb Code   522  tasks.o(.text.xTaskResumeAll)
    xTimerCreateTimerTask                    0x080073e9   Thumb Code   120  timers.o(.text.xTimerCreateTimerTask)
    __0printf                                0x08007461   Thumb Code    22  printfa.o(i.__0printf)
    __1printf                                0x08007461   Thumb Code     0  printfa.o(i.__0printf)
    __2printf                                0x08007461   Thumb Code     0  printfa.o(i.__0printf)
    __c89printf                              0x08007461   Thumb Code     0  printfa.o(i.__0printf)
    printf                                   0x08007461   Thumb Code     0  printfa.o(i.__0printf)
    __ARM_fpclassify                         0x08007481   Thumb Code    48  fpclassify.o(i.__ARM_fpclassify)
    __aeabi_errno_addr                       0x080074b1   Thumb Code     4  errno.o(i.__aeabi_errno_addr)
    __rt_errno_addr                          0x080074b1   Thumb Code     0  errno.o(i.__aeabi_errno_addr)
    __hardfp_pow                             0x080074b9   Thumb Code  3088  pow.o(i.__hardfp_pow)
    __kernel_poly                            0x08008119   Thumb Code   248  poly.o(i.__kernel_poly)
    __mathlib_dbl_divzero                    0x08008211   Thumb Code    28  dunder.o(i.__mathlib_dbl_divzero)
    __mathlib_dbl_infnan2                    0x08008241   Thumb Code    20  dunder.o(i.__mathlib_dbl_infnan2)
    __mathlib_dbl_invalid                    0x08008259   Thumb Code    24  dunder.o(i.__mathlib_dbl_invalid)
    __mathlib_dbl_overflow                   0x08008279   Thumb Code    24  dunder.o(i.__mathlib_dbl_overflow)
    __mathlib_dbl_underflow                  0x08008299   Thumb Code    24  dunder.o(i.__mathlib_dbl_underflow)
    __scatterload_copy                       0x080082b9   Thumb Code    14  handlers.o(i.__scatterload_copy)
    __scatterload_null                       0x080082c7   Thumb Code     2  handlers.o(i.__scatterload_null)
    __scatterload_zeroinit                   0x080082c9   Thumb Code    14  handlers.o(i.__scatterload_zeroinit)
    __set_errno                              0x080082d9   Thumb Code     6  errno.o(i.__set_errno)
    fabs                                     0x08008b97   Thumb Code    24  fabs.o(i.fabs)
    sqrt                                     0x08008baf   Thumb Code   110  sqrt.o(i.sqrt)
    __mathlib_zero                           0x08008ca8   Data           8  qnan.o(.constdata)
    __ctype_table                            0x08008cb0   Data         129  ctype_o.o(.constdata)
    uxTopUsedPriority                        0x08008ec8   Data           4  tasks.o(.rodata.uxTopUsedPriority)
    Region$$Table$$Base                      0x08008ecc   Number         0  anon$$obj.o(Region$$Table)
    Region$$Table$$Limit                     0x08008eec   Number         0  anon$$obj.o(Region$$Table)
    __stdout                                 0x20000000   Data           4  stdout.o(.data)
    SystemCoreClock                          0x20000008   Data           4  system_gd32f4xx.o(.data.SystemCoreClock)
    MOTOR_received_frame                     0x20000010   Data           6  454software.o(.bss.MOTOR_received_frame)
    adc_values_454                           0x20000016   Data          12  454software.o(.bss.adc_values_454)
    motor_status                             0x20000024   Data          16  454software.o(.bss.motor_status)
    pwm_values                               0x200000d8   Data          36  454software.o(.bss.pwm_values)
    pxCurrentTCB                             0x200000fc   Data           4  tasks.o(.bss.pxCurrentTCB)
    sensor_data                              0x20000574   Data          24  454software.o(.bss.sensor_data)
    usart0_res                               0x2000258c   Data          12  454software.o(.bss.usart0_res)
    usart0_res_length                        0x20002598   Data           4  454software.o(.bss.usart0_res_length)
    __initial_sp                             0x2001ba70   Data           0  startup_gd32f450_470.o(STACK)



==============================================================================

Memory Map of the image

  Image Entry point : 0x080001ad

  Load Region LR_IROM1 (Base: 0x08000000, Size: 0x00008f00, Max: 0x00300000, ABSOLUTE)

    Execution Region ER_IROM1 (Exec base: 0x08000000, Load base: 0x08000000, Size: 0x00008eec, Max: 0x00300000, ABSOLUTE)

    Exec Addr    Load Addr    Size         Type   Attr      Idx    E Section Name        Object

    0x08000000   0x08000000   0x000001ac   Data   RO         2332    RESET               startup_gd32f450_470.o
    0x080001ac   0x080001ac   0x00000000   Code   RO         2849  * .ARM.Collect$$$$00000000  mc_w.l(entry.o)
    0x080001ac   0x080001ac   0x00000004   Code   RO         2929    .ARM.Collect$$$$00000001  mc_w.l(entry2.o)
    0x080001b0   0x080001b0   0x00000004   Code   RO         2932    .ARM.Collect$$$$00000004  mc_w.l(entry5.o)
    0x080001b4   0x080001b4   0x00000000   Code   RO         2934    .ARM.Collect$$$$00000008  mc_w.l(entry7b.o)
    0x080001b4   0x080001b4   0x00000000   Code   RO         2936    .ARM.Collect$$$$0000000A  mc_w.l(entry8b.o)
    0x080001b4   0x080001b4   0x00000008   Code   RO         2937    .ARM.Collect$$$$0000000B  mc_w.l(entry9a.o)
    0x080001bc   0x080001bc   0x00000000   Code   RO         2939    .ARM.Collect$$$$0000000D  mc_w.l(entry10a.o)
    0x080001bc   0x080001bc   0x00000000   Code   RO         2941    .ARM.Collect$$$$0000000F  mc_w.l(entry11a.o)
    0x080001bc   0x080001bc   0x00000004   Code   RO         2930    .ARM.Collect$$$$00002712  mc_w.l(entry2.o)
    0x080001c0   0x080001c0   0x00000024   Code   RO         2333    .text               startup_gd32f450_470.o
    0x080001e4   0x080001e4   0x00000024   Code   RO         2852    .text               mc_w.l(memcpya.o)
    0x08000208   0x08000208   0x00000024   Code   RO         2854    .text               mc_w.l(memseta.o)
    0x0800022c   0x0800022c   0x0000001a   Code   RO         2886    .text               mc_w.l(atoi.o)
    0x08000246   0x08000246   0x0000014e   Code   RO         2888    .text               mf_w.l(dadd.o)
    0x08000394   0x08000394   0x000000de   Code   RO         2890    .text               mf_w.l(ddiv.o)
    0x08000472   0x08000472   0x00000036   Code   RO         2892    .text               mf_w.l(dcmplt.o)
    0x080004a8   0x080004a8   0x00000026   Code   RO         2894    .text               mf_w.l(f2d.o)
    0x080004ce   0x080004ce   0x00000038   Code   RO         2896    .text               mf_w.l(d2f.o)
    0x08000506   0x08000506   0x0000002c   Code   RO         2953    .text               mc_w.l(uidiv.o)
    0x08000532   0x08000532   0x00000062   Code   RO         2955    .text               mc_w.l(uldiv.o)
    0x08000594   0x08000594   0x0000001e   Code   RO         2957    .text               mc_w.l(llshl.o)
    0x080005b2   0x080005b2   0x00000024   Code   RO         2959    .text               mc_w.l(llsshr.o)
    0x080005d6   0x080005d6   0x00000070   Code   RO         2968    .text               mc_w.l(strtol.o)
    0x08000646   0x08000646   0x00000000   Code   RO         2970    .text               mc_w.l(iusefp.o)
    0x08000646   0x08000646   0x0000006e   Code   RO         2971    .text               mf_w.l(fepilogue.o)
    0x080006b4   0x080006b4   0x000000ba   Code   RO         2973    .text               mf_w.l(depilogue.o)
    0x0800076e   0x0800076e   0x000000e4   Code   RO         2975    .text               mf_w.l(dmul.o)
    0x08000852   0x08000852   0x0000002e   Code   RO         2979    .text               mf_w.l(dscalb.o)
    0x08000880   0x08000880   0x00000022   Code   RO         2981    .text               mf_w.l(dflti.o)
    0x080008a2   0x080008a2   0x00000030   Code   RO         2983    .text               mf_w.l(dfixul.o)
    0x080008d2   0x080008d2   0x00000002   PAD
    0x080008d4   0x080008d4   0x00000030   Code   RO         2985    .text               mf_w.l(cdrcmple.o)
    0x08000904   0x08000904   0x00000024   Code   RO         2987    .text               mc_w.l(init.o)
    0x08000928   0x08000928   0x00000020   Code   RO         2989    .text               mc_w.l(llushr.o)
    0x08000948   0x08000948   0x00000008   Code   RO         2991    .text               mc_w.l(ctype_o.o)
    0x08000950   0x08000950   0x0000009e   Code   RO         3019    .text               mc_w.l(_strtoul.o)
    0x080009ee   0x080009ee   0x000000a2   Code   RO         3021    .text               mf_w.l(dsqrt.o)
    0x08000a90   0x08000a90   0x0000001c   Code   RO         3023    .text               mc_w.l(_chval.o)
    0x08000aac   0x08000aac   0x0000007e   Code   RO           53    .text.ADC2_DMA_init_454  454software.o
    0x08000b2a   0x08000b2a   0x00000002   PAD
    0x08000b2c   0x08000b2c   0x000000e6   Code   RO           55    .text.ADC2_init_454  454software.o
    0x08000c12   0x08000c12   0x00000002   PAD
    0x08000c14   0x08000c14   0x00000112   Code   RO          169    .text.DMA0_Channel1_IRQHandler  454software.o
    0x08000d26   0x08000d26   0x00000002   PAD
    0x08000d28   0x08000d28   0x000000b8   Code   RO          167    .text.DMA1_Channel0_IRQHandler  454software.o
    0x08000de0   0x08000de0   0x00000080   Code   RO          119    .text.FS4301_get_data_454  454software.o
    0x08000e60   0x08000e60   0x00000002   Code   RO          165    .text.I2C1_EV_IRQHandler  454software.o
    0x08000e62   0x08000e62   0x00000002   PAD
    0x08000e64   0x08000e64   0x000001a6   Code   RO           33    .text.I2C_init_454  454software.o
    0x0800100a   0x0800100a   0x00000002   PAD
    0x0800100c   0x0800100c   0x0000007e   Code   RO           35    .text.LED_init_454  454software.o
    0x0800108a   0x0800108a   0x00000002   PAD
    0x0800108c   0x0800108c   0x00000018   Code   RO          137    .text.MAX31865_CsOff  454software.o
    0x080010a4   0x080010a4   0x00000018   Code   RO          135    .text.MAX31865_CsOn  454software.o
    0x080010bc   0x080010bc   0x00000014   Code   RO           47    .text.MAX31865_HWInit  454software.o
    0x080010d0   0x080010d0   0x00000012   Code   RO          143    .text.MAX31865_Spi_ReadByte  454software.o
    0x080010e2   0x080010e2   0x00000002   PAD
    0x080010e4   0x080010e4   0x00000018   Code   RO          141    .text.MAX31865_Spi_WriteByte  454software.o
    0x080010fc   0x080010fc   0x00000004   PAD
    0x08001100   0x08001100   0x00000100   Code   RO          127    .text.MAX31865_TempGet_454  454software.o
    0x08001200   0x08001200   0x00000032   Code   RO          147    .text.MAX31865_bufRead  454software.o
    0x08001232   0x08001232   0x00000002   PAD
    0x08001234   0x08001234   0x00000036   Code   RO          145    .text.MAX31865_bufWrite  454software.o
    0x0800126a   0x0800126a   0x00000002   PAD
    0x0800126c   0x0800126c   0x00000030   Code   RO           31    .text.NVIC_init_454  454software.o
    0x0800129c   0x0800129c   0x00000022   Code   RO           83    .text.P10_get       454software.o
    0x080012be   0x080012be   0x00000002   PAD
    0x080012c0   0x080012c0   0x00000022   Code   RO           87    .text.P11_get       454software.o
    0x080012e2   0x080012e2   0x00000002   PAD
    0x080012e4   0x080012e4   0x00000022   Code   RO           91    .text.P12_get       454software.o
    0x08001306   0x08001306   0x00000002   PAD
    0x08001308   0x08001308   0x0000001e   Code   RO          117    .text.P13_get       454software.o
    0x08001326   0x08001326   0x00000002   PAD
    0x08001328   0x08001328   0x0000001e   Code   RO          121    .text.P14_get       454software.o
    0x08001346   0x08001346   0x00000002   PAD
    0x08001348   0x08001348   0x0000001e   Code   RO          123    .text.P15_get       454software.o
    0x08001366   0x08001366   0x00000002   PAD
    0x08001368   0x08001368   0x0000001a   Code   RO          149    .text.P4_PWM_set    454software.o
    0x08001382   0x08001382   0x00000002   PAD
    0x08001384   0x08001384   0x0000001a   Code   RO          151    .text.P5_PWM_set    454software.o
    0x0800139e   0x0800139e   0x00000002   PAD
    0x080013a0   0x080013a0   0x0000001a   Code   RO          153    .text.P6_PWM_set    454software.o
    0x080013ba   0x080013ba   0x00000002   PAD
    0x080013bc   0x080013bc   0x0000000c   Code   RO          125    .text.P7_get        454software.o
    0x080013c8   0x080013c8   0x0000000c   Code   RO          129    .text.P9_get        454software.o
    0x080013d4   0x080013d4   0x000000e2   Code   RO           51    .text.PWM_IN_init_454  454software.o
    0x080014b6   0x080014b6   0x00000002   PAD
    0x080014b8   0x080014b8   0x0000027c   Code   RO           49    .text.PWM_init_454  454software.o
    0x08001734   0x08001734   0x0000000c   PAD
    0x08001740   0x08001740   0x00000064   Code   RO         2432    .text.PendSV_Handler  port.o
    0x080017a4   0x080017a4   0x000000c6   Code   RO           29    .text.RCU_init_454  454software.o
    0x0800186a   0x0800186a   0x00000002   PAD
    0x0800186c   0x0800186c   0x0000007c   Code   RO          139    .text.SPI1_Transfer  454software.o
    0x080018e8   0x080018e8   0x0000012e   Code   RO           45    .text.SPI1_init_454  454software.o
    0x08001a16   0x08001a16   0x0000000a   PAD
    0x08001a20   0x08001a20   0x00000024   Code   RO         2416    .text.SVC_Handler   port.o
    0x08001a44   0x08001a44   0x0000001e   Code   RO          219    .text.SysTick_Handler  cmsis_os2.o
    0x08001a62   0x08001a62   0x00000002   PAD
    0x08001a64   0x08001a64   0x000000e8   Code   RO         2340    .text.SystemInit    system_gd32f4xx.o
    0x08001b4c   0x08001b4c   0x00000004   PAD
    0x08001b50   0x08001b50   0x000000f0   Code   RO          163    .text.TIMER4_IRQHandler  454software.o
    0x08001c40   0x08001c40   0x00000040   Code   RO           39    .text.TIMER_init_454  454software.o
    0x08001c80   0x08001c80   0x000000d2   Code   RO          171    .text.USART0_IRQHandler  454software.o
    0x08001d52   0x08001d52   0x00000002   PAD
    0x08001d54   0x08001d54   0x000000ce   Code   RO           41    .text.USART0_init_454  454software.o
    0x08001e22   0x08001e22   0x00000002   PAD
    0x08001e24   0x08001e24   0x0000014e   Code   RO           43    .text.USART2_init_454  454software.o
    0x08001f72   0x08001f72   0x00000002   PAD
    0x08001f74   0x08001f74   0x00000036   Code   RO           37    .text.YDP_init_454  454software.o
    0x08001faa   0x08001faa   0x00000006   PAD
    0x08001fb0   0x08001fb0   0x000001c8   Code   RO          115    .text.ZXP2_Caculate  454software.o
    0x08002178   0x08002178   0x00000078   Code   RO           89    .text.ZXP2_get_data_454  454software.o
    0x080021f0   0x080021f0   0x000001c8   Code   RO          113    .text.ZXP8_Caculate  454software.o
    0x080023b8   0x080023b8   0x00000078   Code   RO           85    .text.ZXP8_get_data_454  454software.o
    0x08002430   0x08002430   0x00000042   Code   RO          107    .text.ZXP_ConStatus  454software.o
    0x08002472   0x08002472   0x00000002   PAD
    0x08002474   0x08002474   0x0000001a   Code   RO          101    .text.ZXP_Initial   454software.o
    0x0800248e   0x0800248e   0x00000002   PAD
    0x08002490   0x08002490   0x00000050   Code   RO          109    .text.ZXP_ResultP   454software.o
    0x080024e0   0x080024e0   0x00000050   Code   RO          111    .text.ZXP_ResultT   454software.o
    0x08002530   0x08002530   0x00000044   Code   RO          103    .text.ZXP_StartP    454software.o
    0x08002574   0x08002574   0x00000040   Code   RO          105    .text.ZXP_StartT    454software.o
    0x080025b4   0x080025b4   0x0000003c   Code   RO          436    .text.adc_calibration_enable  gd32f4xx_adc.o
    0x080025f0   0x080025f0   0x0000008e   Code   RO          458    .text.adc_channel_length_config  gd32f4xx_adc.o
    0x0800267e   0x0800267e   0x00000002   PAD
    0x08002680   0x08002680   0x00000020   Code   RO          426    .text.adc_clock_config  gd32f4xx_adc.o
    0x080026a0   0x080026a0   0x00000028   Code   RO          430    .text.adc_data_alignment_config  gd32f4xx_adc.o
    0x080026c8   0x080026c8   0x00000018   Code   RO          424    .text.adc_deinit    gd32f4xx_adc.o
    0x080026e0   0x080026e0   0x00000012   Code   RO          448    .text.adc_dma_mode_enable  gd32f4xx_adc.o
    0x080026f2   0x080026f2   0x00000002   PAD
    0x080026f4   0x080026f4   0x00000012   Code   RO          452    .text.adc_dma_request_after_last_enable  gd32f4xx_adc.o
    0x08002706   0x08002706   0x00000002   PAD
    0x08002708   0x08002708   0x0000001e   Code   RO          432    .text.adc_enable    gd32f4xx_adc.o
    0x08002726   0x08002726   0x00000002   PAD
    0x08002728   0x08002728   0x00000056   Code   RO          468    .text.adc_external_trigger_config  gd32f4xx_adc.o
    0x0800277e   0x0800277e   0x00000002   PAD
    0x08002780   0x08002780   0x00000174   Code   RO          460    .text.adc_regular_channel_config  gd32f4xx_adc.o
    0x080028f4   0x080028f4   0x0000001e   Code   RO          440    .text.adc_resolution_config  gd32f4xx_adc.o
    0x08002912   0x08002912   0x00000002   PAD
    0x08002914   0x08002914   0x0000003c   Code   RO          470    .text.adc_software_trigger_enable  gd32f4xx_adc.o
    0x08002950   0x08002950   0x000000a6   Code   RO          428    .text.adc_special_function_config  gd32f4xx_adc.o
    0x080029f6   0x080029f6   0x00000002   PAD
    0x080029f8   0x080029f8   0x00000020   Code   RO          504    .text.adc_sync_mode_config  gd32f4xx_adc.o
    0x08002a18   0x08002a18   0x00000030   Code   RO           73    .text.adc_to_voltage  454software.o
    0x08002a48   0x08002a48   0x000000d0   Code   RO           57    .text.delay_ms_454  454software.o
    0x08002b18   0x08002b18   0x00000022   Code   RO          837    .text.dma_channel_disable  gd32f4xx_dma.o
    0x08002b3a   0x08002b3a   0x00000002   PAD
    0x08002b3c   0x08002b3c   0x00000022   Code   RO          835    .text.dma_channel_enable  gd32f4xx_dma.o
    0x08002b5e   0x08002b5e   0x00000002   PAD
    0x08002b60   0x08002b60   0x00000048   Code   RO          845    .text.dma_channel_subperipheral_select  gd32f4xx_dma.o
    0x08002ba8   0x08002ba8   0x000000dc   Code   RO          799    .text.dma_deinit    gd32f4xx_dma.o
    0x08002c84   0x08002c84   0x00000046   Code   RO          857    .text.dma_interrupt_enable  gd32f4xx_dma.o
    0x08002cca   0x08002cca   0x00000002   PAD
    0x08002ccc   0x08002ccc   0x00000066   Code   RO          863    .text.dma_interrupt_flag_clear  gd32f4xx_dma.o
    0x08002d32   0x08002d32   0x00000002   PAD
    0x08002d34   0x08002d34   0x000002de   Code   RO          861    .text.dma_interrupt_flag_get  gd32f4xx_dma.o
    0x08003012   0x08003012   0x00000002   PAD
    0x08003014   0x08003014   0x00000174   Code   RO          805    .text.dma_single_data_mode_init  gd32f4xx_dma.o
    0x08003188   0x08003188   0x00000030   Code   RO          801    .text.dma_single_data_para_struct_init  gd32f4xx_dma.o
    0x080031b8   0x080031b8   0x00000034   Code   RO           63    .text.fputc         454software.o
    0x080031ec   0x080031ec   0x000000d4   Code   RO         1308    .text.gpio_af_set   gd32f4xx_gpio.o
    0x080032c0   0x080032c0   0x00000010   Code   RO         1294    .text.gpio_bit_reset  gd32f4xx_gpio.o
    0x080032d0   0x080032d0   0x00000010   Code   RO         1292    .text.gpio_bit_set  gd32f4xx_gpio.o
    0x080032e0   0x080032e0   0x0000009c   Code   RO         1288    .text.gpio_mode_set  gd32f4xx_gpio.o
    0x0800337c   0x0800337c   0x00000092   Code   RO         1290    .text.gpio_output_options_set  gd32f4xx_gpio.o
    0x0800340e   0x0800340e   0x00000002   PAD
    0x08003410   0x08003410   0x0000002a   Code   RO         1331    .text.i2c_ack_config  gd32f4xx_i2c.o
    0x0800343a   0x0800343a   0x00000002   PAD
    0x0800343c   0x0800343c   0x0000002a   Code   RO         1333    .text.i2c_ackpos_config  gd32f4xx_i2c.o
    0x08003466   0x08003466   0x00000002   PAD
    0x08003468   0x08003468   0x00000162   Code   RO         1325    .text.i2c_clock_config  gd32f4xx_i2c.o
    0x080035ca   0x080035ca   0x00000002   PAD
    0x080035cc   0x080035cc   0x0000000e   Code   RO         1351    .text.i2c_data_receive  gd32f4xx_i2c.o
    0x080035da   0x080035da   0x00000002   PAD
    0x080035dc   0x080035dc   0x00000014   Code   RO         1349    .text.i2c_data_transmit  gd32f4xx_i2c.o
    0x080035f0   0x080035f0   0x00000074   Code   RO         1323    .text.i2c_deinit    gd32f4xx_i2c.o
    0x08003664   0x08003664   0x00000012   Code   RO         1341    .text.i2c_enable    gd32f4xx_i2c.o
    0x08003676   0x08003676   0x00000002   PAD
    0x08003678   0x08003678   0x0000004a   Code   RO           93    .text.i2c_flag_check_timeout  454software.o
    0x080036c2   0x080036c2   0x00000002   PAD
    0x080036c4   0x080036c4   0x0000003e   Code   RO         1389    .text.i2c_flag_clear  gd32f4xx_i2c.o
    0x08003702   0x08003702   0x00000002   PAD
    0x08003704   0x08003704   0x0000003a   Code   RO         1387    .text.i2c_flag_get  gd32f4xx_i2c.o
    0x0800373e   0x0800373e   0x00000002   PAD
    0x08003740   0x08003740   0x0000002e   Code   RO         1335    .text.i2c_master_addressing  gd32f4xx_i2c.o
    0x0800376e   0x0800376e   0x00000002   PAD
    0x08003770   0x08003770   0x0000025c   Code   RO           95    .text.i2c_master_receive  454software.o
    0x080039cc   0x080039cc   0x000000d2   Code   RO           97    .text.i2c_master_send  454software.o
    0x08003a9e   0x08003a9e   0x00000002   PAD
    0x08003aa0   0x08003aa0   0x00000040   Code   RO         1327    .text.i2c_mode_addr_config  gd32f4xx_i2c.o
    0x08003ae0   0x08003ae0   0x00000012   Code   RO         1345    .text.i2c_start_on_bus  gd32f4xx_i2c.o
    0x08003af2   0x08003af2   0x00000002   PAD
    0x08003af4   0x08003af4   0x00000012   Code   RO         1347    .text.i2c_stop_on_bus  gd32f4xx_i2c.o
    0x08003b06   0x08003b06   0x00000002   PAD
    0x08003b08   0x08003b08   0x0000004e   Code   RO           27    .text.init_454      454software.o
    0x08003b56   0x08003b56   0x00000002   PAD
    0x08003b58   0x08003b58   0x00000084   Code   RO            2    .text.main          main.o
    0x08003bdc   0x08003bdc   0x0000007a   Code   RO          157    .text.motor_control  454software.o
    0x08003c56   0x08003c56   0x00000002   PAD
    0x08003c58   0x08003c58   0x00000094   Code   RO          159    .text.motor_speed_percent  454software.o
    0x08003cec   0x08003cec   0x00000008   Code   RO            6    .text.motor_speed_set  main.o
    0x08003cf4   0x08003cf4   0x0000012a   Code   RO         1488    .text.nvic_irq_enable  gd32f4xx_misc.o
    0x08003e1e   0x08003e1e   0x00000002   PAD
    0x08003e20   0x08003e20   0x0000001c   Code   RO         1486    .text.nvic_priority_group_set  gd32f4xx_misc.o
    0x08003e3c   0x08003e3c   0x0000020e   Code   RO          161    .text.output_all    454software.o
    0x0800404a   0x0800404a   0x00000002   PAD
    0x0800404c   0x0800404c   0x000000fa   Code   RO         2632    .text.prvAddCurrentTaskToDelayedList  tasks.o
    0x08004146   0x08004146   0x00000002   PAD
    0x08004148   0x08004148   0x00000160   Code   RO         2618    .text.prvAddNewTaskToReadyList  tasks.o
    0x080042a8   0x080042a8   0x0000007e   Code   RO         2770    .text.prvCheckForValidListAndQueue  timers.o
    0x08004326   0x08004326   0x00000002   PAD
    0x08004328   0x08004328   0x0000005a   Code   RO         2736    .text.prvCheckTasksWaitingTermination  tasks.o
    0x08004382   0x08004382   0x00000002   PAD
    0x08004384   0x08004384   0x00000042   Code   RO         2518    .text.prvCopyDataFromQueue  queue.o
    0x080043c6   0x080043c6   0x00000002   PAD
    0x080043c8   0x080043c8   0x0000003c   Code   RO         2626    .text.prvDeleteTCB  tasks.o
    0x08004404   0x08004404   0x00000040   Code   RO         2810    .text.prvGetNextExpireTime  timers.o
    0x08004444   0x08004444   0x000000ae   Code   RO         2446    .text.prvHeapInit   heap_4.o
    0x080044f2   0x080044f2   0x00000002   PAD
    0x080044f4   0x080044f4   0x00000038   Code   RO         2658    .text.prvIdleTask   tasks.o
    0x0800452c   0x0800452c   0x00000048   Code   RO         2480    .text.prvInitialiseNewQueue  queue.o
    0x08004574   0x08004574   0x000000e6   Code   RO         2616    .text.prvInitialiseNewTask  tasks.o
    0x0800465a   0x0800465a   0x00000002   PAD
    0x0800465c   0x0800465c   0x0000008e   Code   RO         2734    .text.prvInitialiseTaskLists  tasks.o
    0x080046ea   0x080046ea   0x00000002   PAD
    0x080046ec   0x080046ec   0x000000c6   Code   RO         2448    .text.prvInsertBlockIntoFreeList  heap_4.o
    0x080047b2   0x080047b2   0x00000002   PAD
    0x080047b4   0x080047b4   0x00000086   Code   RO         2824    .text.prvInsertTimerInActiveList  timers.o
    0x0800483a   0x0800483a   0x00000002   PAD
    0x0800483c   0x0800483c   0x00000028   Code   RO         2520    .text.prvIsQueueEmpty  queue.o
    0x08004864   0x08004864   0x00000028   Code   RO         2424    .text.prvPortStartFirstTask  port.o
    0x0800488c   0x0800488c   0x00000054   Code   RO         2818    .text.prvProcessExpiredTimer  timers.o
    0x080048e0   0x080048e0   0x00000144   Code   RO         2814    .text.prvProcessReceivedCommands  timers.o
    0x08004a24   0x08004a24   0x0000009a   Code   RO         2812    .text.prvProcessTimerOrBlockTask  timers.o
    0x08004abe   0x08004abe   0x00000002   PAD
    0x08004ac0   0x08004ac0   0x00000034   Code   RO         2822    .text.prvReloadTimer  timers.o
    0x08004af4   0x08004af4   0x0000003c   Code   RO         2624    .text.prvResetNextTaskUnblockTime  tasks.o
    0x08004b30   0x08004b30   0x00000044   Code   RO         2816    .text.prvSampleTimeNow  timers.o
    0x08004b74   0x08004b74   0x00000052   Code   RO         2820    .text.prvSwitchTimerLists  timers.o
    0x08004bc6   0x08004bc6   0x00000002   PAD
    0x08004bc8   0x08004bc8   0x00000026   Code   RO         2414    .text.prvTaskExitError  port.o
    0x08004bee   0x08004bee   0x00000002   PAD
    0x08004bf0   0x08004bf0   0x0000001e   Code   RO         2772    .text.prvTimerTask  timers.o
    0x08004c0e   0x08004c0e   0x00000002   PAD
    0x08004c10   0x08004c10   0x000000ae   Code   RO         2510    .text.prvUnlockQueue  queue.o
    0x08004cbe   0x08004cbe   0x00000002   PAD
    0x08004cc0   0x08004cc0   0x00000186   Code   RO         2444    .text.pvPortMalloc  heap_4.o
    0x08004e46   0x08004e46   0x00000002   PAD
    0x08004e48   0x08004e48   0x0000005e   Code   RO         2412    .text.pxPortInitialiseStack  port.o
    0x08004ea6   0x08004ea6   0x00000002   PAD
    0x08004ea8   0x08004ea8   0x00000024   Code   RO         1581    .text.rcu_ahb_clock_config  gd32f4xx_rcu.o
    0x08004ecc   0x08004ecc   0x00000024   Code   RO         1583    .text.rcu_apb1_clock_config  gd32f4xx_rcu.o
    0x08004ef0   0x08004ef0   0x00000162   Code   RO         1649    .text.rcu_clock_freq_get  gd32f4xx_rcu.o
    0x08005052   0x08005052   0x00000002   PAD
    0x08005054   0x08005054   0x00000028   Code   RO         1561    .text.rcu_periph_clock_enable  gd32f4xx_rcu.o
    0x0800507c   0x0800507c   0x00000028   Code   RO         1571    .text.rcu_periph_reset_disable  gd32f4xx_rcu.o
    0x080050a4   0x080050a4   0x00000028   Code   RO         1569    .text.rcu_periph_reset_enable  gd32f4xx_rcu.o
    0x080050cc   0x080050cc   0x00000012   Code   RO            4    .text.sensor_get    main.o
    0x080050de   0x080050de   0x00000002   PAD
    0x080050e0   0x080050e0   0x00000012   Code   RO         1856    .text.spi_enable    gd32f4xx_spi.o
    0x080050f2   0x080050f2   0x00000002   PAD
    0x080050f4   0x080050f4   0x0000000e   Code   RO         1884    .text.spi_i2s_data_receive  gd32f4xx_spi.o
    0x08005102   0x08005102   0x00000002   PAD
    0x08005104   0x08005104   0x00000014   Code   RO         1882    .text.spi_i2s_data_transmit  gd32f4xx_spi.o
    0x08005118   0x08005118   0x000000da   Code   RO         1850    .text.spi_i2s_deinit  gd32f4xx_spi.o
    0x080051f2   0x080051f2   0x00000002   PAD
    0x080051f4   0x080051f4   0x0000002a   Code   RO         1924    .text.spi_i2s_flag_get  gd32f4xx_spi.o
    0x0800521e   0x0800521e   0x00000002   PAD
    0x08005220   0x08005220   0x00000072   Code   RO         1854    .text.spi_init      gd32f4xx_spi.o
    0x08005292   0x08005292   0x00000002   PAD
    0x08005294   0x08005294   0x0000015e   Code   RO         2346    .text.system_clock_200m_25m_hxtal  system_gd32f4xx.o
    0x080053f2   0x080053f2   0x00000002   PAD
    0x080053f4   0x080053f4   0x00000008   Code   RO         2342    .text.system_clock_config  system_gd32f4xx.o
    0x080053fc   0x080053fc   0x00000012   Code   RO         1968    .text.timer_auto_reload_shadow_enable  gd32f4xx_timer.o
    0x0800540e   0x0800540e   0x00000002   PAD
    0x08005410   0x08005410   0x00000010   Code   RO         1986    .text.timer_autoreload_value_config  gd32f4xx_timer.o
    0x08005420   0x08005420   0x0000004a   Code   RO         2054    .text.timer_channel_capture_value_register_read  gd32f4xx_timer.o
    0x0800546a   0x0800546a   0x00000002   PAD
    0x0800546c   0x0800546c   0x0000008c   Code   RO         2052    .text.timer_channel_input_capture_prescaler_config  gd32f4xx_timer.o
    0x080054f8   0x080054f8   0x000002c8   Code   RO         2028    .text.timer_channel_output_config  gd32f4xx_timer.o
    0x080057c0   0x080057c0   0x0000008c   Code   RO         2030    .text.timer_channel_output_mode_config  gd32f4xx_timer.o
    0x0800584c   0x0800584c   0x00000046   Code   RO         2032    .text.timer_channel_output_pulse_value_config  gd32f4xx_timer.o
    0x08005892   0x08005892   0x00000002   PAD
    0x08005894   0x08005894   0x0000008c   Code   RO         2034    .text.timer_channel_output_shadow_config  gd32f4xx_timer.o
    0x08005920   0x08005920   0x00000010   Code   RO         1988    .text.timer_counter_value_config  gd32f4xx_timer.o
    0x08005930   0x08005930   0x000001e8   Code   RO         1958    .text.timer_deinit  gd32f4xx_timer.o
    0x08005b18   0x08005b18   0x00000012   Code   RO         1964    .text.timer_enable  gd32f4xx_timer.o
    0x08005b2a   0x08005b2a   0x00000002   PAD
    0x08005b2c   0x08005b2c   0x00000012   Code   RO         2092    .text.timer_flag_clear  gd32f4xx_timer.o
    0x08005b3e   0x08005b3e   0x00000002   PAD
    0x08005b40   0x08005b40   0x0000002a   Code   RO         2090    .text.timer_flag_get  gd32f4xx_timer.o
    0x08005b6a   0x08005b6a   0x00000002   PAD
    0x08005b6c   0x08005b6c   0x00000100   Code   RO         1962    .text.timer_init    gd32f4xx_timer.o
    0x08005c6c   0x08005c6c   0x000001aa   Code   RO         2050    .text.timer_input_capture_config  gd32f4xx_timer.o
    0x08005e16   0x08005e16   0x00000002   PAD
    0x08005e18   0x08005e18   0x00000014   Code   RO         2094    .text.timer_interrupt_enable  gd32f4xx_timer.o
    0x08005e2c   0x08005e2c   0x00000012   Code   RO         2100    .text.timer_interrupt_flag_clear  gd32f4xx_timer.o
    0x08005e3e   0x08005e3e   0x00000002   PAD
    0x08005e40   0x08005e40   0x0000003a   Code   RO         2098    .text.timer_interrupt_flag_get  gd32f4xx_timer.o
    0x08005e7a   0x08005e7a   0x00000002   PAD
    0x08005e7c   0x08005e7c   0x00000158   Code   RO         2195    .text.usart_baudrate_set  gd32f4xx_usart.o
    0x08005fd4   0x08005fd4   0x00000010   Code   RO         2227    .text.usart_data_receive  gd32f4xx_usart.o
    0x08005fe4   0x08005fe4   0x00000014   Code   RO         2225    .text.usart_data_transmit  gd32f4xx_usart.o
    0x08005ff8   0x08005ff8   0x0000011e   Code   RO         2193    .text.usart_deinit  gd32f4xx_usart.o
    0x08006116   0x08006116   0x00000002   PAD
    0x08006118   0x08006118   0x00000012   Code   RO         2205    .text.usart_disable  gd32f4xx_usart.o
    0x0800612a   0x0800612a   0x00000002   PAD
    0x0800612c   0x0800612c   0x0000002a   Code   RO         2287    .text.usart_dma_receive_config  gd32f4xx_usart.o
    0x08006156   0x08006156   0x00000002   PAD
    0x08006158   0x08006158   0x00000012   Code   RO         2203    .text.usart_enable  gd32f4xx_usart.o
    0x0800616a   0x0800616a   0x00000002   PAD
    0x0800616c   0x0800616c   0x0000003a   Code   RO         2291    .text.usart_flag_get  gd32f4xx_usart.o
    0x080061a6   0x080061a6   0x00000002   PAD
    0x080061a8   0x080061a8   0x0000002a   Code   RO         2279    .text.usart_hardware_flow_cts_config  gd32f4xx_usart.o
    0x080061d2   0x080061d2   0x00000002   PAD
    0x080061d4   0x080061d4   0x0000002a   Code   RO         2277    .text.usart_hardware_flow_rts_config  gd32f4xx_usart.o
    0x080061fe   0x080061fe   0x00000002   PAD
    0x08006200   0x08006200   0x00000024   Code   RO         2295    .text.usart_interrupt_enable  gd32f4xx_usart.o
    0x08006224   0x08006224   0x0000005e   Code   RO         2299    .text.usart_interrupt_flag_get  gd32f4xx_usart.o
    0x08006282   0x08006282   0x00000002   PAD
    0x08006284   0x08006284   0x0000001e   Code   RO         2197    .text.usart_parity_config  gd32f4xx_usart.o
    0x080062a2   0x080062a2   0x00000002   PAD
    0x080062a4   0x080062a4   0x00000022   Code   RO         2273    .text.usart_prescaler_config  gd32f4xx_usart.o
    0x080062c6   0x080062c6   0x00000002   PAD
    0x080062c8   0x080062c8   0x0000002a   Code   RO         2209    .text.usart_receive_config  gd32f4xx_usart.o
    0x080062f2   0x080062f2   0x00000002   PAD
    0x080062f4   0x080062f4   0x0000001e   Code   RO         2201    .text.usart_stop_bit_set  gd32f4xx_usart.o
    0x08006312   0x08006312   0x00000002   PAD
    0x08006314   0x08006314   0x0000002a   Code   RO         2207    .text.usart_transmit_config  gd32f4xx_usart.o
    0x0800633e   0x0800633e   0x00000002   PAD
    0x08006340   0x08006340   0x0000001e   Code   RO         2199    .text.usart_word_length_set  gd32f4xx_usart.o
    0x0800635e   0x0800635e   0x00000002   PAD
    0x08006360   0x08006360   0x00000048   Code   RO         2403    .text.uxListRemove  list.o
    0x080063a8   0x080063a8   0x0000002a   Code   RO          377    .text.vApplicationGetIdleTaskMemory  cmsis_os2.o
    0x080063d2   0x080063d2   0x00000002   PAD
    0x080063d4   0x080063d4   0x0000002a   Code   RO          379    .text.vApplicationGetTimerTaskMemory  cmsis_os2.o
    0x080063fe   0x080063fe   0x00000002   PAD
    0x08006400   0x08006400   0x0000001e   Code   RO            8    .text.vApplicationStackOverflowHook  main.o
    0x0800641e   0x0800641e   0x00000002   PAD
    0x08006420   0x08006420   0x0000002e   Code   RO         2395    .text.vListInitialise  list.o
    0x0800644e   0x0800644e   0x00000002   PAD
    0x08006450   0x08006450   0x0000000e   Code   RO         2397    .text.vListInitialiseItem  list.o
    0x0800645e   0x0800645e   0x00000002   PAD
    0x08006460   0x08006460   0x0000006a   Code   RO         2401    .text.vListInsert   list.o
    0x080064ca   0x080064ca   0x00000002   PAD
    0x080064cc   0x080064cc   0x00000014   Code   RO         2422    .text.vPortEnableVFP  port.o
    0x080064e0   0x080064e0   0x00000030   Code   RO         2428    .text.vPortEnterCritical  port.o
    0x08006510   0x08006510   0x00000026   Code   RO         2430    .text.vPortExitCritical  port.o
    0x08006536   0x08006536   0x00000002   PAD
    0x08006538   0x08006538   0x00000076   Code   RO         2450    .text.vPortFree     heap_4.o
    0x080065ae   0x080065ae   0x00000002   PAD
    0x080065b0   0x080065b0   0x00000044   Code   RO         2420    .text.vPortSetupTimerInterrupt  port.o
    0x080065f4   0x080065f4   0x00000064   Code   RO         2548    .text.vQueueWaitForMessageRestricted  queue.o
    0x08006658   0x08006658   0x00000024   Code   RO         2690    .text.vTaskInternalSetTimeOutState  tasks.o
    0x0800667c   0x0800667c   0x0000000e   Code   RO         2694    .text.vTaskMissedYield  tasks.o
    0x0800668a   0x0800668a   0x00000002   PAD
    0x0800668c   0x0800668c   0x00000026   Code   RO         2678    .text.vTaskPlaceOnEventList  tasks.o
    0x080066b2   0x080066b2   0x00000002   PAD
    0x080066b4   0x080066b4   0x00000060   Code   RO         2682    .text.vTaskPlaceOnEventListRestricted  tasks.o
    0x08006714   0x08006714   0x000000c4   Code   RO         2656    .text.vTaskStartScheduler  tasks.o
    0x080067d8   0x080067d8   0x00000010   Code   RO         2630    .text.vTaskSuspendAll  tasks.o
    0x080067e8   0x080067e8   0x00000104   Code   RO         2648    .text.vTaskSwitchContext  tasks.o
    0x080068ec   0x080068ec   0x00000054   Code   RO         2418    .text.xPortStartScheduler  port.o
    0x08006940   0x08006940   0x0000003c   Code   RO         2434    .text.xPortSysTickHandler  port.o
    0x0800697c   0x0800697c   0x0000006c   Code   RO         2478    .text.xQueueGenericCreateStatic  queue.o
    0x080069e8   0x080069e8   0x000000d0   Code   RO         2476    .text.xQueueGenericReset  queue.o
    0x08006ab8   0x08006ab8   0x00000152   Code   RO         2516    .text.xQueueReceive  queue.o
    0x08006c0a   0x08006c0a   0x00000002   PAD
    0x08006c0c   0x08006c0c   0x0000009a   Code   RO         2692    .text.xTaskCheckForTimeOut  tasks.o
    0x08006ca6   0x08006ca6   0x00000002   PAD
    0x08006ca8   0x08006ca8   0x000000a6   Code   RO         2620    .text.xTaskCreate   tasks.o
    0x08006d4e   0x08006d4e   0x00000002   PAD
    0x08006d50   0x08006d50   0x0000007a   Code   RO         2614    .text.xTaskCreateStatic  tasks.o
    0x08006dca   0x08006dca   0x00000002   PAD
    0x08006dcc   0x08006dcc   0x00000038   Code   RO         2708    .text.xTaskGetSchedulerState  tasks.o
    0x08006e04   0x08006e04   0x00000014   Code   RO         2664    .text.xTaskGetTickCount  tasks.o
    0x08006e18   0x08006e18   0x00000246   Code   RO         2662    .text.xTaskIncrementTick  tasks.o
    0x0800705e   0x0800705e   0x00000002   PAD
    0x08007060   0x08007060   0x0000017c   Code   RO         2684    .text.xTaskRemoveFromEventList  tasks.o
    0x080071dc   0x080071dc   0x0000020a   Code   RO         2634    .text.xTaskResumeAll  tasks.o
    0x080073e6   0x080073e6   0x00000002   PAD
    0x080073e8   0x080073e8   0x00000078   Code   RO         2768    .text.xTimerCreateTimerTask  timers.o
    0x08007460   0x08007460   0x00000020   Code   RO         2859    i.__0printf         mc_w.l(printfa.o)
    0x08007480   0x08007480   0x00000030   Code   RO         2918    i.__ARM_fpclassify  m_wm.l(fpclassify.o)
    0x080074b0   0x080074b0   0x00000008   Code   RO         2961    i.__aeabi_errno_addr  mc_w.l(errno.o)
    0x080074b8   0x080074b8   0x00000c60   Code   RO         2842    i.__hardfp_pow      m_wm.l(pow.o)
    0x08008118   0x08008118   0x000000f8   Code   RO         2920    i.__kernel_poly     m_wm.l(poly.o)
    0x08008210   0x08008210   0x00000030   Code   RO         2898    i.__mathlib_dbl_divzero  m_wm.l(dunder.o)
    0x08008240   0x08008240   0x00000014   Code   RO         2900    i.__mathlib_dbl_infnan2  m_wm.l(dunder.o)
    0x08008254   0x08008254   0x00000004   PAD
    0x08008258   0x08008258   0x00000020   Code   RO         2901    i.__mathlib_dbl_invalid  m_wm.l(dunder.o)
    0x08008278   0x08008278   0x00000020   Code   RO         2902    i.__mathlib_dbl_overflow  m_wm.l(dunder.o)
    0x08008298   0x08008298   0x00000020   Code   RO         2904    i.__mathlib_dbl_underflow  m_wm.l(dunder.o)
    0x080082b8   0x080082b8   0x0000000e   Code   RO         3027    i.__scatterload_copy  mc_w.l(handlers.o)
    0x080082c6   0x080082c6   0x00000002   Code   RO         3028    i.__scatterload_null  mc_w.l(handlers.o)
    0x080082c8   0x080082c8   0x0000000e   Code   RO         3029    i.__scatterload_zeroinit  mc_w.l(handlers.o)
    0x080082d6   0x080082d6   0x00000002   PAD
    0x080082d8   0x080082d8   0x0000000c   Code   RO         2963    i.__set_errno       mc_w.l(errno.o)
    0x080082e4   0x080082e4   0x00000184   Code   RO         2866    i._fp_digits        mc_w.l(printfa.o)
    0x08008468   0x08008468   0x000006dc   Code   RO         2867    i._printf_core      mc_w.l(printfa.o)
    0x08008b44   0x08008b44   0x00000024   Code   RO         2868    i._printf_post_padding  mc_w.l(printfa.o)
    0x08008b68   0x08008b68   0x0000002e   Code   RO         2869    i._printf_pre_padding  mc_w.l(printfa.o)
    0x08008b96   0x08008b96   0x00000018   Code   RO         2914    i.fabs              m_wm.l(fabs.o)
    0x08008bae   0x08008bae   0x0000006e   Code   RO         2925    i.sqrt              m_wm.l(sqrt.o)
    0x08008c1c   0x08008c1c   0x00000004   PAD
    0x08008c20   0x08008c20   0x00000088   Data   RO         2845    .constdata          m_wm.l(pow.o)
    0x08008ca8   0x08008ca8   0x00000008   Data   RO         2922    .constdata          m_wm.l(qnan.o)
    0x08008cb0   0x08008cb0   0x00000081   Data   RO         2992    .constdata          mc_w.l(ctype_o.o)
    0x08008d31   0x08008d31   0x00000003   PAD
    0x08008d34   0x08008d34   0x00000004   Data   RO         2993    .constdata          mc_w.l(ctype_o.o)
    0x08008d38   0x08008d38   0x0000002f   Data   RO           10    .rodata.str1.1      main.o
    0x08008d67   0x08008d67   0x00000152   Data   RO          178    .rodata.str1.1      454software.o
    0x08008eb9   0x08008eb9   0x00000005   Data   RO         2754    .rodata.str1.1      tasks.o
    0x08008ebe   0x08008ebe   0x00000008   Data   RO         2827    .rodata.str1.1      timers.o
    0x08008ec6   0x08008ec6   0x00000002   PAD
    0x08008ec8   0x08008ec8   0x00000004   Data   RO         2739    .rodata.uxTopUsedPriority  tasks.o
    0x08008ecc   0x08008ecc   0x00000020   Data   RO         3026    Region$$Table       anon$$obj.o


    Execution Region RW_IRAM1 (Exec base: 0x20000000, Load base: 0x08008ef0, Size: 0x0001ba70, Max: 0x00030000, ABSOLUTE)

    Exec Addr    Load Addr    Size         Type   Attr      Idx    E Section Name        Object

    0x20000000   0x08008ef0   0x00000004   Data   RW         2943    .data               mc_w.l(stdout.o)
    0x20000004   0x08008ef4   0x00000004   Data   RW         2964    .data               mc_w.l(errno.o)
    0x20000008   0x08008ef8   0x00000004   Data   RW         2348    .data.SystemCoreClock  system_gd32f4xx.o
    0x2000000c   0x08008efc   0x00000004   Data   RW         2436    .data.uxCriticalNesting  port.o
    0x20000010        -       0x00000006   Zero   RW          175    .bss.MOTOR_received_frame  454software.o
    0x20000016        -       0x0000000c   Zero   RW          176    .bss.adc_values_454  454software.o
    0x20000022   0x08008f00   0x00000002   PAD
    0x20000024        -       0x00000010   Zero   RW          179    .bss.motor_status   454software.o
    0x20000034        -       0x00000050   Zero   RW         2835    .bss.prvCheckForValidListAndQueue.ucStaticTimerQueueStorage  timers.o
    0x20000084        -       0x00000050   Zero   RW         2834    .bss.prvCheckForValidListAndQueue.xStaticTimerQueue  timers.o
    0x200000d4        -       0x00000004   Zero   RW         2831    .bss.prvSampleTimeNow.xLastTime  timers.o
    0x200000d8        -       0x00000024   Zero   RW          174    .bss.pwm_values     454software.o
    0x200000fc        -       0x00000004   Zero   RW         2738    .bss.pxCurrentTCB   tasks.o
    0x20000100        -       0x00000004   Zero   RW         2829    .bss.pxCurrentTimerList  timers.o
    0x20000104        -       0x00000004   Zero   RW         2746    .bss.pxDelayedTaskList  tasks.o
    0x20000108        -       0x00000004   Zero   RW         2462    .bss.pxEnd          heap_4.o
    0x2000010c        -       0x00000004   Zero   RW         2747    .bss.pxOverflowDelayedTaskList  tasks.o
    0x20000110        -       0x00000004   Zero   RW         2830    .bss.pxOverflowTimerList  timers.o
    0x20000114        -       0x00000460   Zero   RW         2749    .bss.pxReadyTasksLists  tasks.o
    0x20000574        -       0x00000018   Zero   RW          180    .bss.sensor_data    454software.o
    0x2000058c        -       0x00002000   Zero   RW         2468    .bss.ucHeap         heap_4.o
    0x2000258c        -       0x0000000c   Zero   RW          181    .bss.usart0_res     454software.o
    0x20002598        -       0x00000004   Zero   RW          173    .bss.usart0_res_length  454software.o
    0x2000259c        -       0x00000004   Zero   RW         2743    .bss.uxCurrentNumberOfTasks  tasks.o
    0x200025a0        -       0x00000004   Zero   RW         2742    .bss.uxDeletedTasksWaitingCleanUp  tasks.o
    0x200025a4        -       0x00000004   Zero   RW         2751    .bss.uxSchedulerSuspended  tasks.o
    0x200025a8        -       0x00000004   Zero   RW         2740    .bss.uxTaskNumber   tasks.o
    0x200025ac        -       0x00000004   Zero   RW         2750    .bss.uxTopReadyPriority  tasks.o
    0x200025b0        -       0x00000200   Zero   RW          386    .bss.vApplicationGetIdleTaskMemory.Idle_Stack  cmsis_os2.o
    0x200027b0        -       0x0000005c   Zero   RW          385    .bss.vApplicationGetIdleTaskMemory.Idle_TCB  cmsis_os2.o
    0x2000280c        -       0x00000140   Zero   RW          388    .bss.vApplicationGetTimerTaskMemory.Timer_Stack  cmsis_os2.o
    0x2000294c        -       0x0000005c   Zero   RW          387    .bss.vApplicationGetTimerTaskMemory.Timer_TCB  cmsis_os2.o
    0x200029a8        -       0x00000014   Zero   RW         2832    .bss.xActiveTimerList1  timers.o
    0x200029bc        -       0x00000014   Zero   RW         2833    .bss.xActiveTimerList2  timers.o
    0x200029d0        -       0x00000014   Zero   RW         2759    .bss.xDelayedTaskList1  tasks.o
    0x200029e4        -       0x00000014   Zero   RW         2760    .bss.xDelayedTaskList2  tasks.o
    0x200029f8        -       0x00000004   Zero   RW         2463    .bss.xFreeBytesRemaining  heap_4.o
    0x200029fc        -       0x00000004   Zero   RW         2755    .bss.xIdleTaskHandle  tasks.o
    0x20002a00        -       0x00000004   Zero   RW         2465    .bss.xMinimumEverFreeBytesRemaining  heap_4.o
    0x20002a04        -       0x00000004   Zero   RW         2756    .bss.xNextTaskUnblockTime  tasks.o
    0x20002a08        -       0x00000004   Zero   RW         2758    .bss.xNumOfOverflows  tasks.o
    0x20002a0c        -       0x00000004   Zero   RW         2466    .bss.xNumberOfSuccessfulAllocations  heap_4.o
    0x20002a10        -       0x00000004   Zero   RW         2467    .bss.xNumberOfSuccessfulFrees  heap_4.o
    0x20002a14        -       0x00000004   Zero   RW         2757    .bss.xPendedTicks   tasks.o
    0x20002a18        -       0x00000014   Zero   RW         2753    .bss.xPendingReadyList  tasks.o
    0x20002a2c        -       0x00000004   Zero   RW         2744    .bss.xSchedulerRunning  tasks.o
    0x20002a30        -       0x00000008   Zero   RW         2464    .bss.xStart         heap_4.o
    0x20002a38        -       0x00000014   Zero   RW         2748    .bss.xSuspendedTaskList  tasks.o
    0x20002a4c        -       0x00000014   Zero   RW         2741    .bss.xTasksWaitingTermination  tasks.o
    0x20002a60        -       0x00000004   Zero   RW         2745    .bss.xTickCount     tasks.o
    0x20002a64        -       0x00000004   Zero   RW         2826    .bss.xTimerQueue    timers.o
    0x20002a68        -       0x00000004   Zero   RW         2828    .bss.xTimerTaskHandle  timers.o
    0x20002a6c        -       0x00000004   Zero   RW         2752    .bss.xYieldPending  tasks.o
    0x20002a70        -       0x00019000   Zero   RW         2330    STACK               startup_gd32f450_470.o


==============================================================================

Image component sizes


      Code (inc. data)   RO Data    RW Data    ZI Data      Debug   Object Name

      8504        160        338          0        110      23271   454software.o
       114          0          0          0       1016      33282   cmsis_os2.o
      1110          0          0          0          0      10382   gd32f4xx_adc.o
      1686         64          0          0          0       8578   gd32f4xx_dma.o
       546          0          0          0          0       4947   gd32f4xx_gpio.o
       872          0          0          0          0      10083   gd32f4xx_i2c.o
       326          0          0          0          0       3015   gd32f4xx_misc.o
       546          4          0          0          0      15012   gd32f4xx_rcu.o
       426          0          0          0          0       8776   gd32f4xx_spi.o
      2670         32          0          0          0      17226   gd32f4xx_timer.o
      1224          0          0          0          0      11996   gd32f4xx_usart.o
       880          0          0          0       8220       4324   heap_4.o
       238          0          0          0          0       2240   list.o
       188          0         47          0          0       1230   main.o
       626         16          0          4          0       2761   port.o
      1106          0          0          0          0      14289   queue.o
        36          8        428          0     102400        880   startup_gd32f450_470.o
       590          0          0          4          0       2474   system_gd32f4xx.o
      3898          0          9          0       1280      23160   tasks.o
      1238         10          8          0        220      10466   timers.o

    ----------------------------------------------------------------------
     27096        294        864          8     113248     208392   Object Totals
         0          0         32          0          0          0   (incl. Generated)
       272          0          2          0          2          0   (incl. Padding)

    ----------------------------------------------------------------------

      Code (inc. data)   RO Data    RW Data    ZI Data      Debug   Library Member Name

       164         44          0          0          0        620   dunder.o
        24          0          0          0          0        124   fabs.o
        48          0          0          0          0        124   fpclassify.o
       248          0          0          0          0        152   poly.o
      3168        296        136          0          0        352   pow.o
         0          0          8          0          0          0   qnan.o
       110          0          0          0          0        148   sqrt.o
        28          0          0          0          0         68   _chval.o
       158          0          0          0          0         92   _strtoul.o
        26          0          0          0          0         80   atoi.o
         8          4        133          0          0         68   ctype_o.o
         0          0          0          0          0          0   entry.o
         0          0          0          0          0          0   entry10a.o
         0          0          0          0          0          0   entry11a.o
         8          4          0          0          0          0   entry2.o
         4          0          0          0          0          0   entry5.o
         0          0          0          0          0          0   entry7b.o
         0          0          0          0          0          0   entry8b.o
         8          4          0          0          0          0   entry9a.o
        20         10          0          4          0        136   errno.o
        30          0          0          0          0          0   handlers.o
        36          8          0          0          0         68   init.o
         0          0          0          0          0          0   iusefp.o
        30          0          0          0          0         68   llshl.o
        36          0          0          0          0         68   llsshr.o
        32          0          0          0          0         68   llushr.o
        36          0          0          0          0         68   memcpya.o
        36          0          0          0          0        108   memseta.o
      2258         90          0          0          0        452   printfa.o
         0          0          0          4          0          0   stdout.o
       112          0          0          0          0         88   strtol.o
        44          0          0          0          0         80   uidiv.o
        98          0          0          0          0         92   uldiv.o
        48          0          0          0          0         68   cdrcmple.o
        56          0          0          0          0         88   d2f.o
       334          0          0          0          0        148   dadd.o
        54          0          0          0          0         80   dcmplt.o
       222          0          0          0          0        100   ddiv.o
       186          0          0          0          0        176   depilogue.o
        48          0          0          0          0         68   dfixul.o
        34          0          0          0          0         76   dflti.o
       228          0          0          0          0         96   dmul.o
        46          0          0          0          0         80   dscalb.o
       162          0          0          0          0        100   dsqrt.o
        38          0          0          0          0         68   f2d.o
       110          0          0          0          0        168   fepilogue.o

    ----------------------------------------------------------------------
      8348        460        280          8          0       4440   Library Totals
        12          0          3          0          0          0   (incl. Padding)

    ----------------------------------------------------------------------

      Code (inc. data)   RO Data    RW Data    ZI Data      Debug   Library Name

      3762        340        144          0          0       1520   m_wm.l
      3008        120        133          8          0       1604   mc_w.l
      1566          0          0          0          0       1316   mf_w.l

    ----------------------------------------------------------------------
      8348        460        280          8          0       4440   Library Totals

    ----------------------------------------------------------------------

==============================================================================


      Code (inc. data)   RO Data    RW Data    ZI Data      Debug   

     35444        754       1144         16     113248     210268   Grand Totals
     35444        754       1144         16     113248     210268   ELF Image Totals
     35444        754       1144         16          0          0   ROM Totals

==============================================================================

    Total RO  Size (Code + RO Data)                36588 (  35.73kB)
    Total RW  Size (RW Data + ZI Data)            113264 ( 110.61kB)
    Total ROM Size (Code + RO Data + RW Data)      36604 (  35.75kB)

==============================================================================

